<html>
<body>
<pre>
<h1>µVision Build Log</h1>
<h2>Tool Versions:</h2>
IDE-Version: ¦ÌVision V5.16.0.0
Copyright (C) 2015 ARM Ltd and ARM Germany GmbH. All rights reserved.
License Information: Yolo Redal, NPU, LIC=GUURY-IKB0B-G9XGU-SGR2H-LX2RI-K1U5B
 
Tool Versions:
Toolchain:       DK-ARM Developers Kit  Version: 5.16.0.0
Toolchain Path:  E:\DataAPPs\Dianlu Design\Keil\ARM\ARMCC\Bin
C Compiler:      Armcc.exe V5.06 (build 20)
Assembler:       Armasm.exe V5.06 (build 20)
Linker/Locator:  ArmLink.exe V5.06 (build 20)
Library Manager: ArmAr.exe V5.06 (build 20)
Hex Converter:   FromElf.exe V5.06 (build 20)
CPU DLL:         SARMCM3.DLL V5.16.0.0
Dialog DLL:      DCM.DLL V1.13.2.0
Target DLL:      STLink\ST-LINKIII-KEIL_SWO.dll V2.0.17.0
Dialog DLL:      TCM.DLL V1.14.5.0
 
<h2>Project:</h2>
E:\DataAPPs\VScode\work_cutoff_distortion\src\EXP3_Now\MDK-ARM\Task3_f407ZG.uvprojx
Project File Date:  06/05/2025

<h2>Output:</h2>
*** Using Compiler 'V5.06 (build 20)', folder: 'E:\DataAPPs\Dianlu Design\Keil\ARM\ARMCC\Bin'
Build target 'Task3_f407ZG'
compiling main.c...
linking...
Program Size: Code=10536 RO-data=448 RW-data=68 ZI-data=1524  
FromELF: creating hex file...
"Task3_f407ZG\Task3_f407ZG.axf" - 0 Error(s), 0 Warning(s).

<h2>Software Packages used:</h2>

Package Vendor: ARM
                http://www.keil.com/pack/ARM.CMSIS.4.3.0.pack
                ARM::CMSIS:CORE:4.1.0
                CMSIS (Cortex Microcontroller Software Interface Standard)
   * Component: CORE Version: 4.1.0

<h2>Collection of Component include folders:</h2>
  E:\DataAPPs\VScode\work_cutoff_distortion\src\EXP3_Now\MDK-ARM\RTE
  E:\DataAPPs\Dianlu Design\Keil\ARM\PACK\ARM\CMSIS\4.3.0\CMSIS\Include
  E:\DataAPPs\Dianlu Design\Keil\ARM\PACK\Keil\STM32F4xx_DFP\2.11.0\Drivers\CMSIS\Device\ST\STM32F4xx\Include

<h2>Collection of Component Files used:</h2>

   * Component: ARM::CMSIS:CORE:4.1.0
Build Time Elapsed:  00:00:06
</pre>
</body>
</html>
