Component: Arm Compiler for Embedded 6.21 Tool: armlink [5ec1fa00]

==============================================================================

Section Cross References

    startup_stm32f407xx.o(RESET) refers to startup_stm32f407xx.o(STACK) for __initial_sp
    startup_stm32f407xx.o(RESET) refers to startup_stm32f407xx.o(.text) for Reset_Handler
    startup_stm32f407xx.o(RESET) refers to stm32f4xx_it.o(.text.NMI_Handler) for NMI_Handler
    startup_stm32f407xx.o(RESET) refers to stm32f4xx_it.o(.text.HardFault_Handler) for HardFault_Handler
    startup_stm32f407xx.o(RESET) refers to stm32f4xx_it.o(.text.MemManage_Handler) for MemManage_Handler
    startup_stm32f407xx.o(RESET) refers to stm32f4xx_it.o(.text.BusFault_Handler) for BusFault_Handler
    startup_stm32f407xx.o(RESET) refers to stm32f4xx_it.o(.text.UsageFault_Handler) for UsageFault_Handler
    startup_stm32f407xx.o(RESET) refers to stm32f4xx_it.o(.text.SVC_Handler) for SVC_Handler
    startup_stm32f407xx.o(RESET) refers to stm32f4xx_it.o(.text.DebugMon_Handler) for DebugMon_Handler
    startup_stm32f407xx.o(RESET) refers to stm32f4xx_it.o(.text.PendSV_Handler) for PendSV_Handler
    startup_stm32f407xx.o(RESET) refers to stm32f4xx_it.o(.text.SysTick_Handler) for SysTick_Handler
    startup_stm32f407xx.o(RESET) refers to stm32f4xx_it.o(.text.ADC_IRQHandler) for ADC_IRQHandler
    startup_stm32f407xx.o(RESET) refers to stm32f4xx_it.o(.text.USART1_IRQHandler) for USART1_IRQHandler
    startup_stm32f407xx.o(RESET) refers to stm32f4xx_it.o(.text.TIM8_UP_TIM13_IRQHandler) for TIM8_UP_TIM13_IRQHandler
    startup_stm32f407xx.o(RESET) refers to stm32f4xx_it.o(.text.TIM8_TRG_COM_TIM14_IRQHandler) for TIM8_TRG_COM_TIM14_IRQHandler
    startup_stm32f407xx.o(RESET) refers to stm32f4xx_it.o(.text.USART6_IRQHandler) for USART6_IRQHandler
    startup_stm32f407xx.o(.text) refers to system_stm32f4xx.o(.text.SystemInit) for SystemInit
    startup_stm32f407xx.o(.text) refers to entry.o(.ARM.Collect$$$$00000000) for __main
    main.o(.text.main) refers to stm32f4xx_hal.o(.text.HAL_Init) for HAL_Init
    main.o(.text.main) refers to main.o(.text.SystemClock_Config) for SystemClock_Config
    main.o(.text.main) refers to gpio.o(.text.MX_GPIO_Init) for MX_GPIO_Init
    main.o(.text.main) refers to adc.o(.text.MX_ADC1_Init) for MX_ADC1_Init
    main.o(.text.main) refers to dac.o(.text.MX_DAC_Init) for MX_DAC_Init
    main.o(.text.main) refers to rtc.o(.text.MX_RTC_Init) for MX_RTC_Init
    main.o(.text.main) refers to tim.o(.text.MX_TIM13_Init) for MX_TIM13_Init
    main.o(.text.main) refers to tim.o(.text.MX_TIM14_Init) for MX_TIM14_Init
    main.o(.text.main) refers to usart.o(.text.MX_USART1_UART_Init) for MX_USART1_UART_Init
    main.o(.text.main) refers to usart.o(.text.MX_USART6_UART_Init) for MX_USART6_UART_Init
    main.o(.text.main) refers to main.o(.text.bsp_Init) for bsp_Init
    main.o(.text.main) refers to main.o(.text.app_Init) for app_Init
    main.o(.text.main) refers to delay.o(.text.HAL_Delay_ms) for HAL_Delay_ms
    main.o(.text.main) refers to poweruartscreen.o(.text.transmitVoltage) for transmitVoltage
    main.o(.text.main) refers to poweruartscreen.o(.text.transmitCurrentByMCU) for transmitCurrentByMCU
    main.o(.ARM.exidx.text.main) refers to main.o(.text.main) for [Anonymous Symbol]
    main.o(.text.SystemClock_Config) refers to memseta.o(.text) for __aeabi_memclr4
    main.o(.text.SystemClock_Config) refers to stm32f4xx_hal_rcc.o(.text.HAL_RCC_OscConfig) for HAL_RCC_OscConfig
    main.o(.text.SystemClock_Config) refers to stm32f4xx_hal_rcc.o(.text.HAL_RCC_ClockConfig) for HAL_RCC_ClockConfig
    main.o(.ARM.exidx.text.SystemClock_Config) refers to main.o(.text.SystemClock_Config) for [Anonymous Symbol]
    main.o(.text.bsp_Init) refers to delay.o(.text.HAL_Delay_us_init) for HAL_Delay_us_init
    main.o(.text.bsp_Init) refers to delay.o(.text.HAL_Delay_ms) for HAL_Delay_ms
    main.o(.text.bsp_Init) refers to rtcclock..o(.text.rtcClockInit) for rtcClockInit
    main.o(.text.bsp_Init) refers to touch.o(.text.initTouch) for initTouch
    main.o(.text.bsp_Init) refers to xl1509.o(.text.XL1509_Init) for XL1509_Init
    main.o(.ARM.exidx.text.bsp_Init) refers to main.o(.text.bsp_Init) for [Anonymous Symbol]
    main.o(.text.app_Init) refers to key.o(.text.my_key_init) for my_key_init
    main.o(.text.app_Init) refers to stm32f4xx_hal_tim.o(.text.HAL_TIM_Base_Start_IT) for HAL_TIM_Base_Start_IT
    main.o(.text.app_Init) refers to xl1509.o(.text.XL1509_SetVoltage) for XL1509_SetVoltage
    main.o(.text.app_Init) refers to stm32f4xx_hal_gpio.o(.text.HAL_GPIO_WritePin) for HAL_GPIO_WritePin
    main.o(.text.app_Init) refers to xl1509.o(.text.getVoltage) for getVoltage
    main.o(.text.app_Init) refers to poweruartscreen.o(.text.transmitONOFF) for transmitONOFF
    main.o(.text.app_Init) refers to tim.o(.bss.htim13) for htim13
    main.o(.text.app_Init) refers to tim.o(.bss.htim14) for htim14
[...]
    [Anonymous Symbol]                       0x0800253a   Section        0  stm32f4xx_hal_uart.o(.text.OUTLINED_FUNCTION_1)
    OUTLINED_FUNCTION_1                      0x0800254f   Thumb Code    10  key.o(.text.OUTLINED_FUNCTION_1)
    [Anonymous Symbol]                       0x0800254e   Section        0  key.o(.text.OUTLINED_FUNCTION_1)
    OUTLINED_FUNCTION_1                      0x08002559   Thumb Code     8  xl1509.o(.text.OUTLINED_FUNCTION_1)
    [Anonymous Symbol]                       0x08002558   Section        0  xl1509.o(.text.OUTLINED_FUNCTION_1)
    OUTLINED_FUNCTION_10                     0x08002561   Thumb Code    10  stm32f4xx_hal_tim.o(.text.OUTLINED_FUNCTION_10)
    [Anonymous Symbol]                       0x08002560   Section        0  stm32f4xx_hal_tim.o(.text.OUTLINED_FUNCTION_10)
    OUTLINED_FUNCTION_10                     0x0800256b   Thumb Code    20  stm32f4xx_hal_uart.o(.text.OUTLINED_FUNCTION_10)
    [Anonymous Symbol]                       0x0800256a   Section        0  stm32f4xx_hal_uart.o(.text.OUTLINED_FUNCTION_10)
    OUTLINED_FUNCTION_11                     0x0800257f   Thumb Code    20  stm32f4xx_hal_uart.o(.text.OUTLINED_FUNCTION_11)
    [Anonymous Symbol]                       0x0800257e   Section        0  stm32f4xx_hal_uart.o(.text.OUTLINED_FUNCTION_11)
    OUTLINED_FUNCTION_12                     0x08002593   Thumb Code    10  stm32f4xx_hal_tim.o(.text.OUTLINED_FUNCTION_12)
    [Anonymous Symbol]                       0x08002592   Section        0  stm32f4xx_hal_tim.o(.text.OUTLINED_FUNCTION_12)
    OUTLINED_FUNCTION_15                     0x0800259d   Thumb Code     8  stm32f4xx_hal_uart.o(.text.OUTLINED_FUNCTION_15)
    [Anonymous Symbol]                       0x0800259c   Section        0  stm32f4xx_hal_uart.o(.text.OUTLINED_FUNCTION_15)
    OUTLINED_FUNCTION_16                     0x080025a5   Thumb Code     8  stm32f4xx_hal_uart.o(.text.OUTLINED_FUNCTION_16)
    [Anonymous Symbol]                       0x080025a4   Section        0  stm32f4xx_hal_uart.o(.text.OUTLINED_FUNCTION_16)
    OUTLINED_FUNCTION_19                     0x080025ad   Thumb Code    10  stm32f4xx_hal_uart.o(.text.OUTLINED_FUNCTION_19)
    [Anonymous Symbol]                       0x080025ac   Section        0  stm32f4xx_hal_uart.o(.text.OUTLINED_FUNCTION_19)
    OUTLINED_FUNCTION_2                      0x080025b7   Thumb Code    18  stm32f4xx_hal_adc.o(.text.OUTLINED_FUNCTION_2)
    [Anonymous Symbol]                       0x080025b6   Section        0  stm32f4xx_hal_adc.o(.text.OUTLINED_FUNCTION_2)
    OUTLINED_FUNCTION_2                      0x080025c9   Thumb Code    10  stm32f4xx_hal_rcc.o(.text.OUTLINED_FUNCTION_2)
    [Anonymous Symbol]                       0x080025c8   Section        0  stm32f4xx_hal_rcc.o(.text.OUTLINED_FUNCTION_2)
    OUTLINED_FUNCTION_2                      0x080025d3   Thumb Code    20  stm32f4xx_hal_uart.o(.text.OUTLINED_FUNCTION_2)
    [Anonymous Symbol]                       0x080025d2   Section        0  stm32f4xx_hal_uart.o(.text.OUTLINED_FUNCTION_2)
    OUTLINED_FUNCTION_2                      0x080025e7   Thumb Code    10  key.o(.text.OUTLINED_FUNCTION_2)
    [Anonymous Symbol]                       0x080025e6   Section        0  key.o(.text.OUTLINED_FUNCTION_2)
    OUTLINED_FUNCTION_20                     0x080025f1   Thumb Code     8  stm32f4xx_hal_uart.o(.text.OUTLINED_FUNCTION_20)
    [Anonymous Symbol]                       0x080025f0   Section        0  stm32f4xx_hal_uart.o(.text.OUTLINED_FUNCTION_20)
    OUTLINED_FUNCTION_27                     0x080025f9   Thumb Code    10  stm32f4xx_hal_tim.o(.text.OUTLINED_FUNCTION_27)
    [Anonymous Symbol]                       0x080025f8   Section        0  stm32f4xx_hal_tim.o(.text.OUTLINED_FUNCTION_27)
    OUTLINED_FUNCTION_3                      0x08002603   Thumb Code    14  stm32f4xx_hal_adc.o(.text.OUTLINED_FUNCTION_3)
    [Anonymous Symbol]                       0x08002602   Section        0  stm32f4xx_hal_adc.o(.text.OUTLINED_FUNCTION_3)
    OUTLINED_FUNCTION_32                     0x08002611   Thumb Code    20  stm32f4xx_hal_tim.o(.text.OUTLINED_FUNCTION_32)
    [Anonymous Symbol]                       0x08002610   Section        0  stm32f4xx_hal_tim.o(.text.OUTLINED_FUNCTION_32)
    OUTLINED_FUNCTION_4                      0x08002625   Thumb Code    10  stm32f4xx_hal_adc.o(.text.OUTLINED_FUNCTION_4)
    [Anonymous Symbol]                       0x08002624   Section        0  stm32f4xx_hal_adc.o(.text.OUTLINED_FUNCTION_4)
    OUTLINED_FUNCTION_4                      0x0800262f   Thumb Code     8  stm32f4xx_hal_rtc.o(.text.OUTLINED_FUNCTION_4)
    [Anonymous Symbol]                       0x0800262e   Section        0  stm32f4xx_hal_rtc.o(.text.OUTLINED_FUNCTION_4)
    OUTLINED_FUNCTION_4                      0x08002637   Thumb Code    22  stm32f4xx_hal_uart.o(.text.OUTLINED_FUNCTION_4)
    [Anonymous Symbol]                       0x08002636   Section        0  stm32f4xx_hal_uart.o(.text.OUTLINED_FUNCTION_4)
    OUTLINED_FUNCTION_46                     0x0800264d   Thumb Code    10  stm32f4xx_hal_tim.o(.text.OUTLINED_FUNCTION_46)
    [Anonymous Symbol]                       0x0800264c   Section        0  stm32f4xx_hal_tim.o(.text.OUTLINED_FUNCTION_46)
    OUTLINED_FUNCTION_5                      0x08002657   Thumb Code    14  stm32f4xx_hal_adc.o(.text.OUTLINED_FUNCTION_5)
    [Anonymous Symbol]                       0x08002656   Section        0  stm32f4xx_hal_adc.o(.text.OUTLINED_FUNCTION_5)
    OUTLINED_FUNCTION_5                      0x08002665   Thumb Code     8  stm32f4xx_hal_uart.o(.text.OUTLINED_FUNCTION_5)
    [Anonymous Symbol]                       0x08002664   Section        0  stm32f4xx_hal_uart.o(.text.OUTLINED_FUNCTION_5)
    OUTLINED_FUNCTION_50                     0x0800266d   Thumb Code     6  stm32f4xx_hal_tim.o(.text.OUTLINED_FUNCTION_50)
    [Anonymous Symbol]                       0x0800266c   Section        0  stm32f4xx_hal_tim.o(.text.OUTLINED_FUNCTION_50)
    OUTLINED_FUNCTION_6                      0x08002673   Thumb Code    12  stm32f4xx_hal_uart.o(.text.OUTLINED_FUNCTION_6)
    [Anonymous Symbol]                       0x08002672   Section        0  stm32f4xx_hal_uart.o(.text.OUTLINED_FUNCTION_6)
    OUTLINED_FUNCTION_7                      0x0800267f   Thumb Code    14  stm32f4xx_hal_tim.o(.text.OUTLINED_FUNCTION_7)
    [Anonymous Symbol]                       0x0800267e   Section        0  stm32f4xx_hal_tim.o(.text.OUTLINED_FUNCTION_7)
    OUTLINED_FUNCTION_7                      0x0800268d   Thumb Code    26  stm32f4xx_hal_uart.o(.text.OUTLINED_FUNCTION_7)
    [Anonymous Symbol]                       0x0800268c   Section        0  stm32f4xx_hal_uart.o(.text.OUTLINED_FUNCTION_7)
    [Anonymous Symbol]                       0x080026a6   Section        0  stm32f4xx_it.o(.text.PendSV_Handler)
    [Anonymous Symbol]                       0x080026a8   Section        0  stm32f4xx_hal_rtc.o(.text.RTC_EnterInitMode)
    [Anonymous Symbol]                       0x080026f6   Section        0  stm32f4xx_hal_rtc.o(.text.RTC_ExitInitMode)
    [Anonymous Symbol]                       0x0800271e   Section        0  stm32f4xx_it.o(.text.SVC_Handler)
    [Anonymous Symbol]                       0x08002720   Section        0  stm32f4xx_it.o(.text.SysTick_Handler)
    [Anonymous Symbol]                       0x08002724   Section        0  main.o(.text.SystemClock_Config)
    __arm_cp.1_0                             0x080027c0   Number         4  main.o(.text.SystemClock_Config)
    __arm_cp.1_1                             0x080027c4   Number         4  main.o(.text.SystemClock_Config)
    [Anonymous Symbol]                       0x080027c8   Section        0  system_stm32f4xx.o(.text.SystemInit)
    __arm_cp.0_0                             0x080027d4   Number         4  system_stm32f4xx.o(.text.SystemInit)
    [Anonymous Symbol]                       0x080027d8   Section        0  stm32f4xx_it.o(.text.TIM8_TRG_COM_TIM14_IRQHandler)
    __arm_cp.12_0                            0x080027e0   Number         4  stm32f4xx_it.o(.text.TIM8_TRG_COM_TIM14_IRQHandler)
    [Anonymous Symbol]                       0x080027e4   Section        0  stm32f4xx_it.o(.text.TIM8_UP_TIM13_IRQHandler)
    __arm_cp.11_0                            0x080027ec   Number         4  stm32f4xx_it.o(.text.TIM8_UP_TIM13_IRQHandler)
    [Anonymous Symbol]                       0x080027f0   Section        0  stm32f4xx_hal_tim.o(.text.TIM_Base_SetConfig)
    __arm_cp.2_0                             0x0800289c   Number         4  stm32f4xx_hal_tim.o(.text.TIM_Base_SetConfig)
    __arm_cp.2_1                             0x080028a0   Number         4  stm32f4xx_hal_tim.o(.text.TIM_Base_SetConfig)
    __arm_cp.2_2                             0x080028a4   Number         4  stm32f4xx_hal_tim.o(.text.TIM_Base_SetConfig)
    __arm_cp.2_3                             0x080028a8   Number         4  stm32f4xx_hal_tim.o(.text.TIM_Base_SetConfig)
    __arm_cp.2_4                             0x080028ac   Number         4  stm32f4xx_hal_tim.o(.text.TIM_Base_SetConfig)
    __arm_cp.2_5                             0x080028b0   Number         4  stm32f4xx_hal_tim.o(.text.TIM_Base_SetConfig)
    __arm_cp.2_6                             0x080028b4   Number         4  stm32f4xx_hal_tim.o(.text.TIM_Base_SetConfig)
    __arm_cp.2_7                             0x080028b8   Number         4  stm32f4xx_hal_tim.o(.text.TIM_Base_SetConfig)
    __arm_cp.2_8                             0x080028bc   Number         4  stm32f4xx_hal_tim.o(.text.TIM_Base_SetConfig)
    __arm_cp.2_9                             0x080028c0   Number         4  stm32f4xx_hal_tim.o(.text.TIM_Base_SetConfig)
    __arm_cp.2_10                            0x080028c4   Number         4  stm32f4xx_hal_tim.o(.text.TIM_Base_SetConfig)
    UART_DMAAbortOnError                     0x080028c9   Thumb Code    12  stm32f4xx_hal_uart.o(.text.UART_DMAAbortOnError)
    [Anonymous Symbol]                       0x080028c8   Section        0  stm32f4xx_hal_uart.o(.text.UART_DMAAbortOnError)
    UART_EndRxTransfer                       0x080028d5   Thumb Code    66  stm32f4xx_hal_uart.o(.text.UART_EndRxTransfer)
    [Anonymous Symbol]                       0x080028d4   Section        0  stm32f4xx_hal_uart.o(.text.UART_EndRxTransfer)
    UART_Receive_IT                          0x08002917   Thumb Code   180  stm32f4xx_hal_uart.o(.text.UART_Receive_IT)
    [Anonymous Symbol]                       0x08002916   Section        0  stm32f4xx_hal_uart.o(.text.UART_Receive_IT)
    UART_SetConfig                           0x080029cd   Thumb Code   192  stm32f4xx_hal_uart.o(.text.UART_SetConfig)
    [Anonymous Symbol]                       0x080029cc   Section        0  stm32f4xx_hal_uart.o(.text.UART_SetConfig)
    __arm_cp.2_0                             0x08002a8c   Number         4  stm32f4xx_hal_uart.o(.text.UART_SetConfig)
    __arm_cp.2_1                             0x08002a90   Number         4  stm32f4xx_hal_uart.o(.text.UART_SetConfig)
    [Anonymous Symbol]                       0x08002a94   Section        0  stm32f4xx_hal_uart.o(.text.UART_Start_Receive_IT)
    UART_WaitOnFlagUntilTimeout              0x08002acb   Thumb Code    90  stm32f4xx_hal_uart.o(.text.UART_WaitOnFlagUntilTimeout)
    [Anonymous Symbol]                       0x08002aca   Section        0  stm32f4xx_hal_uart.o(.text.UART_WaitOnFlagUntilTimeout)
    [Anonymous Symbol]                       0x08002b24   Section        0  stm32f4xx_it.o(.text.USART1_IRQHandler)
    [Anonymous Symbol]                       0x08002b2c   Section        0  stm32f4xx_it.o(.text.USART6_IRQHandler)
    [Anonymous Symbol]                       0x08002b34   Section        0  stm32f4xx_it.o(.text.UsageFault_Handler)
    [Anonymous Symbol]                       0x08002b38   Section        0  uartscreen.o(.text.VGUS_WriteData)
    __arm_cp.1_0                             0x08002b74   Number         4  uartscreen.o(.text.VGUS_WriteData)
    [Anonymous Symbol]                       0x08002b78   Section        0  xl1509.o(.text.XL1509_Init)
    [Anonymous Symbol]                       0x08002b80   Section        0  xl1509.o(.text.XL1509_SetVoltage)
    __arm_cp.1_1                             0x08002b9c   Number         4  xl1509.o(.text.XL1509_SetVoltage)
    [Anonymous Symbol]                       0x08002ba0   Section        0  main.o(.text.app_Init)
    __arm_cp.3_0                             0x08002bd8   Number         4  main.o(.text.app_Init)
    __arm_cp.3_1                             0x08002bdc   Number         4  main.o(.text.app_Init)
    [Anonymous Symbol]                       0x08002be0   Section        0  main.o(.text.bsp_Init)
    [Anonymous Symbol]                       0x08002c00   Section        0  usart.o(.text.fputc)
    __arm_cp.1_0                             0x08002c10   Number         4  usart.o(.text.fputc)
    [Anonymous Symbol]                       0x08002c18   Section        0  xl1509.o(.text.function)
    [Anonymous Symbol]                       0x08002d00   Section        0  xl1509.o(.text.getOnOff)
    [Anonymous Symbol]                       0x08002d14   Section        0  touch.o(.text.getScreenValue)
    [Anonymous Symbol]                       0x08002d24   Section        0  xl1509.o(.text.getVoltage)
    __arm_cp.4_0                             0x08002d2c   Number         4  xl1509.o(.text.getVoltage)
    [Anonymous Symbol]                       0x08002d30   Section        0  main.o(.text.handoutScreenValue)
    __arm_cp.5_0                             0x08002d84   Number         4  main.o(.text.handoutScreenValue)
    __arm_cp.5_1                             0x08002d88   Number         4  main.o(.text.handoutScreenValue)
    [Anonymous Symbol]                       0x08002d8c   Section        0  touch.o(.text.handout_data)
    [Anonymous Symbol]                       0x08002da4   Section        0  touch.o(.text.initTouch)
    __arm_cp.0_0                             0x08002dc4   Number         4  touch.o(.text.initTouch)
    __arm_cp.0_1                             0x08002dc8   Number         4  touch.o(.text.initTouch)
    __arm_cp.0_2                             0x08002dcc   Number         4  touch.o(.text.initTouch)
    [Anonymous Symbol]                       0x08002dd0   Section        0  key.o(.text.key0_double_click_callback)
    [Anonymous Symbol]                       0x08002dd2   Section        0  key.o(.text.key0_long_long_press_callback)
    [Anonymous Symbol]                       0x08002dd4   Section        0  key.o(.text.key0_long_long_release_callback)
    [Anonymous Symbol]                       0x08002dd6   Section        0  key.o(.text.key0_long_press_callback)
    [Anonymous Symbol]                       0x08002dd8   Section        0  key.o(.text.key0_long_release_callback)
    [Anonymous Symbol]                       0x08002dda   Section        0  key.o(.text.key0_short_long_press_callback)
    [Anonymous Symbol]                       0x08002ddc   Section        0  key.o(.text.key0_short_long_release_callback)
    [Anonymous Symbol]                       0x08002dde   Section        0  key.o(.text.key0_single_click_callback)
    [Anonymous Symbol]                       0x08002de0   Section        0  key.o(.text.key1_double_click_callback)
    [Anonymous Symbol]                       0x08002de2   Section        0  key.o(.text.key1_long_long_press_callback)
    [Anonymous Symbol]                       0x08002de4   Section        0  key.o(.text.key1_long_long_release_callback)
    [Anonymous Symbol]                       0x08002de6   Section        0  key.o(.text.key1_long_press_callback)
    [Anonymous Symbol]                       0x08002de8   Section        0  key.o(.text.key1_long_release_callback)
    [Anonymous Symbol]                       0x08002dea   Section        0  key.o(.text.key1_short_long_press_callback)
    [Anonymous Symbol]                       0x08002dec   Section        0  key.o(.text.key1_short_long_release_callback)
    [Anonymous Symbol]                       0x08002dee   Section        0  key.o(.text.key1_single_click_callback)
    [Anonymous Symbol]                       0x08002df0   Section        0  main.o(.text.main)
    [Anonymous Symbol]                       0x08002e38   Section        0  key.o(.text.my_key_init)
    __arm_cp.18_1                            0x08002e9c   Number         4  key.o(.text.my_key_init)
    __arm_cp.18_2                            0x08002ea0   Number         4  key.o(.text.my_key_init)
    __arm_cp.18_3                            0x08002ea4   Number         4  key.o(.text.my_key_init)
    __arm_cp.18_4                            0x08002ea8   Number         4  key.o(.text.my_key_init)
    __arm_cp.18_5                            0x08002eac   Number         4  key.o(.text.my_key_init)
    __arm_cp.18_6                            0x08002eb0   Number         4  key.o(.text.my_key_init)
    __arm_cp.18_7                            0x08002eb4   Number         4  key.o(.text.my_key_init)
    __arm_cp.18_8                            0x08002eb8   Number         4  key.o(.text.my_key_init)
    __arm_cp.18_9                            0x08002ebc   Number         4  key.o(.text.my_key_init)
    __arm_cp.18_10                           0x08002ec0   Number         4  key.o(.text.my_key_init)
    __arm_cp.18_11                           0x08002ec4   Number         4  key.o(.text.my_key_init)
    __arm_cp.18_12                           0x08002ec8   Number         4  key.o(.text.my_key_init)
    __arm_cp.18_13                           0x08002ecc   Number         4  key.o(.text.my_key_init)
    __arm_cp.18_14                           0x08002ed0   Number         4  key.o(.text.my_key_init)
    __arm_cp.18_15                           0x08002ed4   Number         4  key.o(.text.my_key_init)
    __arm_cp.18_16                           0x08002ed8   Number         4  key.o(.text.my_key_init)
    __arm_cp.18_17                           0x08002edc   Number         4  key.o(.text.my_key_init)
    __arm_cp.18_18                           0x08002ee0   Number         4  key.o(.text.my_key_init)
    [Anonymous Symbol]                       0x08002ee4   Section        0  key.o(.text.my_key_scan)
    __arm_cp.19_0                            0x0800308c   Number         4  key.o(.text.my_key_scan)
    [Anonymous Symbol]                       0x08003090   Section        0  main.o(.text.oneSecondSendCurrent)
    __arm_cp.6_0                             0x080030bc   Number         4  main.o(.text.oneSecondSendCurrent)
    [Anonymous Symbol]                       0x080030d0   Section        0  current.o(.text.partition)
    [Anonymous Symbol]                       0x08003154   Section        0  current.o(.text.quickSort)
    [Anonymous Symbol]                       0x0800317c   Section        0  key.o(.text.read_key1)
    [Anonymous Symbol]                       0x08003190   Section        0  key.o(.text.read_key2)
    __arm_cp.1_0                             0x080031a4   Number         4  key.o(.text.read_key2)
    [Anonymous Symbol]                       0x080031a8   Section        0  current.o(.text.returnCurrent)
    __arm_cp.1_0                             0x08003230   Number         4  current.o(.text.returnCurrent)
    [Anonymous Symbol]                       0x08003238   Section        0  rtcclock..o(.text.rtcClockInit)
    __arm_cp.2_1                             0x0800324c   Number         4  rtcclock..o(.text.rtcClockInit)
    [Anonymous Symbol]                       0x08003250   Section        0  rtcclock..o(.text.setDateTime)
    __arm_cp.0_0                             0x08003270   Number         4  rtcclock..o(.text.setDateTime)
    __arm_cp.0_1                             0x08003274   Number         4  rtcclock..o(.text.setDateTime)
    [Anonymous Symbol]                       0x08003278   Section        0  current.o(.text.smooth_filter)
    __arm_cp.5_1                             0x08003338   Number         4  current.o(.text.smooth_filter)
    [Anonymous Symbol]                       0x0800333c   Section        0  current.o(.text.startGetCurrent)
    __arm_cp.0_0                             0x08003354   Number         4  current.o(.text.startGetCurrent)
    [Anonymous Symbol]                       0x08003358   Section        0  poweruartscreen.o(.text.transmitCurrentByMCU)
    [Anonymous Symbol]                       0x08003388   Section        0  poweruartscreen.o(.text.transmitONOFF)
    [Anonymous Symbol]                       0x080033cc   Section        0  poweruartscreen.o(.text.transmitVoltage)
    [Anonymous Symbol]                       0x080033e8   Section        0  xl1509.o(.text.xiaoqingqing_function)
    i.__0printf$1                            0x08003440   Section        0  printf1.o(i.__0printf$1)
    i.__scatterload_copy                     0x08003460   Section       14  handlers.o(i.__scatterload_copy)
    i.__scatterload_null                     0x0800346e   Section        2  handlers.o(i.__scatterload_null)
    i.__scatterload_zeroinit                 0x08003470   Section       14  handlers.o(i.__scatterload_zeroinit)
    _printf_core                             0x08003481   Thumb Code   336  printf1.o(i._printf_core)
    i._printf_core                           0x08003480   Section        0  printf1.o(i._printf_core)
    [Anonymous Symbol]                       0x20000000   Section        0  stm32f4xx_hal.o(.data..L_MergedGlobals)
    [Anonymous Symbol]                       0x20000010   Section        0  rtcclock..o(.bss..L_MergedGlobals)
    [Anonymous Symbol]                       0x20000040   Section        0  touch.o(.bss..L_MergedGlobals)
    [Anonymous Symbol]                       0x20000058   Section        0  current.o(.bss..L_MergedGlobals)
    smooth_filter.i                          0x2000005a   Data           2  current.o(.bss..L_MergedGlobals)
    smooth_filter.buffer                     0x2000007c   Data          64  current.o(.bss..L_MergedGlobals)
    key_param                                0x200002a8   Data          96  key.o(.bss.key_param)
    [Anonymous Symbol]                       0x200002a8   Section        0  key.o(.bss.key_param)
    oneSecondSendCurrent.count               0x20000308   Data           2  main.o(.bss.oneSecondSendCurrent.count)
    [Anonymous Symbol]                       0x20000308   Section        0  main.o(.bss.oneSecondSendCurrent.count)
    STACK                                    0x20000330   Section     1024  startup_stm32f407xx.o(STACK)

    Global Symbols

    Symbol Name                              Value     Ov Type        Size  Object(Section)

    BuildAttributes$$THM_ISAv4$E$P$D$K$B$S$7EM$VFPi3$EXTD16$VFPS$VFMA$PE$A:L22UL41UL21$X:L11$S22US41US21$IEEE1$IW$~IW$USESV6$~STKCKD$USESV7$~SHL$OTIME$ROPI$EBA8$MICROLIB$REQ8$PRES8$EABIv2 0x00000000   Number         0  anon$$obj.o ABSOLUTE
    _printf_a                                0x00000000   Number         0  printfstubs.o ABSOLUTE
    _printf_c                                0x00000000   Number         0  printfstubs.o ABSOLUTE
    _printf_charcount                        0x00000000   Number         0  printfstubs.o ABSOLUTE
    _printf_d                                0x00000000   Number         0  printfstubs.o ABSOLUTE
    _printf_e                                0x00000000   Number         0  printfstubs.o ABSOLUTE
    _printf_f                                0x00000000   Number         0  printfstubs.o ABSOLUTE
    _printf_flags                            0x00000000   Number         0  printfstubs.o ABSOLUTE
    _printf_fp_dec                           0x00000000   Number         0  printfstubs.o ABSOLUTE
    _printf_fp_hex                           0x00000000   Number         0  printfstubs.o ABSOLUTE
    _printf_g                                0x00000000   Number         0  printfstubs.o ABSOLUTE
    _printf_i                                0x00000000   Number         0  printfstubs.o ABSOLUTE
    _printf_int_dec                          0x00000000   Number         0  printfstubs.o ABSOLUTE
    _printf_l                                0x00000000   Number         0  printfstubs.o ABSOLUTE
    _printf_lc                               0x00000000   Number         0  printfstubs.o ABSOLUTE
    _printf_ll                               0x00000000   Number         0  printfstubs.o ABSOLUTE
    _printf_lld                              0x00000000   Number         0  printfstubs.o ABSOLUTE
    _printf_lli                              0x00000000   Number         0  printfstubs.o ABSOLUTE
    _printf_llo                              0x00000000   Number         0  printfstubs.o ABSOLUTE
    _printf_llu                              0x00000000   Number         0  printfstubs.o ABSOLUTE
    _printf_llx                              0x00000000   Number         0  printfstubs.o ABSOLUTE
    _printf_longlong_dec                     0x00000000   Number         0  printfstubs.o ABSOLUTE
    _printf_longlong_hex                     0x00000000   Number         0  printfstubs.o ABSOLUTE
    _printf_longlong_oct                     0x00000000   Number         0  printfstubs.o ABSOLUTE
    _printf_ls                               0x00000000   Number         0  printfstubs.o ABSOLUTE
    _printf_mbtowc                           0x00000000   Number         0  printfstubs.o ABSOLUTE
    _printf_n                                0x00000000   Number         0  printfstubs.o ABSOLUTE
    _printf_o                                0x00000000   Number         0  printfstubs.o ABSOLUTE
    _printf_p                                0x00000000   Number         0  printfstubs.o ABSOLUTE
    _printf_percent                          0x00000000   Number         0  printfstubs.o ABSOLUTE
    _printf_pre_padding                      0x00000000   Number         0  printfstubs.o ABSOLUTE
    _printf_return_value                     0x00000000   Number         0  printfstubs.o ABSOLUTE
    _printf_s                                0x00000000   Number         0  printfstubs.o ABSOLUTE
    _printf_sizespec                         0x00000000   Number         0  printfstubs.o ABSOLUTE
    _printf_str                              0x00000000   Number         0  printfstubs.o ABSOLUTE
    _printf_truncate_signed                  0x00000000   Number         0  printfstubs.o ABSOLUTE
    _printf_truncate_unsigned                0x00000000   Number         0  printfstubs.o ABSOLUTE
    _printf_u                                0x00000000   Number         0  printfstubs.o ABSOLUTE
    _printf_wc                               0x00000000   Number         0  printfstubs.o ABSOLUTE
    _printf_wctomb                           0x00000000   Number         0  printfstubs.o ABSOLUTE
    _printf_widthprec                        0x00000000   Number         0  printfstubs.o ABSOLUTE
    _printf_x                                0x00000000   Number         0  printfstubs.o ABSOLUTE
    __cpp_initialize__aeabi_                  - Undefined Weak Reference
    __cxa_finalize                            - Undefined Weak Reference
    __decompress                              - Undefined Weak Reference
    _clock_init                               - Undefined Weak Reference
    _microlib_exit                            - Undefined Weak Reference
    __Vectors_Size                           0x00000188   Number         0  startup_stm32f407xx.o ABSOLUTE
    __Vectors                                0x08000000   Data           4  startup_stm32f407xx.o(RESET)
    __Vectors_End                            0x08000188   Data           0  startup_stm32f407xx.o(RESET)
    __main                                   0x08000189   Thumb Code     0  entry.o(.ARM.Collect$$$$00000000)
    _main_stk                                0x08000189   Thumb Code     0  entry2.o(.ARM.Collect$$$$00000001)
    _main_scatterload                        0x0800018d   Thumb Code     0  entry5.o(.ARM.Collect$$$$00000004)
    __main_after_scatterload                 0x08000191   Thumb Code     0  entry5.o(.ARM.Collect$$$$00000004)
    _main_clock                              0x08000191   Thumb Code     0  entry7b.o(.ARM.Collect$$$$00000008)
    _main_cpp_init                           0x08000191   Thumb Code     0  entry8b.o(.ARM.Collect$$$$0000000A)
    _main_init                               0x08000191   Thumb Code     0  entry9a.o(.ARM.Collect$$$$0000000B)
    __rt_final_cpp                           0x08000199   Thumb Code     0  entry10a.o(.ARM.Collect$$$$0000000D)
    __rt_final_exit                          0x08000199   Thumb Code     0  entry11a.o(.ARM.Collect$$$$0000000F)
    Reset_Handler                            0x0800019d   Thumb Code     8  startup_stm32f407xx.o(.text)
    CAN1_RX0_IRQHandler                      0x080001b7   Thumb Code     0  startup_stm32f407xx.o(.text)
    CAN1_RX1_IRQHandler                      0x080001b7   Thumb Code     0  startup_stm32f407xx.o(.text)
    CAN1_SCE_IRQHandler                      0x080001b7   Thumb Code     0  startup_stm32f407xx.o(.text)
    CAN1_TX_IRQHandler                       0x080001b7   Thumb Code     0  startup_stm32f407xx.o(.text)
    CAN2_RX0_IRQHandler                      0x080001b7   Thumb Code     0  startup_stm32f407xx.o(.text)
    CAN2_RX1_IRQHandler                      0x080001b7   Thumb Code     0  startup_stm32f407xx.o(.text)
    CAN2_SCE_IRQHandler                      0x080001b7   Thumb Code     0  startup_stm32f407xx.o(.text)
    CAN2_TX_IRQHandler                       0x080001b7   Thumb Code     0  startup_stm32f407xx.o(.text)
    DCMI_IRQHandler                          0x080001b7   Thumb Code     0  startup_stm32f407xx.o(.text)
    DMA1_Stream0_IRQHandler                  0x080001b7   Thumb Code     0  startup_stm32f407xx.o(.text)
    DMA1_Stream1_IRQHandler                  0x080001b7   Thumb Code     0  startup_stm32f407xx.o(.text)
    DMA1_Stream2_IRQHandler                  0x080001b7   Thumb Code     0  startup_stm32f407xx.o(.text)
    DMA1_Stream3_IRQHandler                  0x080001b7   Thumb Code     0  startup_stm32f407xx.o(.text)
    DMA1_Stream4_IRQHandler                  0x080001b7   Thumb Code     0  startup_stm32f407xx.o(.text)
    DMA1_Stream5_IRQHandler                  0x080001b7   Thumb Code     0  startup_stm32f407xx.o(.text)
    DMA1_Stream6_IRQHandler                  0x080001b7   Thumb Code     0  startup_stm32f407xx.o(.text)
    DMA1_Stream7_IRQHandler                  0x080001b7   Thumb Code     0  startup_stm32f407xx.o(.text)
    DMA2_Stream0_IRQHandler                  0x080001b7   Thumb Code     0  startup_stm32f407xx.o(.text)
    DMA2_Stream1_IRQHandler                  0x080001b7   Thumb Code     0  startup_stm32f407xx.o(.text)
    DMA2_Stream2_IRQHandler                  0x080001b7   Thumb Code     0  startup_stm32f407xx.o(.text)
    DMA2_Stream3_IRQHandler                  0x080001b7   Thumb Code     0  startup_stm32f407xx.o(.text)
    DMA2_Stream4_IRQHandler                  0x080001b7   Thumb Code     0  startup_stm32f407xx.o(.text)
    DMA2_Stream5_IRQHandler                  0x080001b7   Thumb Code     0  startup_stm32f407xx.o(.text)
    DMA2_Stream6_IRQHandler                  0x080001b7   Thumb Code     0  startup_stm32f407xx.o(.text)
    DMA2_Stream7_IRQHandler                  0x080001b7   Thumb Code     0  startup_stm32f407xx.o(.text)
    ETH_IRQHandler                           0x080001b7   Thumb Code     0  startup_stm32f407xx.o(.text)
    ETH_WKUP_IRQHandler                      0x080001b7   Thumb Code     0  startup_stm32f407xx.o(.text)
    EXTI0_IRQHandler                         0x080001b7   Thumb Code     0  startup_stm32f407xx.o(.text)
    EXTI15_10_IRQHandler                     0x080001b7   Thumb Code     0  startup_stm32f407xx.o(.text)
    EXTI1_IRQHandler                         0x080001b7   Thumb Code     0  startup_stm32f407xx.o(.text)
    EXTI2_IRQHandler                         0x080001b7   Thumb Code     0  startup_stm32f407xx.o(.text)
    EXTI3_IRQHandler                         0x080001b7   Thumb Code     0  startup_stm32f407xx.o(.text)
    EXTI4_IRQHandler                         0x080001b7   Thumb Code     0  startup_stm32f407xx.o(.text)
    EXTI9_5_IRQHandler                       0x080001b7   Thumb Code     0  startup_stm32f407xx.o(.text)
    FLASH_IRQHandler                         0x080001b7   Thumb Code     0  startup_stm32f407xx.o(.text)
    FMC_IRQHandler                           0x080001b7   Thumb Code     0  startup_stm32f407xx.o(.text)
    FPU_IRQHandler                           0x080001b7   Thumb Code     0  startup_stm32f407xx.o(.text)
    HASH_RNG_IRQHandler                      0x080001b7   Thumb Code     0  startup_stm32f407xx.o(.text)
    I2C1_ER_IRQHandler                       0x080001b7   Thumb Code     0  startup_stm32f407xx.o(.text)
    I2C1_EV_IRQHandler                       0x080001b7   Thumb Code     0  startup_stm32f407xx.o(.text)
    I2C2_ER_IRQHandler                       0x080001b7   Thumb Code     0  startup_stm32f407xx.o(.text)
    I2C2_EV_IRQHandler                       0x080001b7   Thumb Code     0  startup_stm32f407xx.o(.text)
    I2C3_ER_IRQHandler                       0x080001b7   Thumb Code     0  startup_stm32f407xx.o(.text)
    I2C3_EV_IRQHandler                       0x080001b7   Thumb Code     0  startup_stm32f407xx.o(.text)
    OTG_FS_IRQHandler                        0x080001b7   Thumb Code     0  startup_stm32f407xx.o(.text)
    OTG_FS_WKUP_IRQHandler                   0x080001b7   Thumb Code     0  startup_stm32f407xx.o(.text)
    OTG_HS_EP1_IN_IRQHandler                 0x080001b7   Thumb Code     0  startup_stm32f407xx.o(.text)
    OTG_HS_EP1_OUT_IRQHandler                0x080001b7   Thumb Code     0  startup_stm32f407xx.o(.text)
    OTG_HS_IRQHandler                        0x080001b7   Thumb Code     0  startup_stm32f407xx.o(.text)
    OTG_HS_WKUP_IRQHandler                   0x080001b7   Thumb Code     0  startup_stm32f407xx.o(.text)
    PVD_IRQHandler                           0x080001b7   Thumb Code     0  startup_stm32f407xx.o(.text)
    RCC_IRQHandler                           0x080001b7   Thumb Code     0  startup_stm32f407xx.o(.text)
    RTC_Alarm_IRQHandler                     0x080001b7   Thumb Code     0  startup_stm32f407xx.o(.text)
    RTC_WKUP_IRQHandler                      0x080001b7   Thumb Code     0  startup_stm32f407xx.o(.text)
    SDIO_IRQHandler                          0x080001b7   Thumb Code     0  startup_stm32f407xx.o(.text)
    SPI1_IRQHandler                          0x080001b7   Thumb Code     0  startup_stm32f407xx.o(.text)
    SPI2_IRQHandler                          0x080001b7   Thumb Code     0  startup_stm32f407xx.o(.text)
    SPI3_IRQHandler                          0x080001b7   Thumb Code     0  startup_stm32f407xx.o(.text)
    TAMP_STAMP_IRQHandler                    0x080001b7   Thumb Code     0  startup_stm32f407xx.o(.text)
    TIM1_BRK_TIM9_IRQHandler                 0x080001b7   Thumb Code     0  startup_stm32f407xx.o(.text)
    TIM1_CC_IRQHandler                       0x080001b7   Thumb Code     0  startup_stm32f407xx.o(.text)
    TIM1_TRG_COM_TIM11_IRQHandler            0x080001b7   Thumb Code     0  startup_stm32f407xx.o(.text)
    TIM1_UP_TIM10_IRQHandler                 0x080001b7   Thumb Code     0  startup_stm32f407xx.o(.text)
    TIM2_IRQHandler                          0x080001b7   Thumb Code     0  startup_stm32f407xx.o(.text)
    TIM3_IRQHandler                          0x080001b7   Thumb Code     0  startup_stm32f407xx.o(.text)
    TIM4_IRQHandler                          0x080001b7   Thumb Code     0  startup_stm32f407xx.o(.text)
    TIM5_IRQHandler                          0x080001b7   Thumb Code     0  startup_stm32f407xx.o(.text)
    TIM6_DAC_IRQHandler                      0x080001b7   Thumb Code     0  startup_stm32f407xx.o(.text)
    TIM7_IRQHandler                          0x080001b7   Thumb Code     0  startup_stm32f407xx.o(.text)
    TIM8_BRK_TIM12_IRQHandler                0x080001b7   Thumb Code     0  startup_stm32f407xx.o(.text)
    TIM8_CC_IRQHandler                       0x080001b7   Thumb Code     0  startup_stm32f407xx.o(.text)
    UART4_IRQHandler                         0x080001b7   Thumb Code     0  startup_stm32f407xx.o(.text)
    UART5_IRQHandler                         0x080001b7   Thumb Code     0  startup_stm32f407xx.o(.text)
    USART2_IRQHandler                        0x080001b7   Thumb Code     0  startup_stm32f407xx.o(.text)
    USART3_IRQHandler                        0x080001b7   Thumb Code     0  startup_stm32f407xx.o(.text)
    WWDG_IRQHandler                          0x080001b7   Thumb Code     0  startup_stm32f407xx.o(.text)
    __aeabi_uldivmod                         0x080001c1   Thumb Code    98  uldiv.o(.text)
    __aeabi_memset                           0x08000223   Thumb Code    14  memseta.o(.text)
    __aeabi_memset4                          0x08000223   Thumb Code     0  memseta.o(.text)
    __aeabi_memset8                          0x08000223   Thumb Code     0  memseta.o(.text)
    __aeabi_memclr                           0x08000231   Thumb Code     4  memseta.o(.text)
    __aeabi_memclr4                          0x08000231   Thumb Code     0  memseta.o(.text)
    __aeabi_memclr8                          0x08000231   Thumb Code     0  memseta.o(.text)
    _memset$wrapper                          0x08000235   Thumb Code    18  memseta.o(.text)
    __aeabi_dadd                             0x08000247   Thumb Code   322  dadd.o(.text)
    __aeabi_dsub                             0x08000389   Thumb Code     6  dadd.o(.text)
    __aeabi_drsub                            0x0800038f   Thumb Code     6  dadd.o(.text)
    __aeabi_dmul                             0x08000395   Thumb Code   228  dmul.o(.text)
    __aeabi_ddiv                             0x08000479   Thumb Code   222  ddiv.o(.text)
    __aeabi_dcmplt                           0x08000557   Thumb Code    54  dcmplt.o(.text)
    __aeabi_ui2d                             0x0800058d   Thumb Code    26  dfltui.o(.text)
    __aeabi_d2iz                             0x080005a7   Thumb Code    62  dfixi.o(.text)
    __aeabi_f2d                              0x080005e5   Thumb Code    38  f2d.o(.text)
    __aeabi_d2f                              0x0800060b   Thumb Code    56  d2f.o(.text)
    __aeabi_uidiv                            0x08000643   Thumb Code     0  uidiv.o(.text)
    __aeabi_uidivmod                         0x08000643   Thumb Code    44  uidiv.o(.text)
    __aeabi_llsl                             0x0800066f   Thumb Code    30  llshl.o(.text)
    _ll_shift_l                              0x0800066f   Thumb Code     0  llshl.o(.text)
    __aeabi_llsr                             0x0800068d   Thumb Code    32  llushr.o(.text)
    _ll_ushift_r                             0x0800068d   Thumb Code     0  llushr.o(.text)
    __aeabi_lasr                             0x080006ad   Thumb Code    36  llsshr.o(.text)
    _ll_sshift_r                             0x080006ad   Thumb Code     0  llsshr.o(.text)
    __I$use$fp                               0x080006d1   Thumb Code     0  iusefp.o(.text)
    _float_round                             0x080006d1   Thumb Code    18  fepilogue.o(.text)
    _float_epilogue                          0x080006e3   Thumb Code    92  fepilogue.o(.text)
    _double_round                            0x0800073f   Thumb Code    30  depilogue.o(.text)
    _double_epilogue                         0x0800075d   Thumb Code   156  depilogue.o(.text)
    __scatterload                            0x080007f9   Thumb Code    38  init.o(.text)
    __scatterload_rt2                        0x080007f9   Thumb Code     0  init.o(.text)
    ADC_IRQHandler                           0x08000829   Thumb Code     8  stm32f4xx_it.o(.text.ADC_IRQHandler)
    BusFault_Handler                         0x08000835   Thumb Code     2  stm32f4xx_it.o(.text.BusFault_Handler)
    DebugMon_Handler                         0x08000837   Thumb Code     2  stm32f4xx_it.o(.text.DebugMon_Handler)
    Error_Handler                            0x08000839   Thumb Code     8  main.o(.text.Error_Handler)
    HAL_ADCEx_InjectedConvCpltCallback       0x08000841   Thumb Code     2  stm32f4xx_hal_adc_ex.o(.text.HAL_ADCEx_InjectedConvCpltCallback)
    HAL_ADC_ConfigChannel                    0x08000845   Thumb Code   252  stm32f4xx_hal_adc.o(.text.HAL_ADC_ConfigChannel)
    HAL_ADC_ConvCpltCallback                 0x08000949   Thumb Code     2  current.o(.text.HAL_ADC_ConvCpltCallback)
    HAL_ADC_ErrorCallback                    0x0800094b   Thumb Code     2  stm32f4xx_hal_adc.o(.text.HAL_ADC_ErrorCallback)
    HAL_ADC_GetValue                         0x0800094d   Thumb Code     6  stm32f4xx_hal_adc.o(.text.HAL_ADC_GetValue)
    HAL_ADC_IRQHandler                       0x08000953   Thumb Code   282  stm32f4xx_hal_adc.o(.text.HAL_ADC_IRQHandler)
    HAL_ADC_Init                             0x08000a6d   Thumb Code   308  stm32f4xx_hal_adc.o(.text.HAL_ADC_Init)
    HAL_ADC_LevelOutOfWindowCallback         0x08000bb1   Thumb Code     2  stm32f4xx_hal_adc.o(.text.HAL_ADC_LevelOutOfWindowCallback)
    HAL_ADC_MspInit                          0x08000bb5   Thumb Code   100  adc.o(.text.HAL_ADC_MspInit)
    HAL_ADC_PollForConversion                0x08000c19   Thumb Code   140  stm32f4xx_hal_adc.o(.text.HAL_ADC_PollForConversion)
    HAL_ADC_Start                            0x08000ca5   Thumb Code   200  stm32f4xx_hal_adc.o(.text.HAL_ADC_Start)
    HAL_DAC_ConfigChannel                    0x08000d81   Thumb Code    66  stm32f4xx_hal_dac.o(.text.HAL_DAC_ConfigChannel)
    HAL_DAC_Init                             0x08000dc3   Thumb Code    38  stm32f4xx_hal_dac.o(.text.HAL_DAC_Init)
    HAL_DAC_MspInit                          0x08000de9   Thumb Code    84  dac.o(.text.HAL_DAC_MspInit)
    HAL_DAC_SetValue                         0x08000e45   Thumb Code    32  stm32f4xx_hal_dac.o(.text.HAL_DAC_SetValue)
    HAL_DAC_Start                            0x08000e65   Thumb Code    82  stm32f4xx_hal_dac.o(.text.HAL_DAC_Start)
    HAL_DMA_Abort                            0x08000eb7   Thumb Code   122  stm32f4xx_hal_dma.o(.text.HAL_DMA_Abort)
    HAL_DMA_Abort_IT                         0x08000f31   Thumb Code    36  stm32f4xx_hal_dma.o(.text.HAL_DMA_Abort_IT)
    HAL_Delay_ms                             0x08000f55   Thumb Code    10  delay.o(.text.HAL_Delay_ms)
    HAL_Delay_us                             0x08000f61   Thumb Code    44  delay.o(.text.HAL_Delay_us)
    HAL_Delay_us_init                        0x08000f91   Thumb Code     8  delay.o(.text.HAL_Delay_us_init)
    HAL_GPIO_Init                            0x08000f9d   Thumb Code   396  stm32f4xx_hal_gpio.o(.text.HAL_GPIO_Init)
    HAL_GPIO_ReadPin                         0x08001141   Thumb Code    10  stm32f4xx_hal_gpio.o(.text.HAL_GPIO_ReadPin)
    HAL_GPIO_WritePin                        0x0800114b   Thumb Code    10  stm32f4xx_hal_gpio.o(.text.HAL_GPIO_WritePin)
    HAL_GetTick                              0x08001155   Thumb Code     8  stm32f4xx_hal.o(.text.HAL_GetTick)
    HAL_IncTick                              0x0800115d   Thumb Code    16  stm32f4xx_hal.o(.text.HAL_IncTick)
    HAL_Init                                 0x08001171   Thumb Code    48  stm32f4xx_hal.o(.text.HAL_Init)
    HAL_InitTick                             0x080011a5   Thumb Code    56  stm32f4xx_hal.o(.text.HAL_InitTick)
    HAL_MspInit                              0x080011e1   Thumb Code    52  stm32f4xx_hal_msp.o(.text.HAL_MspInit)
    HAL_NVIC_EnableIRQ                       0x08001219   Thumb Code    20  stm32f4xx_hal_cortex.o(.text.HAL_NVIC_EnableIRQ)
    HAL_NVIC_SetPriority                     0x08001231   Thumb Code    72  stm32f4xx_hal_cortex.o(.text.HAL_NVIC_SetPriority)
    HAL_NVIC_SetPriorityGrouping             0x0800127d   Thumb Code    24  stm32f4xx_hal_cortex.o(.text.HAL_NVIC_SetPriorityGrouping)
    HAL_RCCEx_PeriphCLKConfig                0x0800129d   Thumb Code   252  stm32f4xx_hal_rcc_ex.o(.text.HAL_RCCEx_PeriphCLKConfig)
    HAL_RCC_ClockConfig                      0x080013a9   Thumb Code   268  stm32f4xx_hal_rcc.o(.text.HAL_RCC_ClockConfig)
    HAL_RCC_GetPCLK1Freq                     0x080014c1   Thumb Code    20  stm32f4xx_hal_rcc.o(.text.HAL_RCC_GetPCLK1Freq)
    HAL_RCC_GetPCLK2Freq                     0x080014d5   Thumb Code    20  stm32f4xx_hal_rcc.o(.text.HAL_RCC_GetPCLK2Freq)
    HAL_RCC_GetSysClockFreq                  0x080014f5   Thumb Code    80  stm32f4xx_hal_rcc.o(.text.HAL_RCC_GetSysClockFreq)
    HAL_RCC_OscConfig                        0x08001551   Thumb Code   804  stm32f4xx_hal_rcc.o(.text.HAL_RCC_OscConfig)
    HAL_RTC_Init                             0x08001881   Thumb Code   116  stm32f4xx_hal_rtc.o(.text.HAL_RTC_Init)
    HAL_RTC_MspInit                          0x080018f9   Thumb Code    48  rtc.o(.text.HAL_RTC_MspInit)
    HAL_RTC_SetDate                          0x08001931   Thumb Code   208  stm32f4xx_hal_rtc.o(.text.HAL_RTC_SetDate)
    HAL_RTC_SetTime                          0x08001a01   Thumb Code   256  stm32f4xx_hal_rtc.o(.text.HAL_RTC_SetTime)
    HAL_RTC_WaitForSynchro                   0x08001b05   Thumb Code    48  stm32f4xx_hal_rtc.o(.text.HAL_RTC_WaitForSynchro)
    HAL_SYSTICK_Config                       0x08001b35   Thumb Code    32  stm32f4xx_hal_cortex.o(.text.HAL_SYSTICK_Config)
    HAL_TIMEx_BreakCallback                  0x08001b5d   Thumb Code     2  stm32f4xx_hal_tim_ex.o(.text.HAL_TIMEx_BreakCallback)
    HAL_TIMEx_CommutCallback                 0x08001b5f   Thumb Code     2  stm32f4xx_hal_tim_ex.o(.text.HAL_TIMEx_CommutCallback)
    HAL_TIM_Base_Init                        0x08001b61   Thumb Code    30  stm32f4xx_hal_tim.o(.text.HAL_TIM_Base_Init)
    HAL_TIM_Base_MspInit                     0x08001b81   Thumb Code    96  tim.o(.text.HAL_TIM_Base_MspInit)
    HAL_TIM_Base_Start_IT                    0x08001be5   Thumb Code   100  stm32f4xx_hal_tim.o(.text.HAL_TIM_Base_Start_IT)
    HAL_TIM_IC_CaptureCallback               0x08001c65   Thumb Code     2  stm32f4xx_hal_tim.o(.text.HAL_TIM_IC_CaptureCallback)
    HAL_TIM_IRQHandler                       0x08001c67   Thumb Code   294  stm32f4xx_hal_tim.o(.text.HAL_TIM_IRQHandler)
    HAL_TIM_OC_DelayElapsedCallback          0x08001d8d   Thumb Code     2  stm32f4xx_hal_tim.o(.text.HAL_TIM_OC_DelayElapsedCallback)
    HAL_TIM_PWM_PulseFinishedCallback        0x08001d8f   Thumb Code     2  stm32f4xx_hal_tim.o(.text.HAL_TIM_PWM_PulseFinishedCallback)
    HAL_TIM_PeriodElapsedCallback            0x08001d91   Thumb Code    52  main.o(.text.HAL_TIM_PeriodElapsedCallback)
    HAL_TIM_TriggerCallback                  0x08001dd1   Thumb Code     2  stm32f4xx_hal_tim.o(.text.HAL_TIM_TriggerCallback)
    HAL_UARTEx_RxEventCallback               0x08001dd3   Thumb Code     2  stm32f4xx_hal_uart.o(.text.HAL_UARTEx_RxEventCallback)
    HAL_UART_ErrorCallback                   0x08001dd5   Thumb Code     2  stm32f4xx_hal_uart.o(.text.HAL_UART_ErrorCallback)
    HAL_UART_IRQHandler                      0x08001dd9   Thumb Code   564  stm32f4xx_hal_uart.o(.text.HAL_UART_IRQHandler)
    HAL_UART_Init                            0x08002011   Thumb Code    44  stm32f4xx_hal_uart.o(.text.HAL_UART_Init)
    HAL_UART_MspInit                         0x0800203d   Thumb Code   184  usart.o(.text.HAL_UART_MspInit)
    HAL_UART_Receive_IT                      0x080020f5   Thumb Code    48  stm32f4xx_hal_uart.o(.text.HAL_UART_Receive_IT)
    HAL_UART_RxCpltCallback                  0x08002125   Thumb Code    52  touch.o(.text.HAL_UART_RxCpltCallback)
    HAL_UART_Transmit                        0x08002161   Thumb Code   172  stm32f4xx_hal_uart.o(.text.HAL_UART_Transmit)
    HAL_UART_TxCpltCallback                  0x0800220d   Thumb Code     2  stm32f4xx_hal_uart.o(.text.HAL_UART_TxCpltCallback)
    HardFault_Handler                        0x0800220f   Thumb Code     2  stm32f4xx_it.o(.text.HardFault_Handler)
    MX_ADC1_Init                             0x08002211   Thumb Code    80  adc.o(.text.MX_ADC1_Init)
    MX_DAC_Init                              0x0800226d   Thumb Code    44  dac.o(.text.MX_DAC_Init)
    MX_GPIO_Init                             0x080022a1   Thumb Code   144  gpio.o(.text.MX_GPIO_Init)
    MX_RTC_Init                              0x08002339   Thumb Code   100  rtc.o(.text.MX_RTC_Init)
    MX_TIM13_Init                            0x080023a9   Thumb Code    32  tim.o(.text.MX_TIM13_Init)
    MX_TIM14_Init                            0x080023d1   Thumb Code    28  tim.o(.text.MX_TIM14_Init)
    MX_USART1_UART_Init                      0x080023f5   Thumb Code    24  usart.o(.text.MX_USART1_UART_Init)
    MX_USART6_UART_Init                      0x08002415   Thumb Code    24  usart.o(.text.MX_USART6_UART_Init)
    MemManage_Handler                        0x08002435   Thumb Code     2  stm32f4xx_it.o(.text.MemManage_Handler)
    NMI_Handler                              0x08002437   Thumb Code     2  stm32f4xx_it.o(.text.NMI_Handler)
    PendSV_Handler                           0x080026a7   Thumb Code     2  stm32f4xx_it.o(.text.PendSV_Handler)
    RTC_EnterInitMode                        0x080026a9   Thumb Code    78  stm32f4xx_hal_rtc.o(.text.RTC_EnterInitMode)
    RTC_ExitInitMode                         0x080026f7   Thumb Code    40  stm32f4xx_hal_rtc.o(.text.RTC_ExitInitMode)
    SVC_Handler                              0x0800271f   Thumb Code     2  stm32f4xx_it.o(.text.SVC_Handler)
    SysTick_Handler                          0x08002721   Thumb Code     4  stm32f4xx_it.o(.text.SysTick_Handler)
    SystemClock_Config                       0x08002725   Thumb Code   156  main.o(.text.SystemClock_Config)
    SystemInit                               0x080027c9   Thumb Code    12  system_stm32f4xx.o(.text.SystemInit)
    TIM8_TRG_COM_TIM14_IRQHandler            0x080027d9   Thumb Code     8  stm32f4xx_it.o(.text.TIM8_TRG_COM_TIM14_IRQHandler)
    TIM8_UP_TIM13_IRQHandler                 0x080027e5   Thumb Code     8  stm32f4xx_it.o(.text.TIM8_UP_TIM13_IRQHandler)
    TIM_Base_SetConfig                       0x080027f1   Thumb Code   172  stm32f4xx_hal_tim.o(.text.TIM_Base_SetConfig)
    UART_Start_Receive_IT                    0x08002a95   Thumb Code    54  stm32f4xx_hal_uart.o(.text.UART_Start_Receive_IT)
    USART1_IRQHandler                        0x08002b25   Thumb Code     8  stm32f4xx_it.o(.text.USART1_IRQHandler)
    USART6_IRQHandler                        0x08002b2d   Thumb Code     8  stm32f4xx_it.o(.text.USART6_IRQHandler)
    UsageFault_Handler                       0x08002b35   Thumb Code     2  stm32f4xx_it.o(.text.UsageFault_Handler)
    VGUS_WriteData                           0x08002b39   Thumb Code    60  uartscreen.o(.text.VGUS_WriteData)
    XL1509_Init                              0x08002b79   Thumb Code     8  xl1509.o(.text.XL1509_Init)
    XL1509_SetVoltage                        0x08002b81   Thumb Code    28  xl1509.o(.text.XL1509_SetVoltage)
    app_Init                                 0x08002ba1   Thumb Code    56  main.o(.text.app_Init)
    bsp_Init                                 0x08002be1   Thumb Code    30  main.o(.text.bsp_Init)
    fputc                                    0x08002c01   Thumb Code    16  usart.o(.text.fputc)
    function                                 0x08002c19   Thumb Code   160  xl1509.o(.text.function)
    getOnOff                                 0x08002d01   Thumb Code    20  xl1509.o(.text.getOnOff)
    getScreenValue                           0x08002d15   Thumb Code    16  touch.o(.text.getScreenValue)
    getVoltage                               0x08002d25   Thumb Code     8  xl1509.o(.text.getVoltage)
    handoutScreenValue                       0x08002d31   Thumb Code    84  main.o(.text.handoutScreenValue)
    handout_data                             0x08002d8d   Thumb Code    24  touch.o(.text.handout_data)
    initTouch                                0x08002da5   Thumb Code    32  touch.o(.text.initTouch)
    key0_double_click_callback               0x08002dd1   Thumb Code     2  key.o(.text.key0_double_click_callback)
    key0_long_long_press_callback            0x08002dd3   Thumb Code     2  key.o(.text.key0_long_long_press_callback)
    key0_long_long_release_callback          0x08002dd5   Thumb Code     2  key.o(.text.key0_long_long_release_callback)
    key0_long_press_callback                 0x08002dd7   Thumb Code     2  key.o(.text.key0_long_press_callback)
    key0_long_release_callback               0x08002dd9   Thumb Code     2  key.o(.text.key0_long_release_callback)
    key0_short_long_press_callback           0x08002ddb   Thumb Code     2  key.o(.text.key0_short_long_press_callback)
    key0_short_long_release_callback         0x08002ddd   Thumb Code     2  key.o(.text.key0_short_long_release_callback)
    key0_single_click_callback               0x08002ddf   Thumb Code     2  key.o(.text.key0_single_click_callback)
    key1_double_click_callback               0x08002de1   Thumb Code     2  key.o(.text.key1_double_click_callback)
    key1_long_long_press_callback            0x08002de3   Thumb Code     2  key.o(.text.key1_long_long_press_callback)
    key1_long_long_release_callback          0x08002de5   Thumb Code     2  key.o(.text.key1_long_long_release_callback)
    key1_long_press_callback                 0x08002de7   Thumb Code     2  key.o(.text.key1_long_press_callback)
    key1_long_release_callback               0x08002de9   Thumb Code     2  key.o(.text.key1_long_release_callback)
    key1_short_long_press_callback           0x08002deb   Thumb Code     2  key.o(.text.key1_short_long_press_callback)
    key1_short_long_release_callback         0x08002ded   Thumb Code     2  key.o(.text.key1_short_long_release_callback)
    key1_single_click_callback               0x08002def   Thumb Code     2  key.o(.text.key1_single_click_callback)
    main                                     0x08002df1   Thumb Code    72  main.o(.text.main)
    my_key_init                              0x08002e39   Thumb Code   100  key.o(.text.my_key_init)
    my_key_scan                              0x08002ee5   Thumb Code   424  key.o(.text.my_key_scan)
    oneSecondSendCurrent                     0x08003091   Thumb Code    44  main.o(.text.oneSecondSendCurrent)
    partition                                0x080030d1   Thumb Code   132  current.o(.text.partition)
    quickSort                                0x08003155   Thumb Code    40  current.o(.text.quickSort)
    read_key1                                0x0800317d   Thumb Code    20  key.o(.text.read_key1)
    read_key2                                0x08003191   Thumb Code    20  key.o(.text.read_key2)
    returnCurrent                            0x080031a9   Thumb Code    96  current.o(.text.returnCurrent)
    rtcClockInit                             0x08003239   Thumb Code    20  rtcclock..o(.text.rtcClockInit)
    setDateTime                              0x08003251   Thumb Code    32  rtcclock..o(.text.setDateTime)
    smooth_filter                            0x08003279   Thumb Code   192  current.o(.text.smooth_filter)
    startGetCurrent                          0x0800333d   Thumb Code    24  current.o(.text.startGetCurrent)
    transmitCurrentByMCU                     0x08003359   Thumb Code    46  poweruartscreen.o(.text.transmitCurrentByMCU)
    transmitONOFF                            0x08003389   Thumb Code    60  poweruartscreen.o(.text.transmitONOFF)
    transmitVoltage                          0x080033cd   Thumb Code    28  poweruartscreen.o(.text.transmitVoltage)
    xiaoqingqing_function                    0x080033e9   Thumb Code    72  xl1509.o(.text.xiaoqingqing_function)
    __0printf$1                              0x08003441   Thumb Code    22  printf1.o(i.__0printf$1)
    __1printf$1                              0x08003441   Thumb Code     0  printf1.o(i.__0printf$1)
    __2printf                                0x08003441   Thumb Code     0  printf1.o(i.__0printf$1)
    __scatterload_copy                       0x08003461   Thumb Code    14  handlers.o(i.__scatterload_copy)
    __scatterload_null                       0x0800346f   Thumb Code     2  handlers.o(i.__scatterload_null)
    __scatterload_zeroinit                   0x08003471   Thumb Code    14  handlers.o(i.__scatterload_zeroinit)
    AHBPrescTable                            0x080035d4   Data          16  system_stm32f4xx.o(.rodata.AHBPrescTable)
    APBPrescTable                            0x080035e4   Data           8  system_stm32f4xx.o(.rodata.APBPrescTable)
    Region$$Table$$Base                      0x080035ec   Number         0  anon$$obj.o(Region$$Table)
    Region$$Table$$Limit                     0x0800360c   Number         0  anon$$obj.o(Region$$Table)
    uwTickFreq                               0x20000000   Data           1  stm32f4xx_hal.o(.data..L_MergedGlobals)
    uwTickPrio                               0x20000004   Data           4  stm32f4xx_hal.o(.data..L_MergedGlobals)
    SystemCoreClock                          0x20000008   Data           4  system_stm32f4xx.o(.data.SystemCoreClock)
    now_voltage                              0x2000000c   Data           2  xl1509.o(.data.now_voltage)
    SetDate                                  0x20000010   Data           4  rtcclock..o(.bss..L_MergedGlobals)
    GetDate                                  0x20000014   Data           4  rtcclock..o(.bss..L_MergedGlobals)
    SetTime                                  0x20000018   Data          20  rtcclock..o(.bss..L_MergedGlobals)
    GetTime                                  0x2000002c   Data          20  rtcclock..o(.bss..L_MergedGlobals)
    uart_state                               0x20000040   Data           1  touch.o(.bss..L_MergedGlobals)
    key_reg                                  0x20000042   Data           2  touch.o(.bss..L_MergedGlobals)
    key_data                                 0x20000044   Data           2  touch.o(.bss..L_MergedGlobals)
    temp_uart1                               0x20000046   Data           9  touch.o(.bss..L_MergedGlobals)
    temp_uart6                               0x2000004f   Data           9  touch.o(.bss..L_MergedGlobals)
    current                                  0x20000058   Data           2  current.o(.bss..L_MergedGlobals)
    pool                                     0x2000005c   Data          32  current.o(.bss..L_MergedGlobals)
    __stdout                                 0x200000bc   Data          84  usart.o(.bss.__stdout)
    fac_us                                   0x20000110   Data           4  delay.o(.bss.fac_us)
    hadc1                                    0x20000114   Data          72  adc.o(.bss.hadc1)
    hdac                                     0x2000015c   Data          20  dac.o(.bss.hdac)
    hrtc                                     0x20000170   Data          32  rtc.o(.bss.hrtc)
    htim13                                   0x20000190   Data          72  tim.o(.bss.htim13)
    htim14                                   0x200001d8   Data          72  tim.o(.bss.htim14)
    huart1                                   0x20000220   Data          68  usart.o(.bss.huart1)
    huart6                                   0x20000264   Data          68  usart.o(.bss.huart6)
    temp                                     0x2000030a   Data           2  main.o(.bss.temp)
    transmitBuffer                           0x2000030c   Data          32  uartscreen.o(.bss.transmitBuffer)
    uwTick                                   0x2000032c   Data           4  stm32f4xx_hal.o(.bss.uwTick)
    __initial_sp                             0x20000730   Data           0  startup_stm32f407xx.o(STACK)



==============================================================================

Memory Map of the image

  Image Entry point : 0x08000189

  Load Region LR_IROM1 (Base: 0x08000000, Size: 0x00003620, Max: 0x00100000, ABSOLUTE)

    Execution Region ER_IROM1 (Exec base: 0x08000000, Load base: 0x08000000, Size: 0x0000360c, Max: 0x00100000, ABSOLUTE)

    Exec Addr    Load Addr    Size         Type   Attr      Idx    E Section Name        Object

    0x08000000   0x08000000   0x00000188   Data   RO            3    RESET               startup_stm32f407xx.o
    0x08000188   0x08000188   0x00000000   Code   RO         1889  * .ARM.Collect$$$$00000000  mc_w.l(entry.o)
    0x08000188   0x08000188   0x00000004   Code   RO         2173    .ARM.Collect$$$$00000001  mc_w.l(entry2.o)
    0x0800018c   0x0800018c   0x00000004   Code   RO         2176    .ARM.Collect$$$$00000004  mc_w.l(entry5.o)
    0x08000190   0x08000190   0x00000000   Code   RO         2178    .ARM.Collect$$$$00000008  mc_w.l(entry7b.o)
    0x08000190   0x08000190   0x00000000   Code   RO         2180    .ARM.Collect$$$$0000000A  mc_w.l(entry8b.o)
    0x08000190   0x08000190   0x00000008   Code   RO         2181    .ARM.Collect$$$$0000000B  mc_w.l(entry9a.o)
    0x08000198   0x08000198   0x00000000   Code   RO         2183    .ARM.Collect$$$$0000000D  mc_w.l(entry10a.o)
    0x08000198   0x08000198   0x00000000   Code   RO         2185    .ARM.Collect$$$$0000000F  mc_w.l(entry11a.o)
    0x08000198   0x08000198   0x00000004   Code   RO         2174    .ARM.Collect$$$$00002712  mc_w.l(entry2.o)
    0x0800019c   0x0800019c   0x00000024   Code   RO            4    .text               startup_stm32f407xx.o
    0x080001c0   0x080001c0   0x00000062   Code   RO         1892    .text               mc_w.l(uldiv.o)
    0x08000222   0x08000222   0x00000024   Code   RO         1894    .text               mc_w.l(memseta.o)
    0x08000246   0x08000246   0x0000014e   Code   RO         2157    .text               mf_w.l(dadd.o)
    0x08000394   0x08000394   0x000000e4   Code   RO         2159    .text               mf_w.l(dmul.o)
    0x08000478   0x08000478   0x000000de   Code   RO         2161    .text               mf_w.l(ddiv.o)
    0x08000556   0x08000556   0x00000036   Code   RO         2163    .text               mf_w.l(dcmplt.o)
    0x0800058c   0x0800058c   0x0000001a   Code   RO         2165    .text               mf_w.l(dfltui.o)
    0x080005a6   0x080005a6   0x0000003e   Code   RO         2167    .text               mf_w.l(dfixi.o)
    0x080005e4   0x080005e4   0x00000026   Code   RO         2169    .text               mf_w.l(f2d.o)
    0x0800060a   0x0800060a   0x00000038   Code   RO         2171    .text               mf_w.l(d2f.o)
    0x08000642   0x08000642   0x0000002c   Code   RO         2196    .text               mc_w.l(uidiv.o)
    0x0800066e   0x0800066e   0x0000001e   Code   RO         2198    .text               mc_w.l(llshl.o)
    0x0800068c   0x0800068c   0x00000020   Code   RO         2200    .text               mc_w.l(llushr.o)
    0x080006ac   0x080006ac   0x00000024   Code   RO         2202    .text               mc_w.l(llsshr.o)
    0x080006d0   0x080006d0   0x00000000   Code   RO         2204    .text               mc_w.l(iusefp.o)
    0x080006d0   0x080006d0   0x0000006e   Code   RO         2205    .text               mf_w.l(fepilogue.o)
    0x0800073e   0x0800073e   0x000000ba   Code   RO         2207    .text               mf_w.l(depilogue.o)
    0x080007f8   0x080007f8   0x00000030   Code   RO         2213    .text               mc_w.l(init.o)
    0x08000828   0x08000828   0x0000000c   Code   RO          158    .text.ADC_IRQHandler  stm32f4xx_it.o
    0x08000834   0x08000834   0x00000002   Code   RO          146    .text.BusFault_Handler  stm32f4xx_it.o
    0x08000836   0x08000836   0x00000002   Code   RO          152    .text.DebugMon_Handler  stm32f4xx_it.o
    0x08000838   0x08000838   0x00000008   Code   RO           19    .text.Error_Handler  main.o
    0x08000840   0x08000840   0x00000002   Code   RO          277    .text.HAL_ADCEx_InjectedConvCpltCallback  stm32f4xx_hal_adc_ex.o
    0x08000842   0x08000842   0x00000002   PAD
    0x08000844   0x08000844   0x00000104   Code   RO          225    .text.HAL_ADC_ConfigChannel  stm32f4xx_hal_adc.o
    0x08000948   0x08000948   0x00000002   Code   RO         1856    .text.HAL_ADC_ConvCpltCallback  current.o
    0x0800094a   0x0800094a   0x00000002   Code   RO          209    .text.HAL_ADC_ErrorCallback  stm32f4xx_hal_adc.o
    0x0800094c   0x0800094c   0x00000006   Code   RO          221    .text.HAL_ADC_GetValue  stm32f4xx_hal_adc.o
    0x08000952   0x08000952   0x0000011a   Code   RO          203    .text.HAL_ADC_IRQHandler  stm32f4xx_hal_adc.o
    0x08000a6c   0x08000a6c   0x00000144   Code   RO          183    .text.HAL_ADC_Init  stm32f4xx_hal_adc.o
    0x08000bb0   0x08000bb0   0x00000002   Code   RO          207    .text.HAL_ADC_LevelOutOfWindowCallback  stm32f4xx_hal_adc.o
    0x08000bb2   0x08000bb2   0x00000002   PAD
    0x08000bb4   0x08000bb4   0x00000064   Code   RO           52    .text.HAL_ADC_MspInit  adc.o
    0x08000c18   0x08000c18   0x0000008c   Code   RO          195    .text.HAL_ADC_PollForConversion  stm32f4xx_hal_adc.o
    0x08000ca4   0x08000ca4   0x000000dc   Code   RO          191    .text.HAL_ADC_Start  stm32f4xx_hal_adc.o
    0x08000d80   0x08000d80   0x00000042   Code   RO          754    .text.HAL_DAC_ConfigChannel  stm32f4xx_hal_dac.o
    0x08000dc2   0x08000dc2   0x00000026   Code   RO          718    .text.HAL_DAC_Init  stm32f4xx_hal_dac.o
    0x08000de8   0x08000de8   0x0000005c   Code   RO           67    .text.HAL_DAC_MspInit  dac.o
    0x08000e44   0x08000e44   0x00000020   Code   RO          744    .text.HAL_DAC_SetValue  stm32f4xx_hal_dac.o
    0x08000e64   0x08000e64   0x00000052   Code   RO          726    .text.HAL_DAC_Start  stm32f4xx_hal_dac.o
    0x08000eb6   0x08000eb6   0x0000007a   Code   RO          480    .text.HAL_DMA_Abort  stm32f4xx_hal_dma.o
    0x08000f30   0x08000f30   0x00000024   Code   RO          482    .text.HAL_DMA_Abort_IT  stm32f4xx_hal_dma.o
    0x08000f54   0x08000f54   0x0000000a   Code   RO         1694    .text.HAL_Delay_ms  delay.o
    0x08000f5e   0x08000f5e   0x00000002   PAD
    0x08000f60   0x08000f60   0x00000030   Code   RO         1692    .text.HAL_Delay_us  delay.o
    0x08000f90   0x08000f90   0x0000000c   Code   RO         1690    .text.HAL_Delay_us_init  delay.o
    0x08000f9c   0x08000f9c   0x000001a4   Code   RO          430    .text.HAL_GPIO_Init  stm32f4xx_hal_gpio.o
    0x08001140   0x08001140   0x0000000a   Code   RO          434    .text.HAL_GPIO_ReadPin  stm32f4xx_hal_gpio.o
    0x0800114a   0x0800114a   0x0000000a   Code   RO          436    .text.HAL_GPIO_WritePin  stm32f4xx_hal_gpio.o
    0x08001154   0x08001154   0x00000008   Code   RO          636    .text.HAL_GetTick   stm32f4xx_hal.o
    0x0800115c   0x0800115c   0x00000014   Code   RO          634    .text.HAL_IncTick   stm32f4xx_hal.o
    0x08001170   0x08001170   0x00000034   Code   RO          624    .text.HAL_Init      stm32f4xx_hal.o
    0x080011a4   0x080011a4   0x0000003c   Code   RO          626    .text.HAL_InitTick  stm32f4xx_hal.o
    0x080011e0   0x080011e0   0x00000038   Code   RO          175    .text.HAL_MspInit   stm32f4xx_hal_msp.o
    0x08001218   0x08001218   0x00000018   Code   RO          578    .text.HAL_NVIC_EnableIRQ  stm32f4xx_hal_cortex.o
    0x08001230   0x08001230   0x0000004c   Code   RO          576    .text.HAL_NVIC_SetPriority  stm32f4xx_hal_cortex.o
    0x0800127c   0x0800127c   0x00000020   Code   RO          574    .text.HAL_NVIC_SetPriorityGrouping  stm32f4xx_hal_cortex.o
    0x0800129c   0x0800129c   0x0000010c   Code   RO          340    .text.HAL_RCCEx_PeriphCLKConfig  stm32f4xx_hal_rcc_ex.o
    0x080013a8   0x080013a8   0x00000118   Code   RO          302    .text.HAL_RCC_ClockConfig  stm32f4xx_hal_rcc.o
    0x080014c0   0x080014c0   0x00000014   Code   RO          314    .text.HAL_RCC_GetPCLK1Freq  stm32f4xx_hal_rcc.o
    0x080014d4   0x080014d4   0x00000020   Code   RO          316    .text.HAL_RCC_GetPCLK2Freq  stm32f4xx_hal_rcc.o
    0x080014f4   0x080014f4   0x0000005c   Code   RO          304    .text.HAL_RCC_GetSysClockFreq  stm32f4xx_hal_rcc.o
    0x08001550   0x08001550   0x00000330   Code   RO          300    .text.HAL_RCC_OscConfig  stm32f4xx_hal_rcc.o
    0x08001880   0x08001880   0x00000078   Code   RO          804    .text.HAL_RTC_Init  stm32f4xx_hal_rtc.o
    0x080018f8   0x080018f8   0x00000038   Code   RO           82    .text.HAL_RTC_MspInit  rtc.o
    0x08001930   0x08001930   0x000000d0   Code   RO          824    .text.HAL_RTC_SetDate  stm32f4xx_hal_rtc.o
    0x08001a00   0x08001a00   0x00000104   Code   RO          816    .text.HAL_RTC_SetTime  stm32f4xx_hal_rtc.o
    0x08001b04   0x08001b04   0x00000030   Code   RO          842    .text.HAL_RTC_WaitForSynchro  stm32f4xx_hal_rtc.o
    0x08001b34   0x08001b34   0x00000028   Code   RO          586    .text.HAL_SYSTICK_Config  stm32f4xx_hal_cortex.o
    0x08001b5c   0x08001b5c   0x00000002   Code   RO         1423    .text.HAL_TIMEx_BreakCallback  stm32f4xx_hal_tim_ex.o
    0x08001b5e   0x08001b5e   0x00000002   Code   RO         1419    .text.HAL_TIMEx_CommutCallback  stm32f4xx_hal_tim_ex.o
    0x08001b60   0x08001b60   0x0000001e   Code   RO          982    .text.HAL_TIM_Base_Init  stm32f4xx_hal_tim.o
    0x08001b7e   0x08001b7e   0x00000002   PAD
    0x08001b80   0x08001b80   0x00000064   Code   RO           99    .text.HAL_TIM_Base_MspInit  tim.o
    0x08001be4   0x08001be4   0x00000080   Code   RO          996    .text.HAL_TIM_Base_Start_IT  stm32f4xx_hal_tim.o
    0x08001c64   0x08001c64   0x00000002   Code   RO         1118    .text.HAL_TIM_IC_CaptureCallback  stm32f4xx_hal_tim.o
    0x08001c66   0x08001c66   0x00000126   Code   RO         1116    .text.HAL_TIM_IRQHandler  stm32f4xx_hal_tim.o
    0x08001d8c   0x08001d8c   0x00000002   Code   RO         1120    .text.HAL_TIM_OC_DelayElapsedCallback  stm32f4xx_hal_tim.o
    0x08001d8e   0x08001d8e   0x00000002   Code   RO         1122    .text.HAL_TIM_PWM_PulseFinishedCallback  stm32f4xx_hal_tim.o
    0x08001d90   0x08001d90   0x00000040   Code   RO           25    .text.HAL_TIM_PeriodElapsedCallback  main.o
    0x08001dd0   0x08001dd0   0x00000002   Code   RO         1126    .text.HAL_TIM_TriggerCallback  stm32f4xx_hal_tim.o
    0x08001dd2   0x08001dd2   0x00000002   Code   RO         1591    .text.HAL_UARTEx_RxEventCallback  stm32f4xx_hal_uart.o
    0x08001dd4   0x08001dd4   0x00000002   Code   RO         1589    .text.HAL_UART_ErrorCallback  stm32f4xx_hal_uart.o
    0x08001dd6   0x08001dd6   0x00000002   PAD
    0x08001dd8   0x08001dd8   0x00000238   Code   RO         1583    .text.HAL_UART_IRQHandler  stm32f4xx_hal_uart.o
    0x08002010   0x08002010   0x0000002c   Code   RO         1501    .text.HAL_UART_Init  stm32f4xx_hal_uart.o
    0x0800203c   0x0800203c   0x000000b8   Code   RO          123    .text.HAL_UART_MspInit  usart.o
    0x080020f4   0x080020f4   0x00000030   Code   RO         1525    .text.HAL_UART_Receive_IT  stm32f4xx_hal_uart.o
    0x08002124   0x08002124   0x0000003c   Code   RO         1801    .text.HAL_UART_RxCpltCallback  touch.o
    0x08002160   0x08002160   0x000000ac   Code   RO         1517    .text.HAL_UART_Transmit  stm32f4xx_hal_uart.o
    0x0800220c   0x0800220c   0x00000002   Code   RO         1593    .text.HAL_UART_TxCpltCallback  stm32f4xx_hal_uart.o
    0x0800220e   0x0800220e   0x00000002   Code   RO          142    .text.HardFault_Handler  stm32f4xx_it.o
    0x08002210   0x08002210   0x0000005c   Code   RO           50    .text.MX_ADC1_Init  adc.o
    0x0800226c   0x0800226c   0x00000034   Code   RO           65    .text.MX_DAC_Init   dac.o
    0x080022a0   0x080022a0   0x00000098   Code   RO           38    .text.MX_GPIO_Init  gpio.o
    0x08002338   0x08002338   0x00000070   Code   RO           80    .text.MX_RTC_Init   rtc.o
    0x080023a8   0x080023a8   0x00000028   Code   RO           95    .text.MX_TIM13_Init  tim.o
    0x080023d0   0x080023d0   0x00000024   Code   RO           97    .text.MX_TIM14_Init  tim.o
    0x080023f4   0x080023f4   0x00000020   Code   RO          119    .text.MX_USART1_UART_Init  usart.o
    0x08002414   0x08002414   0x00000020   Code   RO          121    .text.MX_USART6_UART_Init  usart.o
    0x08002434   0x08002434   0x00000002   Code   RO          144    .text.MemManage_Handler  stm32f4xx_it.o
    0x08002436   0x08002436   0x00000002   Code   RO          140    .text.NMI_Handler   stm32f4xx_it.o
    0x08002438   0x08002438   0x0000000a   Code   RO           40    .text.OUTLINED_FUNCTION_0  gpio.o
    0x08002442   0x08002442   0x00000012   Code   RO          103    .text.OUTLINED_FUNCTION_0  tim.o
    0x08002454   0x08002454   0x0000001c   Code   RO          127    .text.OUTLINED_FUNCTION_0  usart.o
    0x08002470   0x08002470   0x00000012   Code   RO          233    .text.OUTLINED_FUNCTION_0  stm32f4xx_hal_adc.o
    0x08002482   0x08002482   0x0000000c   Code   RO          326    .text.OUTLINED_FUNCTION_0  stm32f4xx_hal_rcc.o
    0x0800248e   0x0800248e   0x00000012   Code   RO          352    .text.OUTLINED_FUNCTION_0  stm32f4xx_hal_rcc_ex.o
    0x080024a0   0x080024a0   0x00000012   Code   RO          612    .text.OUTLINED_FUNCTION_0  stm32f4xx_hal_cortex.o
    0x080024b2   0x080024b2   0x0000000c   Code   RO          856    .text.OUTLINED_FUNCTION_0  stm32f4xx_hal_rtc.o
    0x080024be   0x080024be   0x00000014   Code   RO         1619    .text.OUTLINED_FUNCTION_0  stm32f4xx_hal_uart.o
    0x080024d2   0x080024d2   0x0000000e   Code   RO         1745    .text.OUTLINED_FUNCTION_0  key.o
    0x080024e0   0x080024e0   0x00000008   Code   RO         1839    .text.OUTLINED_FUNCTION_0  xl1509.o
    0x080024e8   0x080024e8   0x00000008   Code   RO         1864    .text.OUTLINED_FUNCTION_0  current.o
    0x080024f0   0x080024f0   0x00000012   Code   RO          235    .text.OUTLINED_FUNCTION_1  stm32f4xx_hal_adc.o
    0x08002502   0x08002502   0x0000000a   Code   RO          498    .text.OUTLINED_FUNCTION_1  stm32f4xx_hal_dma.o
    0x0800250c   0x0800250c   0x0000002e   Code   RO         1216    .text.OUTLINED_FUNCTION_1  stm32f4xx_hal_tim.o
    0x0800253a   0x0800253a   0x00000014   Code   RO         1621    .text.OUTLINED_FUNCTION_1  stm32f4xx_hal_uart.o
    0x0800254e   0x0800254e   0x0000000a   Code   RO         1747    .text.OUTLINED_FUNCTION_1  key.o
    0x08002558   0x08002558   0x00000008   Code   RO         1841    .text.OUTLINED_FUNCTION_1  xl1509.o
    0x08002560   0x08002560   0x0000000a   Code   RO         1234    .text.OUTLINED_FUNCTION_10  stm32f4xx_hal_tim.o
    0x0800256a   0x0800256a   0x00000014   Code   RO         1639    .text.OUTLINED_FUNCTION_10  stm32f4xx_hal_uart.o
    0x0800257e   0x0800257e   0x00000014   Code   RO         1641    .text.OUTLINED_FUNCTION_11  stm32f4xx_hal_uart.o
    0x08002592   0x08002592   0x0000000a   Code   RO         1238    .text.OUTLINED_FUNCTION_12  stm32f4xx_hal_tim.o
    0x0800259c   0x0800259c   0x00000008   Code   RO         1649    .text.OUTLINED_FUNCTION_15  stm32f4xx_hal_uart.o
    0x080025a4   0x080025a4   0x00000008   Code   RO         1651    .text.OUTLINED_FUNCTION_16  stm32f4xx_hal_uart.o
    0x080025ac   0x080025ac   0x0000000a   Code   RO         1657    .text.OUTLINED_FUNCTION_19  stm32f4xx_hal_uart.o
    0x080025b6   0x080025b6   0x00000012   Code   RO          237    .text.OUTLINED_FUNCTION_2  stm32f4xx_hal_adc.o
    0x080025c8   0x080025c8   0x0000000a   Code   RO          330    .text.OUTLINED_FUNCTION_2  stm32f4xx_hal_rcc.o
    0x080025d2   0x080025d2   0x00000014   Code   RO         1623    .text.OUTLINED_FUNCTION_2  stm32f4xx_hal_uart.o
    0x080025e6   0x080025e6   0x0000000a   Code   RO         1749    .text.OUTLINED_FUNCTION_2  key.o
    0x080025f0   0x080025f0   0x00000008   Code   RO         1659    .text.OUTLINED_FUNCTION_20  stm32f4xx_hal_uart.o
    0x080025f8   0x080025f8   0x0000000a   Code   RO         1268    .text.OUTLINED_FUNCTION_27  stm32f4xx_hal_tim.o
    0x08002602   0x08002602   0x0000000e   Code   RO          239    .text.OUTLINED_FUNCTION_3  stm32f4xx_hal_adc.o
    0x08002610   0x08002610   0x00000014   Code   RO         1278    .text.OUTLINED_FUNCTION_32  stm32f4xx_hal_tim.o
    0x08002624   0x08002624   0x0000000a   Code   RO          241    .text.OUTLINED_FUNCTION_4  stm32f4xx_hal_adc.o
    0x0800262e   0x0800262e   0x00000008   Code   RO          864    .text.OUTLINED_FUNCTION_4  stm32f4xx_hal_rtc.o
    0x08002636   0x08002636   0x00000016   Code   RO         1627    .text.OUTLINED_FUNCTION_4  stm32f4xx_hal_uart.o
    0x0800264c   0x0800264c   0x0000000a   Code   RO         1306    .text.OUTLINED_FUNCTION_46  stm32f4xx_hal_tim.o
    0x08002656   0x08002656   0x0000000e   Code   RO          243    .text.OUTLINED_FUNCTION_5  stm32f4xx_hal_adc.o
    0x08002664   0x08002664   0x00000008   Code   RO         1629    .text.OUTLINED_FUNCTION_5  stm32f4xx_hal_uart.o
    0x0800266c   0x0800266c   0x00000006   Code   RO         1314    .text.OUTLINED_FUNCTION_50  stm32f4xx_hal_tim.o
    0x08002672   0x08002672   0x0000000c   Code   RO         1631    .text.OUTLINED_FUNCTION_6  stm32f4xx_hal_uart.o
    0x0800267e   0x0800267e   0x0000000e   Code   RO         1228    .text.OUTLINED_FUNCTION_7  stm32f4xx_hal_tim.o
    0x0800268c   0x0800268c   0x0000001a   Code   RO         1633    .text.OUTLINED_FUNCTION_7  stm32f4xx_hal_uart.o
    0x080026a6   0x080026a6   0x00000002   Code   RO          154    .text.PendSV_Handler  stm32f4xx_it.o
    0x080026a8   0x080026a8   0x0000004e   Code   RO          808    .text.RTC_EnterInitMode  stm32f4xx_hal_rtc.o
    0x080026f6   0x080026f6   0x00000028   Code   RO          810    .text.RTC_ExitInitMode  stm32f4xx_hal_rtc.o
    0x0800271e   0x0800271e   0x00000002   Code   RO          150    .text.SVC_Handler   stm32f4xx_it.o
    0x08002720   0x08002720   0x00000004   Code   RO          156    .text.SysTick_Handler  stm32f4xx_it.o
    0x08002724   0x08002724   0x000000a4   Code   RO           13    .text.SystemClock_Config  main.o
    0x080027c8   0x080027c8   0x00000010   Code   RO         1675    .text.SystemInit    system_stm32f4xx.o
    0x080027d8   0x080027d8   0x0000000c   Code   RO          164    .text.TIM8_TRG_COM_TIM14_IRQHandler  stm32f4xx_it.o
    0x080027e4   0x080027e4   0x0000000c   Code   RO          162    .text.TIM8_UP_TIM13_IRQHandler  stm32f4xx_it.o
    0x080027f0   0x080027f0   0x000000d8   Code   RO          986    .text.TIM_Base_SetConfig  stm32f4xx_hal_tim.o
    0x080028c8   0x080028c8   0x0000000c   Code   RO         1587    .text.UART_DMAAbortOnError  stm32f4xx_hal_uart.o
    0x080028d4   0x080028d4   0x00000042   Code   RO         1549    .text.UART_EndRxTransfer  stm32f4xx_hal_uart.o
    0x08002916   0x08002916   0x000000b4   Code   RO         1585    .text.UART_Receive_IT  stm32f4xx_hal_uart.o
    0x080029ca   0x080029ca   0x00000002   PAD
    0x080029cc   0x080029cc   0x000000c8   Code   RO         1505    .text.UART_SetConfig  stm32f4xx_hal_uart.o
    0x08002a94   0x08002a94   0x00000036   Code   RO         1527    .text.UART_Start_Receive_IT  stm32f4xx_hal_uart.o
    0x08002aca   0x08002aca   0x0000005a   Code   RO         1519    .text.UART_WaitOnFlagUntilTimeout  stm32f4xx_hal_uart.o
    0x08002b24   0x08002b24   0x00000008   Code   RO          160    .text.USART1_IRQHandler  stm32f4xx_it.o
    0x08002b2c   0x08002b2c   0x00000008   Code   RO          166    .text.USART6_IRQHandler  stm32f4xx_it.o
    0x08002b34   0x08002b34   0x00000002   Code   RO          148    .text.UsageFault_Handler  stm32f4xx_it.o
    0x08002b36   0x08002b36   0x00000002   PAD
    0x08002b38   0x08002b38   0x00000040   Code   RO         1762    .text.VGUS_WriteData  uartscreen.o
    0x08002b78   0x08002b78   0x00000008   Code   RO         1827    .text.XL1509_Init   xl1509.o
    0x08002b80   0x08002b80   0x00000020   Code   RO         1829    .text.XL1509_SetVoltage  xl1509.o
    0x08002ba0   0x08002ba0   0x00000040   Code   RO           17    .text.app_Init      main.o
    0x08002be0   0x08002be0   0x0000001e   Code   RO           15    .text.bsp_Init      main.o
    0x08002bfe   0x08002bfe   0x00000002   PAD
    0x08002c00   0x08002c00   0x00000014   Code   RO          117    .text.fputc         usart.o
    0x08002c14   0x08002c14   0x00000004   PAD
    0x08002c18   0x08002c18   0x000000e8   Code   RO         1831    .text.function      xl1509.o
    0x08002d00   0x08002d00   0x00000014   Code   RO         1837    .text.getOnOff      xl1509.o
    0x08002d14   0x08002d14   0x00000010   Code   RO         1799    .text.getScreenValue  touch.o
    0x08002d24   0x08002d24   0x0000000c   Code   RO         1835    .text.getVoltage    xl1509.o
    0x08002d30   0x08002d30   0x0000005c   Code   RO           21    .text.handoutScreenValue  main.o
    0x08002d8c   0x08002d8c   0x00000018   Code   RO         1797    .text.handout_data  touch.o
    0x08002da4   0x08002da4   0x0000002c   Code   RO         1795    .text.initTouch     touch.o
    0x08002dd0   0x08002dd0   0x00000002   Code   RO         1711    .text.key0_double_click_callback  key.o
    0x08002dd2   0x08002dd2   0x00000002   Code   RO         1721    .text.key0_long_long_press_callback  key.o
    0x08002dd4   0x08002dd4   0x00000002   Code   RO         1723    .text.key0_long_long_release_callback  key.o
    0x08002dd6   0x08002dd6   0x00000002   Code   RO         1713    .text.key0_long_press_callback  key.o
    0x08002dd8   0x08002dd8   0x00000002   Code   RO         1715    .text.key0_long_release_callback  key.o
    0x08002dda   0x08002dda   0x00000002   Code   RO         1717    .text.key0_short_long_press_callback  key.o
    0x08002ddc   0x08002ddc   0x00000002   Code   RO         1719    .text.key0_short_long_release_callback  key.o
    0x08002dde   0x08002dde   0x00000002   Code   RO         1709    .text.key0_single_click_callback  key.o
    0x08002de0   0x08002de0   0x00000002   Code   RO         1727    .text.key1_double_click_callback  key.o
    0x08002de2   0x08002de2   0x00000002   Code   RO         1737    .text.key1_long_long_press_callback  key.o
    0x08002de4   0x08002de4   0x00000002   Code   RO         1739    .text.key1_long_long_release_callback  key.o
    0x08002de6   0x08002de6   0x00000002   Code   RO         1729    .text.key1_long_press_callback  key.o
    0x08002de8   0x08002de8   0x00000002   Code   RO         1731    .text.key1_long_release_callback  key.o
    0x08002dea   0x08002dea   0x00000002   Code   RO         1733    .text.key1_short_long_press_callback  key.o
    0x08002dec   0x08002dec   0x00000002   Code   RO         1735    .text.key1_short_long_release_callback  key.o
    0x08002dee   0x08002dee   0x00000002   Code   RO         1725    .text.key1_single_click_callback  key.o
    0x08002df0   0x08002df0   0x00000048   Code   RO           11    .text.main          main.o
    0x08002e38   0x08002e38   0x000000ac   Code   RO         1741    .text.my_key_init   key.o
    0x08002ee4   0x08002ee4   0x000001ac   Code   RO         1743    .text.my_key_scan   key.o
    0x08003090   0x08003090   0x00000040   Code   RO           23    .text.oneSecondSendCurrent  main.o
    0x080030d0   0x080030d0   0x00000084   Code   RO         1858    .text.partition     current.o
    0x08003154   0x08003154   0x00000028   Code   RO         1860    .text.quickSort     current.o
    0x0800317c   0x0800317c   0x00000014   Code   RO         1705    .text.read_key1     key.o
    0x08003190   0x08003190   0x00000018   Code   RO         1707    .text.read_key2     key.o
    0x080031a8   0x080031a8   0x00000090   Code   RO         1854    .text.returnCurrent  current.o
    0x08003238   0x08003238   0x00000018   Code   RO         1785    .text.rtcClockInit  rtcclock..o
    0x08003250   0x08003250   0x00000028   Code   RO         1781    .text.setDateTime   rtcclock..o
    0x08003278   0x08003278   0x000000c4   Code   RO         1862    .text.smooth_filter  current.o
    0x0800333c   0x0800333c   0x0000001c   Code   RO         1852    .text.startGetCurrent  current.o
    0x08003358   0x08003358   0x0000002e   Code   RO         1817    .text.transmitCurrentByMCU  poweruartscreen.o
    0x08003386   0x08003386   0x00000002   PAD
    0x08003388   0x08003388   0x00000044   Code   RO         1815    .text.transmitONOFF  poweruartscreen.o
    0x080033cc   0x080033cc   0x0000001c   Code   RO         1813    .text.transmitVoltage  poweruartscreen.o
    0x080033e8   0x080033e8   0x00000058   Code   RO         1833    .text.xiaoqingqing_function  xl1509.o
    0x08003440   0x08003440   0x00000020   Code   RO         1941    i.__0printf$1       mc_w.l(printf1.o)
    0x08003460   0x08003460   0x0000000e   Code   RO         2217    i.__scatterload_copy  mc_w.l(handlers.o)
    0x0800346e   0x0800346e   0x00000002   Code   RO         2218    i.__scatterload_null  mc_w.l(handlers.o)
    0x08003470   0x08003470   0x0000000e   Code   RO         2219    i.__scatterload_zeroinit  mc_w.l(handlers.o)
    0x0800347e   0x0800347e   0x00000002   PAD
    0x08003480   0x08003480   0x00000154   Code   RO         1948    i._printf_core      mc_w.l(printf1.o)
    0x080035d4   0x080035d4   0x00000010   Data   RO         1680    .rodata.AHBPrescTable  system_stm32f4xx.o
    0x080035e4   0x080035e4   0x00000008   Data   RO         1681    .rodata.APBPrescTable  system_stm32f4xx.o
    0x080035ec   0x080035ec   0x00000020   Data   RO         2216    Region$$Table       anon$$obj.o


    Execution Region RW_IRAM1 (Exec base: 0x20000000, Load base: 0x08003610, Size: 0x00000730, Max: 0x00020000, ABSOLUTE)

    Exec Addr    Load Addr    Size         Type   Attr      Idx    E Section Name        Object

    0x20000000   0x08003610   0x00000008   Data   RW          683    .data..L_MergedGlobals  stm32f4xx_hal.o
    0x20000008   0x08003618   0x00000004   Data   RW         1679    .data.SystemCoreClock  system_stm32f4xx.o
    0x2000000c   0x0800361c   0x00000002   Data   RW         1843    .data.now_voltage   xl1509.o
    0x2000000e   0x0800361e   0x00000002   PAD
    0x20000010        -       0x00000030   Zero   RW         1787    .bss..L_MergedGlobals  rtcclock..o
    0x20000040        -       0x00000018   Zero   RW         1804    .bss..L_MergedGlobals  touch.o
    0x20000058        -       0x00000064   Zero   RW         1866    .bss..L_MergedGlobals  current.o
    0x200000bc        -       0x00000054   Zero   RW          131    .bss.__stdout       usart.o
    0x20000110        -       0x00000004   Zero   RW         1696    .bss.fac_us         delay.o
    0x20000114        -       0x00000048   Zero   RW           56    .bss.hadc1          adc.o
    0x2000015c        -       0x00000014   Zero   RW           71    .bss.hdac           dac.o
    0x20000170        -       0x00000020   Zero   RW           86    .bss.hrtc           rtc.o
    0x20000190        -       0x00000048   Zero   RW          105    .bss.htim13         tim.o
    0x200001d8        -       0x00000048   Zero   RW          106    .bss.htim14         tim.o
    0x20000220        -       0x00000044   Zero   RW          129    .bss.huart1         usart.o
    0x20000264        -       0x00000044   Zero   RW          130    .bss.huart6         usart.o
    0x200002a8        -       0x00000060   Zero   RW         1751    .bss.key_param      key.o
    0x20000308        -       0x00000002   Zero   RW           28    .bss.oneSecondSendCurrent.count  main.o
    0x2000030a        -       0x00000002   Zero   RW           27    .bss.temp           main.o
    0x2000030c        -       0x00000020   Zero   RW         1772    .bss.transmitBuffer  uartscreen.o
    0x2000032c        -       0x00000004   Zero   RW          682    .bss.uwTick         stm32f4xx_hal.o
    0x20000330        -       0x00000400   Zero   RW            1    STACK               startup_stm32f407xx.o


==============================================================================

Image component sizes


      Code (inc. data)   RO Data    RW Data    ZI Data      Debug   Object Name

       192         12          0          0         72       7295   adc.o
       550         56          0          0        100       5045   current.o
       144         16          0          0         20       4885   dac.o
        70          8          0          0          4       1549   delay.o
       162          8          0          0          0       2505   gpio.o
       710        102          0          0         96       5091   key.o
       558         56          0          0          4       7499   main.o
       142          8          0          0          0       1488   poweruartscreen.o
       168         20          0          0         32       3749   rtc.o
        64         12          0          0         48       3097   rtcclock..o
        36          8        392          0       1024        880   startup_stm32f407xx.o
       140         12          0          8          4       7507   stm32f4xx_hal.o
      1328         44          0          0          0      11537   stm32f4xx_hal_adc.o
         2          0          0          0          0       9604   stm32f4xx_hal_adc_ex.o
       190         24          0          0          0      10359   stm32f4xx_hal_cortex.o
       218          0          0          0          0       7830   stm32f4xx_hal_dac.o
       168          0          0          0          0       9497   stm32f4xx_hal_dma.o
       440         24          0          0          0       5288   stm32f4xx_hal_gpio.o
        56          4          0          0          0       1518   stm32f4xx_hal_msp.o
      1262         48          0          0          0       7728   stm32f4xx_hal_rcc.o
       286         16          0          0          0       4436   stm32f4xx_hal_rcc_ex.o
       774          8          0          0          0      14904   stm32f4xx_hal_rtc.o
       802         72          0          0          0      47772   stm32f4xx_hal_tim.o
         4          0          0          0          0      20142   stm32f4xx_hal_tim_ex.o
      1642         12          0          0          0      25352   stm32f4xx_hal_uart.o
        72         12          0          0          0       7085   stm32f4xx_it.o
        16          4         24          4          0       2697   system_stm32f4xx.o
       194         20          0          0        144       7268   tim.o
       144         20          0          0         24       4206   touch.o
        64          4          0          0         32       5077   uartscreen.o
       296         20          0          0        220       7995   usart.o
       408         96          0          2          0       4524   xl1509.o

    ----------------------------------------------------------------------
     11324        750        448         16       1824     265409   Object Totals
         0          0         32          0          0          0   (incl. Generated)
        22          4          0          2          0          0   (incl. Padding)

    ----------------------------------------------------------------------

      Code (inc. data)   RO Data    RW Data    ZI Data      Debug   Library Member Name

         0          0          0          0          0          0   entry.o
         0          0          0          0          0          0   entry10a.o
         0          0          0          0          0          0   entry11a.o
         8          4          0          0          0          0   entry2.o
         4          0          0          0          0          0   entry5.o
         0          0          0          0          0          0   entry7b.o
         0          0          0          0          0          0   entry8b.o
         8          4          0          0          0          0   entry9a.o
        30          0          0          0          0          0   handlers.o
        48         10          0          0          0         68   init.o
         0          0          0          0          0          0   iusefp.o
        30          0          0          0          0         68   llshl.o
        36          0          0          0          0         68   llsshr.o
        32          0          0          0          0         68   llushr.o
        36          0          0          0          0        108   memseta.o
       372         14          0          0          0        184   printf1.o
        44          0          0          0          0         80   uidiv.o
        98          0          0          0          0         92   uldiv.o
        56          0          0          0          0         88   d2f.o
       334          0          0          0          0        148   dadd.o
        54          0          0          0          0         80   dcmplt.o
       222          0          0          0          0        100   ddiv.o
       186          0          0          0          0        176   depilogue.o
        62          0          0          0          0         80   dfixi.o
        26          0          0          0          0         76   dfltui.o
       228          0          0          0          0         96   dmul.o
        38          0          0          0          0         68   f2d.o
       110          0          0          0          0        168   fepilogue.o

    ----------------------------------------------------------------------
      2064         32          0          0          0       1816   Library Totals
         2          0          0          0          0          0   (incl. Padding)

    ----------------------------------------------------------------------

      Code (inc. data)   RO Data    RW Data    ZI Data      Debug   Library Name

       746         32          0          0          0        736   mc_w.l
      1316          0          0          0          0       1080   mf_w.l

    ----------------------------------------------------------------------
      2064         32          0          0          0       1816   Library Totals

    ----------------------------------------------------------------------

==============================================================================


      Code (inc. data)   RO Data    RW Data    ZI Data      Debug   

     13388        782        448         16       1824     265997   Grand Totals
     13388        782        448         16       1824     265997   ELF Image Totals
     13388        782        448         16          0          0   ROM Totals

==============================================================================

    Total RO  Size (Code + RO Data)                13836 (  13.51kB)
    Total RW  Size (RW Data + ZI Data)              1840 (   1.80kB)
    Total ROM Size (Code + RO Data + RW Data)      13852 (  13.53kB)

==============================================================================

