<html>
<body>
<pre>
<h1>µVision Build Log</h1>
<h2>Tool Versions:</h2>
IDE-Version: ¦ÌVision V5.24.2.0
Copyright (C) 2017 ARM Ltd and ARM Germany GmbH. All rights reserved.
License Information: Aki Aki, Aki, LIC=ZB4EI-TC0FK-VENHA-1GYZY-QL62B-PMCEZ
 
Tool Versions:
Toolchain:       MDK-ARM Plus  Version: 5.24.1
Toolchain Path:  E:\Simulation_Software\keil5\Software\ARM\ARMCC\Bin
C Compiler:      Armcc.exe V5.06 update 5 (build 528)
Assembler:       Armasm.exe V5.06 update 5 (build 528)
Linker/Locator:  ArmLink.exe V5.06 update 5 (build 528)
Library Manager: ArmAr.exe V5.06 update 5 (build 528)
Hex Converter:   FromElf.exe V5.06 update 5 (build 528)
CPU DLL:         SARMCM3.DLL V5.24.1
Dialog DLL:      DCM.DLL V1.16.0.0
Target DLL:      STLink\ST-LINKIII-KEIL_SWO.dll V3.0.1.0
Dialog DLL:      TCM.DLL V1.32.0.0
 
<h2>Project:</h2>
C:\Users\Aki\Desktop\dlzhsj\Task2\Program\Aki\MDK-ARM\Aki.uvprojx
Project File Date:  05/20/2025

<h2>Output:</h2>
*** Using Compiler 'V5.06 update 5 (build 528)', folder: 'E:\Simulation_Software\keil5\Software\ARM\ARMCC\Bin'
Rebuild target 'Aki'
assembling startup_stm32f407xx.s...
compiling stm32f4xx_ll_adc.c...
compiling stm32f4xx_hal_adc_ex.c...
compiling stm32f4xx_hal_gpio.c...
compiling system_stm32f4xx.c...
compiling XL1509_enable.c...
compiling tim.c...
compiling stm32f4xx_hal_flash_ex.c...
compiling main.c...
compiling delay.c...
compiling stm32f4xx_hal_dma.c...
compiling XL1509_DAC_Control.c...
compiling dac.c...
compiling stm32f4xx_hal_exti.c...
compiling stm32f4xx_hal_flash_ramfunc.c...
compiling stm32f4xx_hal_flash.c...
compiling stm32f4xx_hal_cortex.c...
compiling uart_gui.c...
compiling stm32f4xx_hal_pwr_ex.c...
compiling stm32f4xx_hal.c...
compiling stm32f4xx_hal_pwr.c...
compiling stm32f4xx_hal_adc.c...
compiling stm32f4xx_hal_rcc_ex.c...
compiling XL1509_Current.c...
compiling usart.c...
compiling stm32f4xx_hal_dac_ex.c...
compiling adc.c...
compiling stm32f4xx_hal_tim_ex.c...
compiling stm32f4xx_hal_dac.c...
compiling gpio.c...
compiling stm32f4xx_hal_dma_ex.c...
compiling stm32f4xx_hal_rcc.c...
compiling stm32f4xx_hal_uart.c...
compiling stm32f4xx_hal_tim.c...
compiling stm32f4xx_it.c...
compiling stm32f4xx_hal_msp.c...
linking...
Program Size: Code=10132 RO-data=476 RW-data=60 ZI-data=1324  
FromELF: creating hex file...
"Aki\Aki.axf" - 0 Error(s), 0 Warning(s).

<h2>Software Packages used:</h2>

Package Vendor: ARM
                http://www.keil.com/pack/ARM.CMSIS.5.0.1.pack
                ARM.CMSIS.5.0.1
                CMSIS (Cortex Microcontroller Software Interface Standard)
   * Component: CORE Version: 5.0.1

Package Vendor: Keil
                http://www.keil.com/pack/Keil.STM32F4xx_DFP.2.15.0.pack
                Keil.STM32F4xx_DFP.2.15.0
                STMicroelectronics STM32F4 Series Device Support, Drivers and Examples

<h2>Collection of Component include folders:</h2>
  .\RTE\_Aki
  E:\Simulation_Software\keil5\Package\ARM\CMSIS\5.0.1\CMSIS\Include
  E:\Simulation_Software\keil5\Package\Keil\STM32F4xx_DFP\2.15.0\Drivers\CMSIS\Device\ST\STM32F4xx\Include

<h2>Collection of Component Files used:</h2>

   * Component: ARM::CMSIS:CORE:5.0.1
Build Time Elapsed:  00:00:06
</pre>
</body>
</html>
