Component: ARM Compiler 5.06 (build 20) Tool: armlink [4d35a3]

==============================================================================

Section Cross References

    startup_stm32f407xx.o(STACK) refers (Special) to heapauxi.o(.text) for __use_two_region_memory
    startup_stm32f407xx.o(HEAP) refers (Special) to heapauxi.o(.text) for __use_two_region_memory
    startup_stm32f407xx.o(RESET) refers (Special) to heapauxi.o(.text) for __use_two_region_memory
    startup_stm32f407xx.o(RESET) refers to startup_stm32f407xx.o(STACK) for __initial_sp
    startup_stm32f407xx.o(RESET) refers to startup_stm32f407xx.o(.text) for Reset_Handler
    startup_stm32f407xx.o(RESET) refers to stm32f4xx_it.o(i.NMI_Handler) for NMI_Handler
    startup_stm32f407xx.o(RESET) refers to stm32f4xx_it.o(i.HardFault_Handler) for HardFault_Handler
    startup_stm32f407xx.o(RESET) refers to stm32f4xx_it.o(i.MemManage_Handler) for MemManage_Handler
    startup_stm32f407xx.o(RESET) refers to stm32f4xx_it.o(i.BusFault_Handler) for BusFault_Handler
    startup_stm32f407xx.o(RESET) refers to stm32f4xx_it.o(i.UsageFault_Handler) for UsageFault_Handler
    startup_stm32f407xx.o(RESET) refers to stm32f4xx_it.o(i.SVC_Handler) for SVC_Handler
    startup_stm32f407xx.o(RESET) refers to stm32f4xx_it.o(i.DebugMon_Handler) for DebugMon_Handler
    startup_stm32f407xx.o(RESET) refers to stm32f4xx_it.o(i.PendSV_Handler) for PendSV_Handler
    startup_stm32f407xx.o(RESET) refers to stm32f4xx_it.o(i.SysTick_Handler) for SysTick_Handler
    startup_stm32f407xx.o(RESET) refers to stm32f4xx_it.o(i.DMA1_Stream5_IRQHandler) for DMA1_Stream5_IRQHandler
    startup_stm32f407xx.o(RESET) refers to stm32f4xx_it.o(i.USART6_IRQHandler) for USART6_IRQHandler
    startup_stm32f407xx.o(.text) refers (Special) to heapauxi.o(.text) for __use_two_region_memory
    startup_stm32f407xx.o(.text) refers to system_stm32f4xx.o(i.SystemInit) for SystemInit
    startup_stm32f407xx.o(.text) refers to __main.o(!!!main) for __main
    startup_stm32f407xx.o(.text) refers to startup_stm32f407xx.o(HEAP) for Heap_Mem
    startup_stm32f407xx.o(.text) refers to startup_stm32f407xx.o(STACK) for Stack_Mem
    stm32f4xx_hal_dac.o(i.DAC_DMAConvCpltCh1) refers to stm32f4xx_hal_dac.o(i.HAL_DAC_ConvCpltCallbackCh1) for HAL_DAC_ConvCpltCallbackCh1
    stm32f4xx_hal_dac.o(i.DAC_DMAErrorCh1) refers to stm32f4xx_hal_dac.o(i.HAL_DAC_ErrorCallbackCh1) for HAL_DAC_ErrorCallbackCh1
    stm32f4xx_hal_dac.o(i.DAC_DMAHalfConvCpltCh1) refers to stm32f4xx_hal_dac.o(i.HAL_DAC_ConvHalfCpltCallbackCh1) for HAL_DAC_ConvHalfCpltCallbackCh1
    stm32f4xx_hal_dac.o(i.HAL_DAC_DeInit) refers to dac.o(i.HAL_DAC_MspDeInit) for HAL_DAC_MspDeInit
    stm32f4xx_hal_dac.o(i.HAL_DAC_IRQHandler) refers to stm32f4xx_hal_dac.o(i.HAL_DAC_DMAUnderrunCallbackCh1) for HAL_DAC_DMAUnderrunCallbackCh1
    stm32f4xx_hal_dac.o(i.HAL_DAC_IRQHandler) refers to stm32f4xx_hal_dac_ex.o(i.HAL_DACEx_DMAUnderrunCallbackCh2) for HAL_DACEx_DMAUnderrunCallbackCh2
    stm32f4xx_hal_dac.o(i.HAL_DAC_Init) refers to dac.o(i.HAL_DAC_MspInit) for HAL_DAC_MspInit
    stm32f4xx_hal_dac.o(i.HAL_DAC_Start_DMA) refers to stm32f4xx_hal_dma.o(i.HAL_DMA_Start_IT) for HAL_DMA_Start_IT
    stm32f4xx_hal_dac.o(i.HAL_DAC_Start_DMA) refers to stm32f4xx_hal_dac_ex.o(i.DAC_DMAConvCpltCh2) for DAC_DMAConvCpltCh2
    stm32f4xx_hal_dac.o(i.HAL_DAC_Start_DMA) refers to stm32f4xx_hal_dac_ex.o(i.DAC_DMAHalfConvCpltCh2) for DAC_DMAHalfConvCpltCh2
    stm32f4xx_hal_dac.o(i.HAL_DAC_Start_DMA) refers to stm32f4xx_hal_dac_ex.o(i.DAC_DMAErrorCh2) for DAC_DMAErrorCh2
    stm32f4xx_hal_dac.o(i.HAL_DAC_Start_DMA) refers to stm32f4xx_hal_dac.o(i.DAC_DMAConvCpltCh1) for DAC_DMAConvCpltCh1
    stm32f4xx_hal_dac.o(i.HAL_DAC_Start_DMA) refers to stm32f4xx_hal_dac.o(i.DAC_DMAHalfConvCpltCh1) for DAC_DMAHalfConvCpltCh1
    stm32f4xx_hal_dac.o(i.HAL_DAC_Start_DMA) refers to stm32f4xx_hal_dac.o(i.DAC_DMAErrorCh1) for DAC_DMAErrorCh1
    stm32f4xx_hal_dac.o(i.HAL_DAC_Stop_DMA) refers to stm32f4xx_hal_dma.o(i.HAL_DMA_Abort) for HAL_DMA_Abort
    stm32f4xx_hal_dac_ex.o(i.DAC_DMAConvCpltCh2) refers to stm32f4xx_hal_dac_ex.o(i.HAL_DACEx_ConvCpltCallbackCh2) for HAL_DACEx_ConvCpltCallbackCh2
    stm32f4xx_hal_dac_ex.o(i.DAC_DMAErrorCh2) refers to stm32f4xx_hal_dac_ex.o(i.HAL_DACEx_ErrorCallbackCh2) for HAL_DACEx_ErrorCallbackCh2
    stm32f4xx_hal_dac_ex.o(i.DAC_DMAHalfConvCpltCh2) refers to stm32f4xx_hal_dac_ex.o(i.HAL_DACEx_ConvHalfCpltCallbackCh2) for HAL_DACEx_ConvHalfCpltCallbackCh2
    stm32f4xx_hal_rcc.o(i.HAL_RCC_ClockConfig) refers to stm32f4xx_hal.o(i.HAL_GetTick) for HAL_GetTick
    stm32f4xx_hal_rcc.o(i.HAL_RCC_ClockConfig) refers to stm32f4xx_hal_rcc.o(i.HAL_RCC_GetSysClockFreq) for HAL_RCC_GetSysClockFreq
    stm32f4xx_hal_rcc.o(i.HAL_RCC_ClockConfig) refers to stm32f4xx_hal.o(i.HAL_InitTick) for HAL_InitTick
    stm32f4xx_hal_rcc.o(i.HAL_RCC_ClockConfig) refers to system_stm32f4xx.o(.constdata) for AHBPrescTable
[...]
    ..\Core\Src\system_stm32f4xx.c           0x00000000   Number         0  system_stm32f4xx.o ABSOLUTE
    ..\Core\Src\tim.c                        0x00000000   Number         0  tim.o ABSOLUTE
    ..\Core\Src\usart.c                      0x00000000   Number         0  usart.o ABSOLUTE
    ..\Drivers\BSP\CD4053\CD4053.c           0x00000000   Number         0  cd4053.o ABSOLUTE
    ..\Drivers\BSP\DAC\DAC_Change.c          0x00000000   Number         0  dac_change.o ABSOLUTE
    ..\Drivers\STM32F4xx_HAL_Driver\Src\stm32f4xx_hal.c 0x00000000   Number         0  stm32f4xx_hal.o ABSOLUTE
    ..\Drivers\STM32F4xx_HAL_Driver\Src\stm32f4xx_hal_cortex.c 0x00000000   Number         0  stm32f4xx_hal_cortex.o ABSOLUTE
    ..\Drivers\STM32F4xx_HAL_Driver\Src\stm32f4xx_hal_dac.c 0x00000000   Number         0  stm32f4xx_hal_dac.o ABSOLUTE
    ..\Drivers\STM32F4xx_HAL_Driver\Src\stm32f4xx_hal_dac_ex.c 0x00000000   Number         0  stm32f4xx_hal_dac_ex.o ABSOLUTE
    ..\Drivers\STM32F4xx_HAL_Driver\Src\stm32f4xx_hal_dma.c 0x00000000   Number         0  stm32f4xx_hal_dma.o ABSOLUTE
    ..\Drivers\STM32F4xx_HAL_Driver\Src\stm32f4xx_hal_dma_ex.c 0x00000000   Number         0  stm32f4xx_hal_dma_ex.o ABSOLUTE
    ..\Drivers\STM32F4xx_HAL_Driver\Src\stm32f4xx_hal_exti.c 0x00000000   Number         0  stm32f4xx_hal_exti.o ABSOLUTE
    ..\Drivers\STM32F4xx_HAL_Driver\Src\stm32f4xx_hal_flash.c 0x00000000   Number         0  stm32f4xx_hal_flash.o ABSOLUTE
    ..\Drivers\STM32F4xx_HAL_Driver\Src\stm32f4xx_hal_flash_ex.c 0x00000000   Number         0  stm32f4xx_hal_flash_ex.o ABSOLUTE
    ..\Drivers\STM32F4xx_HAL_Driver\Src\stm32f4xx_hal_flash_ramfunc.c 0x00000000   Number         0  stm32f4xx_hal_flash_ramfunc.o ABSOLUTE
    ..\Drivers\STM32F4xx_HAL_Driver\Src\stm32f4xx_hal_gpio.c 0x00000000   Number         0  stm32f4xx_hal_gpio.o ABSOLUTE
    ..\Drivers\STM32F4xx_HAL_Driver\Src\stm32f4xx_hal_pwr.c 0x00000000   Number         0  stm32f4xx_hal_pwr.o ABSOLUTE
    ..\Drivers\STM32F4xx_HAL_Driver\Src\stm32f4xx_hal_pwr_ex.c 0x00000000   Number         0  stm32f4xx_hal_pwr_ex.o ABSOLUTE
    ..\Drivers\STM32F4xx_HAL_Driver\Src\stm32f4xx_hal_rcc.c 0x00000000   Number         0  stm32f4xx_hal_rcc.o ABSOLUTE
    ..\Drivers\STM32F4xx_HAL_Driver\Src\stm32f4xx_hal_rcc_ex.c 0x00000000   Number         0  stm32f4xx_hal_rcc_ex.o ABSOLUTE
    ..\Drivers\STM32F4xx_HAL_Driver\Src\stm32f4xx_hal_tim.c 0x00000000   Number         0  stm32f4xx_hal_tim.o ABSOLUTE
    ..\Drivers\STM32F4xx_HAL_Driver\Src\stm32f4xx_hal_tim_ex.c 0x00000000   Number         0  stm32f4xx_hal_tim_ex.o ABSOLUTE
    ..\Drivers\STM32F4xx_HAL_Driver\Src\stm32f4xx_hal_uart.c 0x00000000   Number         0  stm32f4xx_hal_uart.o ABSOLUTE
    ..\Drivers\SYSTEM\delay\delay.c          0x00000000   Number         0  delay.o ABSOLUTE
    ..\\Drivers\\BSP\\CD4053\\CD4053.c       0x00000000   Number         0  cd4053.o ABSOLUTE
    ..\\Drivers\\BSP\\DAC\\DAC_Change.c      0x00000000   Number         0  dac_change.o ABSOLUTE
    ..\\Drivers\\SYSTEM\\delay\\delay.c      0x00000000   Number         0  delay.o ABSOLUTE
    dc.s                                     0x00000000   Number         0  dc.o ABSOLUTE
    startup_stm32f407xx.s                    0x00000000   Number         0  startup_stm32f407xx.o ABSOLUTE
    RESET                                    0x08000000   Section      392  startup_stm32f407xx.o(RESET)
    !!!main                                  0x08000188   Section        8  __main.o(!!!main)
    !!!scatter                               0x08000190   Section       52  __scatter.o(!!!scatter)
    !!handler_copy                           0x080001c4   Section       26  __scatter_copy.o(!!handler_copy)
    !!handler_zi                             0x080001e0   Section       28  __scatter_zi.o(!!handler_zi)
    .ARM.Collect$$libinit$$00000000          0x080001fc   Section        2  libinit.o(.ARM.Collect$$libinit$$00000000)
    .ARM.Collect$$libinit$$00000001          0x080001fe   Section        4  libinit2.o(.ARM.Collect$$libinit$$00000001)
    .ARM.Collect$$libinit$$00000004          0x08000202   Section        0  libinit2.o(.ARM.Collect$$libinit$$00000004)
    .ARM.Collect$$libinit$$0000000A          0x08000202   Section        0  libinit2.o(.ARM.Collect$$libinit$$0000000A)
    .ARM.Collect$$libinit$$0000000C          0x08000202   Section        0  libinit2.o(.ARM.Collect$$libinit$$0000000C)
    .ARM.Collect$$libinit$$0000000E          0x08000202   Section        0  libinit2.o(.ARM.Collect$$libinit$$0000000E)
    .ARM.Collect$$libinit$$00000011          0x08000202   Section        0  libinit2.o(.ARM.Collect$$libinit$$00000011)
    .ARM.Collect$$libinit$$00000013          0x08000202   Section        0  libinit2.o(.ARM.Collect$$libinit$$00000013)
    .ARM.Collect$$libinit$$00000015          0x08000202   Section        0  libinit2.o(.ARM.Collect$$libinit$$00000015)
    .ARM.Collect$$libinit$$00000017          0x08000202   Section        0  libinit2.o(.ARM.Collect$$libinit$$00000017)
    .ARM.Collect$$libinit$$00000019          0x08000202   Section        0  libinit2.o(.ARM.Collect$$libinit$$00000019)
    .ARM.Collect$$libinit$$0000001B          0x08000202   Section        0  libinit2.o(.ARM.Collect$$libinit$$0000001B)
    .ARM.Collect$$libinit$$0000001D          0x08000202   Section        0  libinit2.o(.ARM.Collect$$libinit$$0000001D)
    .ARM.Collect$$libinit$$0000001F          0x08000202   Section        0  libinit2.o(.ARM.Collect$$libinit$$0000001F)
    .ARM.Collect$$libinit$$00000021          0x08000202   Section        0  libinit2.o(.ARM.Collect$$libinit$$00000021)
    .ARM.Collect$$libinit$$00000023          0x08000202   Section        0  libinit2.o(.ARM.Collect$$libinit$$00000023)
    .ARM.Collect$$libinit$$00000025          0x08000202   Section        0  libinit2.o(.ARM.Collect$$libinit$$00000025)
    .ARM.Collect$$libinit$$0000002C          0x08000202   Section        0  libinit2.o(.ARM.Collect$$libinit$$0000002C)
    .ARM.Collect$$libinit$$0000002E          0x08000202   Section        0  libinit2.o(.ARM.Collect$$libinit$$0000002E)
    .ARM.Collect$$libinit$$00000030          0x08000202   Section        0  libinit2.o(.ARM.Collect$$libinit$$00000030)
    .ARM.Collect$$libinit$$00000032          0x08000202   Section        0  libinit2.o(.ARM.Collect$$libinit$$00000032)
    .ARM.Collect$$libinit$$00000033          0x08000202   Section        2  libinit2.o(.ARM.Collect$$libinit$$00000033)
    .ARM.Collect$$libshutdown$$00000000      0x08000204   Section        2  libshutdown.o(.ARM.Collect$$libshutdown$$00000000)
    .ARM.Collect$$libshutdown$$00000002      0x08000206   Section        0  libshutdown2.o(.ARM.Collect$$libshutdown$$00000002)
    .ARM.Collect$$libshutdown$$00000004      0x08000206   Section        0  libshutdown2.o(.ARM.Collect$$libshutdown$$00000004)
    .ARM.Collect$$libshutdown$$00000007      0x08000206   Section        0  libshutdown2.o(.ARM.Collect$$libshutdown$$00000007)
    .ARM.Collect$$libshutdown$$0000000A      0x08000206   Section        0  libshutdown2.o(.ARM.Collect$$libshutdown$$0000000A)
    .ARM.Collect$$libshutdown$$0000000C      0x08000206   Section        0  libshutdown2.o(.ARM.Collect$$libshutdown$$0000000C)
    .ARM.Collect$$libshutdown$$0000000F      0x08000206   Section        0  libshutdown2.o(.ARM.Collect$$libshutdown$$0000000F)
    .ARM.Collect$$libshutdown$$00000010      0x08000206   Section        2  libshutdown2.o(.ARM.Collect$$libshutdown$$00000010)
    .ARM.Collect$$rtentry$$00000000          0x08000208   Section        0  __rtentry.o(.ARM.Collect$$rtentry$$00000000)
    .ARM.Collect$$rtentry$$00000002          0x08000208   Section        0  __rtentry2.o(.ARM.Collect$$rtentry$$00000002)
    .ARM.Collect$$rtentry$$00000004          0x08000208   Section        6  __rtentry4.o(.ARM.Collect$$rtentry$$00000004)
    .ARM.Collect$$rtentry$$00000009          0x0800020e   Section        0  __rtentry2.o(.ARM.Collect$$rtentry$$00000009)
    .ARM.Collect$$rtentry$$0000000A          0x0800020e   Section        4  __rtentry2.o(.ARM.Collect$$rtentry$$0000000A)
    .ARM.Collect$$rtentry$$0000000C          0x08000212   Section        0  __rtentry2.o(.ARM.Collect$$rtentry$$0000000C)
    .ARM.Collect$$rtentry$$0000000D          0x08000212   Section        8  __rtentry2.o(.ARM.Collect$$rtentry$$0000000D)
    .ARM.Collect$$rtexit$$00000000           0x0800021a   Section        2  rtexit.o(.ARM.Collect$$rtexit$$00000000)
    .ARM.Collect$$rtexit$$00000002           0x0800021c   Section        0  rtexit2.o(.ARM.Collect$$rtexit$$00000002)
    .ARM.Collect$$rtexit$$00000003           0x0800021c   Section        4  rtexit2.o(.ARM.Collect$$rtexit$$00000003)
    .ARM.Collect$$rtexit$$00000004           0x08000220   Section        6  rtexit2.o(.ARM.Collect$$rtexit$$00000004)
    .text                                    0x08000228   Section       64  startup_stm32f407xx.o(.text)
    $v0                                      0x08000228   Number         0  startup_stm32f407xx.o(.text)
    .text                                    0x08000268   Section      238  lludivv7m.o(.text)
    .text                                    0x08000356   Section       78  rt_memclr_w.o(.text)
    .text                                    0x080003a4   Section        0  heapauxi.o(.text)
    .text                                    0x080003aa   Section        0  _rserrno.o(.text)
    .text                                    0x080003c0   Section        8  rt_errno_addr_intlibspace.o(.text)
    .text                                    0x080003c8   Section        8  libspace.o(.text)
    .text                                    0x080003d0   Section       74  sys_stackheap_outer.o(.text)
    .text                                    0x0800041a   Section        0  exit.o(.text)
    .text                                    0x0800042c   Section        0  sys_exit.o(.text)
    .text                                    0x08000438   Section        2  use_no_semi.o(.text)
    .text                                    0x0800043a   Section        0  indicate_semi.o(.text)
    i.BusFault_Handler                       0x0800043a   Section        0  stm32f4xx_it.o(i.BusFault_Handler)
    i.CorrectWave                            0x0800043c   Section        0  cd4053.o(i.CorrectWave)
    i.Correct_DAC_Wave                       0x0800045e   Section        0  dac_change.o(i.Correct_DAC_Wave)
    i.Correct_Now_Wave_State                 0x08000470   Section        0  cd4053.o(i.Correct_Now_Wave_State)
    i.Correct_To_Bi_Distortion               0x0800047c   Section        0  cd4053.o(i.Correct_To_Bi_Distortion)
    i.Correct_To_Bottom_Distortion           0x080004a8   Section        0  cd4053.o(i.Correct_To_Bottom_Distortion)
    i.Correct_To_Normal_Waveform             0x080004d4   Section        0  cd4053.o(i.Correct_To_Normal_Waveform)
    i.Correct_To_Top_Distortion              0x08000500   Section        0  cd4053.o(i.Correct_To_Top_Distortion)
    i.DAC_DMAConvCpltCh1                     0x0800052c   Section        0  stm32f4xx_hal_dac.o(i.DAC_DMAConvCpltCh1)
    i.DAC_DMAConvCpltCh2                     0x0800053c   Section        0  stm32f4xx_hal_dac_ex.o(i.DAC_DMAConvCpltCh2)
    i.DAC_DMAErrorCh1                        0x0800054c   Section        0  stm32f4xx_hal_dac.o(i.DAC_DMAErrorCh1)
    i.DAC_DMAErrorCh2                        0x08000564   Section        0  stm32f4xx_hal_dac_ex.o(i.DAC_DMAErrorCh2)
    i.DAC_DMAHalfConvCpltCh1                 0x0800057c   Section        0  stm32f4xx_hal_dac.o(i.DAC_DMAHalfConvCpltCh1)
    i.DAC_DMAHalfConvCpltCh2                 0x08000586   Section        0  stm32f4xx_hal_dac_ex.o(i.DAC_DMAHalfConvCpltCh2)
    i.DMA1_Stream5_IRQHandler                0x08000590   Section        0  stm32f4xx_it.o(i.DMA1_Stream5_IRQHandler)
    i.DMA_CalcBaseAndBitshift                0x0800059c   Section        0  stm32f4xx_hal_dma.o(i.DMA_CalcBaseAndBitshift)
    DMA_CalcBaseAndBitshift                  0x0800059d   Thumb Code    34  stm32f4xx_hal_dma.o(i.DMA_CalcBaseAndBitshift)
    i.DMA_CheckFifoParam                     0x080005c4   Section        0  stm32f4xx_hal_dma.o(i.DMA_CheckFifoParam)
    DMA_CheckFifoParam                       0x080005c5   Thumb Code    84  stm32f4xx_hal_dma.o(i.DMA_CheckFifoParam)
    i.DMA_SetConfig                          0x08000618   Section        0  stm32f4xx_hal_dma.o(i.DMA_SetConfig)
    DMA_SetConfig                            0x08000619   Thumb Code    40  stm32f4xx_hal_dma.o(i.DMA_SetConfig)
    i.DebugMon_Handler                       0x08000640   Section        0  stm32f4xx_it.o(i.DebugMon_Handler)
    i.Error_Handler                          0x08000642   Section        0  main.o(i.Error_Handler)
    i.Generate_Bi_Distort                    0x08000648   Section        0  dac_change.o(i.Generate_Bi_Distort)
    i.Generate_Bottom_Distort                0x080006e4   Section        0  dac_change.o(i.Generate_Bottom_Distort)
    i.Generate_Normal_Wave                   0x08000790   Section        0  dac_change.o(i.Generate_Normal_Wave)
    i.Generate_Top_Distort                   0x08000804   Section        0  dac_change.o(i.Generate_Top_Distort)
    i.Get_Now_Wave_State                     0x080008a0   Section        0  cd4053.o(i.Get_Now_Wave_State)
    i.HAL_DACEx_ConvCpltCallbackCh2          0x080008ac   Section        0  stm32f4xx_hal_dac_ex.o(i.HAL_DACEx_ConvCpltCallbackCh2)
    i.HAL_DACEx_ConvHalfCpltCallbackCh2      0x080008ae   Section        0  stm32f4xx_hal_dac_ex.o(i.HAL_DACEx_ConvHalfCpltCallbackCh2)
    i.HAL_DACEx_ErrorCallbackCh2             0x080008b0   Section        0  stm32f4xx_hal_dac_ex.o(i.HAL_DACEx_ErrorCallbackCh2)
    i.HAL_DAC_ConfigChannel                  0x080008b2   Section        0  stm32f4xx_hal_dac.o(i.HAL_DAC_ConfigChannel)
    i.HAL_DAC_ConvCpltCallbackCh1            0x08000900   Section        0  stm32f4xx_hal_dac.o(i.HAL_DAC_ConvCpltCallbackCh1)
    i.HAL_DAC_ConvHalfCpltCallbackCh1        0x08000902   Section        0  stm32f4xx_hal_dac.o(i.HAL_DAC_ConvHalfCpltCallbackCh1)
    i.HAL_DAC_ErrorCallbackCh1               0x08000904   Section        0  stm32f4xx_hal_dac.o(i.HAL_DAC_ErrorCallbackCh1)
    i.HAL_DAC_Init                           0x08000906   Section        0  stm32f4xx_hal_dac.o(i.HAL_DAC_Init)
    i.HAL_DAC_MspInit                        0x08000930   Section        0  dac.o(i.HAL_DAC_MspInit)
    i.HAL_DAC_Start_DMA                      0x080009d0   Section        0  stm32f4xx_hal_dac.o(i.HAL_DAC_Start_DMA)
    i.HAL_DAC_Stop_DMA                       0x08000ab0   Section        0  stm32f4xx_hal_dac.o(i.HAL_DAC_Stop_DMA)
    i.HAL_DMA_Abort                          0x08000b02   Section        0  stm32f4xx_hal_dma.o(i.HAL_DMA_Abort)
    i.HAL_DMA_Abort_IT                       0x08000b94   Section        0  stm32f4xx_hal_dma.o(i.HAL_DMA_Abort_IT)
    i.HAL_DMA_IRQHandler                     0x08000bb8   Section        0  stm32f4xx_hal_dma.o(i.HAL_DMA_IRQHandler)
    i.HAL_DMA_Init                           0x08000d58   Section        0  stm32f4xx_hal_dma.o(i.HAL_DMA_Init)
    i.HAL_DMA_Start_IT                       0x08000e2c   Section        0  stm32f4xx_hal_dma.o(i.HAL_DMA_Start_IT)
    i.HAL_GPIO_Init                          0x08000e9c   Section        0  stm32f4xx_hal_gpio.o(i.HAL_GPIO_Init)
    i.HAL_GPIO_WritePin                      0x0800108c   Section        0  stm32f4xx_hal_gpio.o(i.HAL_GPIO_WritePin)
    i.HAL_GetTick                            0x08001098   Section        0  stm32f4xx_hal.o(i.HAL_GetTick)
    i.HAL_IncTick                            0x080010a4   Section        0  stm32f4xx_hal.o(i.HAL_IncTick)
    i.HAL_Init                               0x080010b4   Section        0  stm32f4xx_hal.o(i.HAL_Init)
    i.HAL_InitTick                           0x080010e8   Section        0  stm32f4xx_hal.o(i.HAL_InitTick)
    i.HAL_MspInit                            0x08001128   Section        0  stm32f4xx_hal_msp.o(i.HAL_MspInit)
    i.HAL_NVIC_EnableIRQ                     0x0800115c   Section        0  stm32f4xx_hal_cortex.o(i.HAL_NVIC_EnableIRQ)
    i.HAL_NVIC_SetPriority                   0x08001178   Section        0  stm32f4xx_hal_cortex.o(i.HAL_NVIC_SetPriority)
    i.HAL_NVIC_SetPriorityGrouping           0x080011b8   Section        0  stm32f4xx_hal_cortex.o(i.HAL_NVIC_SetPriorityGrouping)
    i.HAL_RCC_ClockConfig                    0x080011dc   Section        0  stm32f4xx_hal_rcc.o(i.HAL_RCC_ClockConfig)
    i.HAL_RCC_GetPCLK1Freq                   0x08001310   Section        0  stm32f4xx_hal_rcc.o(i.HAL_RCC_GetPCLK1Freq)
    i.HAL_RCC_GetPCLK2Freq                   0x08001330   Section        0  stm32f4xx_hal_rcc.o(i.HAL_RCC_GetPCLK2Freq)
    i.HAL_RCC_GetSysClockFreq                0x08001350   Section        0  stm32f4xx_hal_rcc.o(i.HAL_RCC_GetSysClockFreq)
    i.HAL_RCC_OscConfig                      0x080013b0   Section        0  stm32f4xx_hal_rcc.o(i.HAL_RCC_OscConfig)
    i.HAL_SYSTICK_Config                     0x0800171c   Section        0  stm32f4xx_hal_cortex.o(i.HAL_SYSTICK_Config)
    i.HAL_TIMEx_MasterConfigSynchronization  0x08001744   Section        0  stm32f4xx_hal_tim_ex.o(i.HAL_TIMEx_MasterConfigSynchronization)
    i.HAL_TIM_Base_Init                      0x080017d4   Section        0  stm32f4xx_hal_tim.o(i.HAL_TIM_Base_Init)
    i.HAL_TIM_Base_MspInit                   0x08001830   Section        0  tim.o(i.HAL_TIM_Base_MspInit)
    i.HAL_TIM_Base_Start                     0x08001858   Section        0  stm32f4xx_hal_tim.o(i.HAL_TIM_Base_Start)
    i.HAL_TIM_ConfigClockSource              0x080018d0   Section        0  stm32f4xx_hal_tim.o(i.HAL_TIM_ConfigClockSource)
    i.HAL_UARTEx_RxEventCallback             0x080019ac   Section        0  stm32f4xx_hal_uart.o(i.HAL_UARTEx_RxEventCallback)
    i.HAL_UART_ErrorCallback                 0x080019ae   Section        0  stm32f4xx_hal_uart.o(i.HAL_UART_ErrorCallback)
    i.HAL_UART_IRQHandler                    0x080019b0   Section        0  stm32f4xx_hal_uart.o(i.HAL_UART_IRQHandler)
    i.HAL_UART_Init                          0x08001c20   Section        0  stm32f4xx_hal_uart.o(i.HAL_UART_Init)
    i.HAL_UART_MspInit                       0x08001c84   Section        0  usart.o(i.HAL_UART_MspInit)
    i.HAL_UART_Receive_IT                    0x08001cfc   Section        0  stm32f4xx_hal_uart.o(i.HAL_UART_Receive_IT)
    i.HAL_UART_RxCpltCallback                0x08001d18   Section        0  main.o(i.HAL_UART_RxCpltCallback)
    i.HAL_UART_TxCpltCallback                0x08001d48   Section        0  stm32f4xx_hal_uart.o(i.HAL_UART_TxCpltCallback)
    i.HardFault_Handler                      0x08001d4a   Section        0  stm32f4xx_it.o(i.HardFault_Handler)
    i.MX_DAC_Init                            0x08001d4c   Section        0  dac.o(i.MX_DAC_Init)
    i.MX_DMA_Init                            0x08001d88   Section        0  dma.o(i.MX_DMA_Init)
    i.MX_GPIO_Init                           0x08001db4   Section        0  gpio.o(i.MX_GPIO_Init)
    i.MX_TIM4_Init                           0x08001e3c   Section        0  tim.o(i.MX_TIM4_Init)
    i.MX_USART6_UART_Init                    0x08001ea4   Section        0  usart.o(i.MX_USART6_UART_Init)
    i.MemManage_Handler                      0x08001edc   Section        0  stm32f4xx_it.o(i.MemManage_Handler)
    i.NMI_Handler                            0x08001ede   Section        0  stm32f4xx_it.o(i.NMI_Handler)
    i.PendSV_Handler                         0x08001ee0   Section        0  stm32f4xx_it.o(i.PendSV_Handler)
    i.SVC_Handler                            0x08001ee2   Section        0  stm32f4xx_it.o(i.SVC_Handler)
    i.Start_DAC_DMA                          0x08001ee4   Section        0  dac_change.o(i.Start_DAC_DMA)
    i.Stop_DAC_DMA                           0x08001f3c   Section        0  dac_change.o(i.Stop_DAC_DMA)
    i.SysTick_Handler                        0x08001f48   Section        0  stm32f4xx_it.o(i.SysTick_Handler)
    i.SystemClock_Config                     0x08001f4c   Section        0  main.o(i.SystemClock_Config)
    i.SystemInit                             0x08001fe0   Section        0  system_stm32f4xx.o(i.SystemInit)
    i.TIM_Base_SetConfig                     0x08001ff0   Section        0  stm32f4xx_hal_tim.o(i.TIM_Base_SetConfig)
    i.TIM_ETR_SetConfig                      0x080020c8   Section        0  stm32f4xx_hal_tim.o(i.TIM_ETR_SetConfig)
    i.TIM_ITRx_SetConfig                     0x080020dc   Section        0  stm32f4xx_hal_tim.o(i.TIM_ITRx_SetConfig)
    TIM_ITRx_SetConfig                       0x080020dd   Thumb Code    16  stm32f4xx_hal_tim.o(i.TIM_ITRx_SetConfig)
    i.TIM_TI1_ConfigInputStage               0x080020ec   Section        0  stm32f4xx_hal_tim.o(i.TIM_TI1_ConfigInputStage)
    TIM_TI1_ConfigInputStage                 0x080020ed   Thumb Code    34  stm32f4xx_hal_tim.o(i.TIM_TI1_ConfigInputStage)
    i.TIM_TI2_ConfigInputStage               0x0800210e   Section        0  stm32f4xx_hal_tim.o(i.TIM_TI2_ConfigInputStage)
    TIM_TI2_ConfigInputStage                 0x0800210f   Thumb Code    36  stm32f4xx_hal_tim.o(i.TIM_TI2_ConfigInputStage)
    i.UART_DMAAbortOnError                   0x08002132   Section        0  stm32f4xx_hal_uart.o(i.UART_DMAAbortOnError)
    UART_DMAAbortOnError                     0x08002133   Thumb Code    16  stm32f4xx_hal_uart.o(i.UART_DMAAbortOnError)
    i.UART_EndRxTransfer                     0x08002142   Section        0  stm32f4xx_hal_uart.o(i.UART_EndRxTransfer)
    UART_EndRxTransfer                       0x08002143   Thumb Code    78  stm32f4xx_hal_uart.o(i.UART_EndRxTransfer)
    i.UART_Receive_IT                        0x08002190   Section        0  stm32f4xx_hal_uart.o(i.UART_Receive_IT)
    UART_Receive_IT                          0x08002191   Thumb Code   194  stm32f4xx_hal_uart.o(i.UART_Receive_IT)
    i.UART_SetConfig                         0x08002254   Section        0  stm32f4xx_hal_uart.o(i.UART_SetConfig)
    UART_SetConfig                           0x08002255   Thumb Code   258  stm32f4xx_hal_uart.o(i.UART_SetConfig)
    i.UART_Start_Receive_IT                  0x08002360   Section        0  stm32f4xx_hal_uart.o(i.UART_Start_Receive_IT)
    i.USART6_IRQHandler                      0x08002398   Section        0  stm32f4xx_it.o(i.USART6_IRQHandler)
    i.UsageFault_Handler                     0x080023a4   Section        0  stm32f4xx_it.o(i.UsageFault_Handler)
    i.Usart_Correct_Wave                     0x080023a6   Section        0  main.o(i.Usart_Correct_Wave)
    i.Wave_data_Init                         0x080023ca   Section        0  dac_change.o(i.Wave_data_Init)
    i.__ARM_fpclassify                       0x080023e0   Section        0  fpclassify.o(i.__ARM_fpclassify)
    i.__NVIC_SetPriority                     0x08002410   Section        0  stm32f4xx_hal_cortex.o(i.__NVIC_SetPriority)
    __NVIC_SetPriority                       0x08002411   Thumb Code    32  stm32f4xx_hal_cortex.o(i.__NVIC_SetPriority)
    i.__hardfp_sin                           0x08002430   Section        0  sin.o(i.__hardfp_sin)
    i.__ieee754_rem_pio2                     0x080024f8   Section        0  rred.o(i.__ieee754_rem_pio2)
    i.__kernel_cos                           0x08002930   Section        0  cos_i.o(i.__kernel_cos)
    i.__kernel_poly                          0x08002aa0   Section        0  poly.o(i.__kernel_poly)
    i.__kernel_sin                           0x08002b98   Section        0  sin_i.o(i.__kernel_sin)
    i.__mathlib_dbl_infnan                   0x08002cc8   Section        0  dunder.o(i.__mathlib_dbl_infnan)
    i.__mathlib_dbl_invalid                  0x08002ce0   Section        0  dunder.o(i.__mathlib_dbl_invalid)
    i.__mathlib_dbl_underflow                0x08002d00   Section        0  dunder.o(i.__mathlib_dbl_underflow)
    i.fabs                                   0x08002d20   Section        0  fabs.o(i.fabs)
    i.main                                   0x08002d38   Section        0  main.o(i.main)
    x$fpl$basic                              0x08002da0   Section       24  basic.o(x$fpl$basic)
    $v0                                      0x08002da0   Number         0  basic.o(x$fpl$basic)
    x$fpl$dadd                               0x08002db8   Section      336  daddsub_clz.o(x$fpl$dadd)
    $v0                                      0x08002db8   Number         0  daddsub_clz.o(x$fpl$dadd)
    _dadd1                                   0x08002dc9   Thumb Code     0  daddsub_clz.o(x$fpl$dadd)
    x$fpl$ddiv                               0x08002f08   Section      688  ddiv.o(x$fpl$ddiv)
    $v0                                      0x08002f08   Number         0  ddiv.o(x$fpl$ddiv)
    ddiv_entry                               0x08002f0f   Thumb Code     0  ddiv.o(x$fpl$ddiv)
    x$fpl$dfix                               0x080031b8   Section       94  dfix.o(x$fpl$dfix)
    $v0                                      0x080031b8   Number         0  dfix.o(x$fpl$dfix)
    x$fpl$dfixu                              0x08003218   Section       90  dfixu.o(x$fpl$dfixu)
    $v0                                      0x08003218   Number         0  dfixu.o(x$fpl$dfixu)
    x$fpl$dflt                               0x08003272   Section       46  dflt_clz.o(x$fpl$dflt)
    $v0                                      0x08003272   Number         0  dflt_clz.o(x$fpl$dflt)
    x$fpl$dfltu                              0x080032a0   Section       38  dflt_clz.o(x$fpl$dfltu)
    $v0                                      0x080032a0   Number         0  dflt_clz.o(x$fpl$dfltu)
    x$fpl$dmul                               0x080032c8   Section      340  dmul.o(x$fpl$dmul)
    $v0                                      0x080032c8   Number         0  dmul.o(x$fpl$dmul)
    x$fpl$dnaninf                            0x0800341c   Section      156  dnaninf.o(x$fpl$dnaninf)
    $v0                                      0x0800341c   Number         0  dnaninf.o(x$fpl$dnaninf)
    x$fpl$dretinf                            0x080034b8   Section       12  dretinf.o(x$fpl$dretinf)
    $v0                                      0x080034b8   Number         0  dretinf.o(x$fpl$dretinf)
    x$fpl$drsb                               0x080034c4   Section       22  daddsub_clz.o(x$fpl$drsb)
    $v0                                      0x080034c4   Number         0  daddsub_clz.o(x$fpl$drsb)
    x$fpl$dsub                               0x080034dc   Section      468  daddsub_clz.o(x$fpl$dsub)
    $v0                                      0x080034dc   Number         0  daddsub_clz.o(x$fpl$dsub)
    _dsub1                                   0x080034ed   Thumb Code     0  daddsub_clz.o(x$fpl$dsub)
    x$fpl$f2d                                0x080036b0   Section       86  f2d.o(x$fpl$f2d)
    $v0                                      0x080036b0   Number         0  f2d.o(x$fpl$f2d)
    x$fpl$fnaninf                            0x08003706   Section      140  fnaninf.o(x$fpl$fnaninf)
    $v0                                      0x08003706   Number         0  fnaninf.o(x$fpl$fnaninf)
    x$fpl$fpinit                             0x08003792   Section       10  fpinit.o(x$fpl$fpinit)
    $v0                                      0x08003792   Number         0  fpinit.o(x$fpl$fpinit)
    .constdata                               0x0800379c   Section        8  stm32f4xx_hal_dma.o(.constdata)
    x$fpl$usenofp                            0x0800379c   Section        0  usenofp.o(x$fpl$usenofp)
    flagBitshiftOffset                       0x0800379c   Data           8  stm32f4xx_hal_dma.o(.constdata)
    .constdata                               0x080037a4   Section       16  system_stm32f4xx.o(.constdata)
    .constdata                               0x080037b4   Section        8  system_stm32f4xx.o(.constdata)
    .constdata                               0x080037c0   Section       48  cos_i.o(.constdata)
    C                                        0x080037c0   Data          48  cos_i.o(.constdata)
    .constdata                               0x080037f0   Section      200  rred.o(.constdata)
    pio2s                                    0x080037f0   Data          48  rred.o(.constdata)
    twooverpi                                0x08003820   Data         152  rred.o(.constdata)
    .constdata                               0x080038b8   Section       40  sin_i.o(.constdata)
    S                                        0x080038b8   Data          40  sin_i.o(.constdata)
    .data                                    0x20000000   Section       12  stm32f4xx_hal.o(.data)
    .data                                    0x2000000c   Section        4  system_stm32f4xx.o(.data)
    .data                                    0x20000010   Section        1  cd4053.o(.data)
    .data                                    0x20000011   Section        2  main.o(.data)
    .bss                                     0x20000014   Section      640  dac_change.o(.bss)
    .bss                                     0x20000294   Section        9  main.o(.bss)
    .bss                                     0x200002a0   Section      116  dac.o(.bss)
    .bss                                     0x20000314   Section       72  tim.o(.bss)
    .bss                                     0x2000035c   Section       72  usart.o(.bss)
    .bss                                     0x200003a4   Section       96  libspace.o(.bss)
    HEAP                                     0x20000408   Section      512  startup_stm32f407xx.o(HEAP)
    Heap_Mem                                 0x20000408   Data         512  startup_stm32f407xx.o(HEAP)
    STACK                                    0x20000608   Section     1024  startup_stm32f407xx.o(STACK)
    Stack_Mem                                0x20000608   Data        1024  startup_stm32f407xx.o(STACK)
    __initial_sp                             0x20000a08   Data           0  startup_stm32f407xx.o(STACK)

    Global Symbols

    Symbol Name                              Value     Ov Type        Size  Object(Section)

    BuildAttributes$$THM_ISAv4$E$P$D$K$B$S$7EM$VFPi3$EXTD16$VFPS$VFMA$PE$A:L22UL41UL21$X:L11$S22US41US21$IEEE1$IW$USESV6$~STKCKD$USESV7$~SHL$OTIME$ROPI$IEEEX$EBA8$UX$STANDARDLIB$REQ8$PRES8$EABIv2 0x00000000   Number         0  anon$$obj.o ABSOLUTE
    __ARM_use_no_argv                        0x00000000   Number         0  main.o ABSOLUTE
    __ARM_exceptions_init                     - Undefined Weak Reference
    __alloca_initialize                       - Undefined Weak Reference
    __arm_preinit_                            - Undefined Weak Reference
    __cpp_initialize__aeabi_                  - Undefined Weak Reference
    __cxa_finalize                            - Undefined Weak Reference
    __rt_locale                               - Undefined Weak Reference
    __sigvec_lookup                           - Undefined Weak Reference
    _atexit_init                              - Undefined Weak Reference
    _call_atexit_fns                          - Undefined Weak Reference
    _clock_init                               - Undefined Weak Reference
    _fp_trap_init                             - Undefined Weak Reference
    _fp_trap_shutdown                         - Undefined Weak Reference
    _get_lc_collate                           - Undefined Weak Reference
    _get_lc_ctype                             - Undefined Weak Reference
    _get_lc_monetary                          - Undefined Weak Reference
    _get_lc_numeric                           - Undefined Weak Reference
    _get_lc_time                              - Undefined Weak Reference
    _getenv_init                              - Undefined Weak Reference
    _handle_redirection                       - Undefined Weak Reference
    _init_alloc                               - Undefined Weak Reference
    _init_user_alloc                          - Undefined Weak Reference
    _initio                                   - Undefined Weak Reference
    _rand_init                                - Undefined Weak Reference
    _signal_finish                            - Undefined Weak Reference
    _signal_init                              - Undefined Weak Reference
    _terminate_alloc                          - Undefined Weak Reference
    _terminate_user_alloc                     - Undefined Weak Reference
    _terminateio                              - Undefined Weak Reference
    __Vectors_Size                           0x00000188   Number         0  startup_stm32f407xx.o ABSOLUTE
    __Vectors                                0x08000000   Data           4  startup_stm32f407xx.o(RESET)
    __Vectors_End                            0x08000188   Data           0  startup_stm32f407xx.o(RESET)
    __main                                   0x08000189   Thumb Code     8  __main.o(!!!main)
    __scatterload                            0x08000191   Thumb Code     0  __scatter.o(!!!scatter)
    __scatterload_rt2                        0x08000191   Thumb Code    44  __scatter.o(!!!scatter)
    __scatterload_rt2_thumb_only             0x08000191   Thumb Code     0  __scatter.o(!!!scatter)
    __scatterload_null                       0x0800019f   Thumb Code     0  __scatter.o(!!!scatter)
    __scatterload_copy                       0x080001c5   Thumb Code    26  __scatter_copy.o(!!handler_copy)
    __scatterload_zeroinit                   0x080001e1   Thumb Code    28  __scatter_zi.o(!!handler_zi)
    __rt_lib_init                            0x080001fd   Thumb Code     0  libinit.o(.ARM.Collect$$libinit$$00000000)
    __rt_lib_init_fp_1                       0x080001ff   Thumb Code     0  libinit2.o(.ARM.Collect$$libinit$$00000001)
    __rt_lib_init_alloca_1                   0x08000203   Thumb Code     0  libinit2.o(.ARM.Collect$$libinit$$0000002E)
    __rt_lib_init_argv_1                     0x08000203   Thumb Code     0  libinit2.o(.ARM.Collect$$libinit$$0000002C)
    __rt_lib_init_atexit_1                   0x08000203   Thumb Code     0  libinit2.o(.ARM.Collect$$libinit$$0000001B)
    __rt_lib_init_clock_1                    0x08000203   Thumb Code     0  libinit2.o(.ARM.Collect$$libinit$$00000021)
    __rt_lib_init_cpp_1                      0x08000203   Thumb Code     0  libinit2.o(.ARM.Collect$$libinit$$00000032)
    __rt_lib_init_exceptions_1               0x08000203   Thumb Code     0  libinit2.o(.ARM.Collect$$libinit$$00000030)
    __rt_lib_init_fp_trap_1                  0x08000203   Thumb Code     0  libinit2.o(.ARM.Collect$$libinit$$0000001F)
    __rt_lib_init_getenv_1                   0x08000203   Thumb Code     0  libinit2.o(.ARM.Collect$$libinit$$00000023)
    __rt_lib_init_heap_1                     0x08000203   Thumb Code     0  libinit2.o(.ARM.Collect$$libinit$$0000000A)
    __rt_lib_init_lc_collate_1               0x08000203   Thumb Code     0  libinit2.o(.ARM.Collect$$libinit$$00000011)
    __rt_lib_init_lc_ctype_1                 0x08000203   Thumb Code     0  libinit2.o(.ARM.Collect$$libinit$$00000013)
    __rt_lib_init_lc_monetary_1              0x08000203   Thumb Code     0  libinit2.o(.ARM.Collect$$libinit$$00000015)
    __rt_lib_init_lc_numeric_1               0x08000203   Thumb Code     0  libinit2.o(.ARM.Collect$$libinit$$00000017)
    __rt_lib_init_lc_time_1                  0x08000203   Thumb Code     0  libinit2.o(.ARM.Collect$$libinit$$00000019)
    __rt_lib_init_preinit_1                  0x08000203   Thumb Code     0  libinit2.o(.ARM.Collect$$libinit$$00000004)
    __rt_lib_init_rand_1                     0x08000203   Thumb Code     0  libinit2.o(.ARM.Collect$$libinit$$0000000E)
    __rt_lib_init_return                     0x08000203   Thumb Code     0  libinit2.o(.ARM.Collect$$libinit$$00000033)
    __rt_lib_init_signal_1                   0x08000203   Thumb Code     0  libinit2.o(.ARM.Collect$$libinit$$0000001D)
    __rt_lib_init_stdio_1                    0x08000203   Thumb Code     0  libinit2.o(.ARM.Collect$$libinit$$00000025)
    __rt_lib_init_user_alloc_1               0x08000203   Thumb Code     0  libinit2.o(.ARM.Collect$$libinit$$0000000C)
    __rt_lib_shutdown                        0x08000205   Thumb Code     0  libshutdown.o(.ARM.Collect$$libshutdown$$00000000)
    __rt_lib_shutdown_cpp_1                  0x08000207   Thumb Code     0  libshutdown2.o(.ARM.Collect$$libshutdown$$00000002)
    __rt_lib_shutdown_fp_trap_1              0x08000207   Thumb Code     0  libshutdown2.o(.ARM.Collect$$libshutdown$$00000007)
    __rt_lib_shutdown_heap_1                 0x08000207   Thumb Code     0  libshutdown2.o(.ARM.Collect$$libshutdown$$0000000F)
    __rt_lib_shutdown_return                 0x08000207   Thumb Code     0  libshutdown2.o(.ARM.Collect$$libshutdown$$00000010)
    __rt_lib_shutdown_signal_1               0x08000207   Thumb Code     0  libshutdown2.o(.ARM.Collect$$libshutdown$$0000000A)
    __rt_lib_shutdown_stdio_1                0x08000207   Thumb Code     0  libshutdown2.o(.ARM.Collect$$libshutdown$$00000004)
    __rt_lib_shutdown_user_alloc_1           0x08000207   Thumb Code     0  libshutdown2.o(.ARM.Collect$$libshutdown$$0000000C)
    __rt_entry                               0x08000209   Thumb Code     0  __rtentry.o(.ARM.Collect$$rtentry$$00000000)
    __rt_entry_presh_1                       0x08000209   Thumb Code     0  __rtentry2.o(.ARM.Collect$$rtentry$$00000002)
    __rt_entry_sh                            0x08000209   Thumb Code     0  __rtentry4.o(.ARM.Collect$$rtentry$$00000004)
    __rt_entry_li                            0x0800020f   Thumb Code     0  __rtentry2.o(.ARM.Collect$$rtentry$$0000000A)
    __rt_entry_postsh_1                      0x0800020f   Thumb Code     0  __rtentry2.o(.ARM.Collect$$rtentry$$00000009)
    __rt_entry_main                          0x08000213   Thumb Code     0  __rtentry2.o(.ARM.Collect$$rtentry$$0000000D)
    __rt_entry_postli_1                      0x08000213   Thumb Code     0  __rtentry2.o(.ARM.Collect$$rtentry$$0000000C)
    __rt_exit                                0x0800021b   Thumb Code     0  rtexit.o(.ARM.Collect$$rtexit$$00000000)
    __rt_exit_ls                             0x0800021d   Thumb Code     0  rtexit2.o(.ARM.Collect$$rtexit$$00000003)
    __rt_exit_prels_1                        0x0800021d   Thumb Code     0  rtexit2.o(.ARM.Collect$$rtexit$$00000002)
    __rt_exit_exit                           0x08000221   Thumb Code     0  rtexit2.o(.ARM.Collect$$rtexit$$00000004)
    Reset_Handler                            0x08000229   Thumb Code     8  startup_stm32f407xx.o(.text)
    ADC_IRQHandler                           0x08000243   Thumb Code     0  startup_stm32f407xx.o(.text)
    CAN1_RX0_IRQHandler                      0x08000243   Thumb Code     0  startup_stm32f407xx.o(.text)
    CAN1_RX1_IRQHandler                      0x08000243   Thumb Code     0  startup_stm32f407xx.o(.text)
    CAN1_SCE_IRQHandler                      0x08000243   Thumb Code     0  startup_stm32f407xx.o(.text)
    CAN1_TX_IRQHandler                       0x08000243   Thumb Code     0  startup_stm32f407xx.o(.text)
    CAN2_RX0_IRQHandler                      0x08000243   Thumb Code     0  startup_stm32f407xx.o(.text)
    CAN2_RX1_IRQHandler                      0x08000243   Thumb Code     0  startup_stm32f407xx.o(.text)
    CAN2_SCE_IRQHandler                      0x08000243   Thumb Code     0  startup_stm32f407xx.o(.text)
    CAN2_TX_IRQHandler                       0x08000243   Thumb Code     0  startup_stm32f407xx.o(.text)
    DCMI_IRQHandler                          0x08000243   Thumb Code     0  startup_stm32f407xx.o(.text)
    DMA1_Stream0_IRQHandler                  0x08000243   Thumb Code     0  startup_stm32f407xx.o(.text)
    DMA1_Stream1_IRQHandler                  0x08000243   Thumb Code     0  startup_stm32f407xx.o(.text)
    DMA1_Stream2_IRQHandler                  0x08000243   Thumb Code     0  startup_stm32f407xx.o(.text)
    DMA1_Stream3_IRQHandler                  0x08000243   Thumb Code     0  startup_stm32f407xx.o(.text)
    DMA1_Stream4_IRQHandler                  0x08000243   Thumb Code     0  startup_stm32f407xx.o(.text)
    DMA1_Stream6_IRQHandler                  0x08000243   Thumb Code     0  startup_stm32f407xx.o(.text)
    DMA1_Stream7_IRQHandler                  0x08000243   Thumb Code     0  startup_stm32f407xx.o(.text)
    DMA2_Stream0_IRQHandler                  0x08000243   Thumb Code     0  startup_stm32f407xx.o(.text)
    DMA2_Stream1_IRQHandler                  0x08000243   Thumb Code     0  startup_stm32f407xx.o(.text)
    DMA2_Stream2_IRQHandler                  0x08000243   Thumb Code     0  startup_stm32f407xx.o(.text)
    DMA2_Stream3_IRQHandler                  0x08000243   Thumb Code     0  startup_stm32f407xx.o(.text)
    DMA2_Stream4_IRQHandler                  0x08000243   Thumb Code     0  startup_stm32f407xx.o(.text)
    DMA2_Stream5_IRQHandler                  0x08000243   Thumb Code     0  startup_stm32f407xx.o(.text)
    DMA2_Stream6_IRQHandler                  0x08000243   Thumb Code     0  startup_stm32f407xx.o(.text)
    DMA2_Stream7_IRQHandler                  0x08000243   Thumb Code     0  startup_stm32f407xx.o(.text)
    ETH_IRQHandler                           0x08000243   Thumb Code     0  startup_stm32f407xx.o(.text)
    ETH_WKUP_IRQHandler                      0x08000243   Thumb Code     0  startup_stm32f407xx.o(.text)
    EXTI0_IRQHandler                         0x08000243   Thumb Code     0  startup_stm32f407xx.o(.text)
    EXTI15_10_IRQHandler                     0x08000243   Thumb Code     0  startup_stm32f407xx.o(.text)
    EXTI1_IRQHandler                         0x08000243   Thumb Code     0  startup_stm32f407xx.o(.text)
    EXTI2_IRQHandler                         0x08000243   Thumb Code     0  startup_stm32f407xx.o(.text)
    EXTI3_IRQHandler                         0x08000243   Thumb Code     0  startup_stm32f407xx.o(.text)
    EXTI4_IRQHandler                         0x08000243   Thumb Code     0  startup_stm32f407xx.o(.text)
    EXTI9_5_IRQHandler                       0x08000243   Thumb Code     0  startup_stm32f407xx.o(.text)
    FLASH_IRQHandler                         0x08000243   Thumb Code     0  startup_stm32f407xx.o(.text)
    FMC_IRQHandler                           0x08000243   Thumb Code     0  startup_stm32f407xx.o(.text)
    FPU_IRQHandler                           0x08000243   Thumb Code     0  startup_stm32f407xx.o(.text)
    HASH_RNG_IRQHandler                      0x08000243   Thumb Code     0  startup_stm32f407xx.o(.text)
    I2C1_ER_IRQHandler                       0x08000243   Thumb Code     0  startup_stm32f407xx.o(.text)
    I2C1_EV_IRQHandler                       0x08000243   Thumb Code     0  startup_stm32f407xx.o(.text)
    I2C2_ER_IRQHandler                       0x08000243   Thumb Code     0  startup_stm32f407xx.o(.text)
    I2C2_EV_IRQHandler                       0x08000243   Thumb Code     0  startup_stm32f407xx.o(.text)
    I2C3_ER_IRQHandler                       0x08000243   Thumb Code     0  startup_stm32f407xx.o(.text)
    I2C3_EV_IRQHandler                       0x08000243   Thumb Code     0  startup_stm32f407xx.o(.text)
    OTG_FS_IRQHandler                        0x08000243   Thumb Code     0  startup_stm32f407xx.o(.text)
    OTG_FS_WKUP_IRQHandler                   0x08000243   Thumb Code     0  startup_stm32f407xx.o(.text)
    OTG_HS_EP1_IN_IRQHandler                 0x08000243   Thumb Code     0  startup_stm32f407xx.o(.text)
    OTG_HS_EP1_OUT_IRQHandler                0x08000243   Thumb Code     0  startup_stm32f407xx.o(.text)
    OTG_HS_IRQHandler                        0x08000243   Thumb Code     0  startup_stm32f407xx.o(.text)
    OTG_HS_WKUP_IRQHandler                   0x08000243   Thumb Code     0  startup_stm32f407xx.o(.text)
    PVD_IRQHandler                           0x08000243   Thumb Code     0  startup_stm32f407xx.o(.text)
    RCC_IRQHandler                           0x08000243   Thumb Code     0  startup_stm32f407xx.o(.text)
    RTC_Alarm_IRQHandler                     0x08000243   Thumb Code     0  startup_stm32f407xx.o(.text)
    RTC_WKUP_IRQHandler                      0x08000243   Thumb Code     0  startup_stm32f407xx.o(.text)
    SDIO_IRQHandler                          0x08000243   Thumb Code     0  startup_stm32f407xx.o(.text)
    SPI1_IRQHandler                          0x08000243   Thumb Code     0  startup_stm32f407xx.o(.text)
    SPI2_IRQHandler                          0x08000243   Thumb Code     0  startup_stm32f407xx.o(.text)
    SPI3_IRQHandler                          0x08000243   Thumb Code     0  startup_stm32f407xx.o(.text)
    TAMP_STAMP_IRQHandler                    0x08000243   Thumb Code     0  startup_stm32f407xx.o(.text)
    TIM1_BRK_TIM9_IRQHandler                 0x08000243   Thumb Code     0  startup_stm32f407xx.o(.text)
    TIM1_CC_IRQHandler                       0x08000243   Thumb Code     0  startup_stm32f407xx.o(.text)
    TIM1_TRG_COM_TIM11_IRQHandler            0x08000243   Thumb Code     0  startup_stm32f407xx.o(.text)
    TIM1_UP_TIM10_IRQHandler                 0x08000243   Thumb Code     0  startup_stm32f407xx.o(.text)
    TIM2_IRQHandler                          0x08000243   Thumb Code     0  startup_stm32f407xx.o(.text)
    TIM3_IRQHandler                          0x08000243   Thumb Code     0  startup_stm32f407xx.o(.text)
    TIM4_IRQHandler                          0x08000243   Thumb Code     0  startup_stm32f407xx.o(.text)
    TIM5_IRQHandler                          0x08000243   Thumb Code     0  startup_stm32f407xx.o(.text)
    TIM6_DAC_IRQHandler                      0x08000243   Thumb Code     0  startup_stm32f407xx.o(.text)
    TIM7_IRQHandler                          0x08000243   Thumb Code     0  startup_stm32f407xx.o(.text)
    TIM8_BRK_TIM12_IRQHandler                0x08000243   Thumb Code     0  startup_stm32f407xx.o(.text)
    TIM8_CC_IRQHandler                       0x08000243   Thumb Code     0  startup_stm32f407xx.o(.text)
    TIM8_TRG_COM_TIM14_IRQHandler            0x08000243   Thumb Code     0  startup_stm32f407xx.o(.text)
    TIM8_UP_TIM13_IRQHandler                 0x08000243   Thumb Code     0  startup_stm32f407xx.o(.text)
    UART4_IRQHandler                         0x08000243   Thumb Code     0  startup_stm32f407xx.o(.text)
    UART5_IRQHandler                         0x08000243   Thumb Code     0  startup_stm32f407xx.o(.text)
    USART1_IRQHandler                        0x08000243   Thumb Code     0  startup_stm32f407xx.o(.text)
    USART2_IRQHandler                        0x08000243   Thumb Code     0  startup_stm32f407xx.o(.text)
    USART3_IRQHandler                        0x08000243   Thumb Code     0  startup_stm32f407xx.o(.text)
    WWDG_IRQHandler                          0x08000243   Thumb Code     0  startup_stm32f407xx.o(.text)
    __user_initial_stackheap                 0x08000245   Thumb Code     0  startup_stm32f407xx.o(.text)
    __aeabi_uldivmod                         0x08000269   Thumb Code     0  lludivv7m.o(.text)
    _ll_udiv                                 0x08000269   Thumb Code   238  lludivv7m.o(.text)
    __aeabi_memclr4                          0x08000357   Thumb Code     0  rt_memclr_w.o(.text)
    __aeabi_memclr8                          0x08000357   Thumb Code     0  rt_memclr_w.o(.text)
    __rt_memclr_w                            0x08000357   Thumb Code    78  rt_memclr_w.o(.text)
    _memset_w                                0x0800035b   Thumb Code     0  rt_memclr_w.o(.text)
    __use_two_region_memory                  0x080003a5   Thumb Code     2  heapauxi.o(.text)
    __rt_heap_escrow$2region                 0x080003a7   Thumb Code     2  heapauxi.o(.text)
    __rt_heap_expand$2region                 0x080003a9   Thumb Code     2  heapauxi.o(.text)
    __read_errno                             0x080003ab   Thumb Code    10  _rserrno.o(.text)
    __set_errno                              0x080003b5   Thumb Code    12  _rserrno.o(.text)
    __aeabi_errno_addr                       0x080003c1   Thumb Code     8  rt_errno_addr_intlibspace.o(.text)
    __errno$intlibspace                      0x080003c1   Thumb Code     0  rt_errno_addr_intlibspace.o(.text)
    __rt_errno_addr$intlibspace              0x080003c1   Thumb Code     0  rt_errno_addr_intlibspace.o(.text)
    __user_libspace                          0x080003c9   Thumb Code     8  libspace.o(.text)
    __user_perproc_libspace                  0x080003c9   Thumb Code     0  libspace.o(.text)
    __user_perthread_libspace                0x080003c9   Thumb Code     0  libspace.o(.text)
    __user_setup_stackheap                   0x080003d1   Thumb Code    74  sys_stackheap_outer.o(.text)
    exit                                     0x0800041b   Thumb Code    18  exit.o(.text)
    _sys_exit                                0x0800042d   Thumb Code     8  sys_exit.o(.text)
    __I$use$semihosting                      0x08000439   Thumb Code     0  use_no_semi.o(.text)
    __use_no_semihosting_swi                 0x08000439   Thumb Code     2  use_no_semi.o(.text)
    BusFault_Handler                         0x0800043b   Thumb Code     2  stm32f4xx_it.o(i.BusFault_Handler)
    __semihosting_library_function           0x0800043b   Thumb Code     0  indicate_semi.o(.text)
    CorrectWave                              0x0800043d   Thumb Code    34  cd4053.o(i.CorrectWave)
    Correct_DAC_Wave                         0x0800045f   Thumb Code    18  dac_change.o(i.Correct_DAC_Wave)
    Correct_Now_Wave_State                   0x08000471   Thumb Code     6  cd4053.o(i.Correct_Now_Wave_State)
    Correct_To_Bi_Distortion                 0x0800047d   Thumb Code    38  cd4053.o(i.Correct_To_Bi_Distortion)
    Correct_To_Bottom_Distortion             0x080004a9   Thumb Code    38  cd4053.o(i.Correct_To_Bottom_Distortion)
    Correct_To_Normal_Waveform               0x080004d5   Thumb Code    38  cd4053.o(i.Correct_To_Normal_Waveform)
    Correct_To_Top_Distortion                0x08000501   Thumb Code    38  cd4053.o(i.Correct_To_Top_Distortion)
    DAC_DMAConvCpltCh1                       0x0800052d   Thumb Code    16  stm32f4xx_hal_dac.o(i.DAC_DMAConvCpltCh1)
    DAC_DMAConvCpltCh2                       0x0800053d   Thumb Code    16  stm32f4xx_hal_dac_ex.o(i.DAC_DMAConvCpltCh2)
    DAC_DMAErrorCh1                          0x0800054d   Thumb Code    24  stm32f4xx_hal_dac.o(i.DAC_DMAErrorCh1)
    DAC_DMAErrorCh2                          0x08000565   Thumb Code    24  stm32f4xx_hal_dac_ex.o(i.DAC_DMAErrorCh2)
    DAC_DMAHalfConvCpltCh1                   0x0800057d   Thumb Code    10  stm32f4xx_hal_dac.o(i.DAC_DMAHalfConvCpltCh1)
    DAC_DMAHalfConvCpltCh2                   0x08000587   Thumb Code    10  stm32f4xx_hal_dac_ex.o(i.DAC_DMAHalfConvCpltCh2)
    DMA1_Stream5_IRQHandler                  0x08000591   Thumb Code     6  stm32f4xx_it.o(i.DMA1_Stream5_IRQHandler)
    DebugMon_Handler                         0x08000641   Thumb Code     2  stm32f4xx_it.o(i.DebugMon_Handler)
    Error_Handler                            0x08000643   Thumb Code     4  main.o(i.Error_Handler)
    Generate_Bi_Distort                      0x08000649   Thumb Code   136  dac_change.o(i.Generate_Bi_Distort)
    Generate_Bottom_Distort                  0x080006e5   Thumb Code   154  dac_change.o(i.Generate_Bottom_Distort)
    Generate_Normal_Wave                     0x08000791   Thumb Code    96  dac_change.o(i.Generate_Normal_Wave)
    Generate_Top_Distort                     0x08000805   Thumb Code   142  dac_change.o(i.Generate_Top_Distort)
    Get_Now_Wave_State                       0x080008a1   Thumb Code     6  cd4053.o(i.Get_Now_Wave_State)
    HAL_DACEx_ConvCpltCallbackCh2            0x080008ad   Thumb Code     2  stm32f4xx_hal_dac_ex.o(i.HAL_DACEx_ConvCpltCallbackCh2)
    HAL_DACEx_ConvHalfCpltCallbackCh2        0x080008af   Thumb Code     2  stm32f4xx_hal_dac_ex.o(i.HAL_DACEx_ConvHalfCpltCallbackCh2)
    HAL_DACEx_ErrorCallbackCh2               0x080008b1   Thumb Code     2  stm32f4xx_hal_dac_ex.o(i.HAL_DACEx_ErrorCallbackCh2)
    HAL_DAC_ConfigChannel                    0x080008b3   Thumb Code    78  stm32f4xx_hal_dac.o(i.HAL_DAC_ConfigChannel)
    HAL_DAC_ConvCpltCallbackCh1              0x08000901   Thumb Code     2  stm32f4xx_hal_dac.o(i.HAL_DAC_ConvCpltCallbackCh1)
    HAL_DAC_ConvHalfCpltCallbackCh1          0x08000903   Thumb Code     2  stm32f4xx_hal_dac.o(i.HAL_DAC_ConvHalfCpltCallbackCh1)
    HAL_DAC_ErrorCallbackCh1                 0x08000905   Thumb Code     2  stm32f4xx_hal_dac.o(i.HAL_DAC_ErrorCallbackCh1)
    HAL_DAC_Init                             0x08000907   Thumb Code    40  stm32f4xx_hal_dac.o(i.HAL_DAC_Init)
    HAL_DAC_MspInit                          0x08000931   Thumb Code   140  dac.o(i.HAL_DAC_MspInit)
    HAL_DAC_Start_DMA                        0x080009d1   Thumb Code   200  stm32f4xx_hal_dac.o(i.HAL_DAC_Start_DMA)
    HAL_DAC_Stop_DMA                         0x08000ab1   Thumb Code    82  stm32f4xx_hal_dac.o(i.HAL_DAC_Stop_DMA)
    HAL_DMA_Abort                            0x08000b03   Thumb Code   146  stm32f4xx_hal_dma.o(i.HAL_DMA_Abort)
    HAL_DMA_Abort_IT                         0x08000b95   Thumb Code    36  stm32f4xx_hal_dma.o(i.HAL_DMA_Abort_IT)
    HAL_DMA_IRQHandler                       0x08000bb9   Thumb Code   412  stm32f4xx_hal_dma.o(i.HAL_DMA_IRQHandler)
    HAL_DMA_Init                             0x08000d59   Thumb Code   206  stm32f4xx_hal_dma.o(i.HAL_DMA_Init)
    HAL_DMA_Start_IT                         0x08000e2d   Thumb Code   110  stm32f4xx_hal_dma.o(i.HAL_DMA_Start_IT)
    HAL_GPIO_Init                            0x08000e9d   Thumb Code   450  stm32f4xx_hal_gpio.o(i.HAL_GPIO_Init)
    HAL_GPIO_WritePin                        0x0800108d   Thumb Code    10  stm32f4xx_hal_gpio.o(i.HAL_GPIO_WritePin)
    HAL_GetTick                              0x08001099   Thumb Code     6  stm32f4xx_hal.o(i.HAL_GetTick)
    HAL_IncTick                              0x080010a5   Thumb Code    12  stm32f4xx_hal.o(i.HAL_IncTick)
    HAL_Init                                 0x080010b5   Thumb Code    48  stm32f4xx_hal.o(i.HAL_Init)
    HAL_InitTick                             0x080010e9   Thumb Code    54  stm32f4xx_hal.o(i.HAL_InitTick)
    HAL_MspInit                              0x08001129   Thumb Code    48  stm32f4xx_hal_msp.o(i.HAL_MspInit)
    HAL_NVIC_EnableIRQ                       0x0800115d   Thumb Code    26  stm32f4xx_hal_cortex.o(i.HAL_NVIC_EnableIRQ)
    HAL_NVIC_SetPriority                     0x08001179   Thumb Code    60  stm32f4xx_hal_cortex.o(i.HAL_NVIC_SetPriority)
    HAL_NVIC_SetPriorityGrouping             0x080011b9   Thumb Code    26  stm32f4xx_hal_cortex.o(i.HAL_NVIC_SetPriorityGrouping)
    HAL_RCC_ClockConfig                      0x080011dd   Thumb Code   288  stm32f4xx_hal_rcc.o(i.HAL_RCC_ClockConfig)
    HAL_RCC_GetPCLK1Freq                     0x08001311   Thumb Code    20  stm32f4xx_hal_rcc.o(i.HAL_RCC_GetPCLK1Freq)
    HAL_RCC_GetPCLK2Freq                     0x08001331   Thumb Code    20  stm32f4xx_hal_rcc.o(i.HAL_RCC_GetPCLK2Freq)
    HAL_RCC_GetSysClockFreq                  0x08001351   Thumb Code    88  stm32f4xx_hal_rcc.o(i.HAL_RCC_GetSysClockFreq)
    HAL_RCC_OscConfig                        0x080013b1   Thumb Code   856  stm32f4xx_hal_rcc.o(i.HAL_RCC_OscConfig)
    HAL_SYSTICK_Config                       0x0800171d   Thumb Code    40  stm32f4xx_hal_cortex.o(i.HAL_SYSTICK_Config)
    HAL_TIMEx_MasterConfigSynchronization    0x08001745   Thumb Code   116  stm32f4xx_hal_tim_ex.o(i.HAL_TIMEx_MasterConfigSynchronization)
    HAL_TIM_Base_Init                        0x080017d5   Thumb Code    90  stm32f4xx_hal_tim.o(i.HAL_TIM_Base_Init)
    HAL_TIM_Base_MspInit                     0x08001831   Thumb Code    30  tim.o(i.HAL_TIM_Base_MspInit)
    HAL_TIM_Base_Start                       0x08001859   Thumb Code    90  stm32f4xx_hal_tim.o(i.HAL_TIM_Base_Start)
    HAL_TIM_ConfigClockSource                0x080018d1   Thumb Code   220  stm32f4xx_hal_tim.o(i.HAL_TIM_ConfigClockSource)
    HAL_UARTEx_RxEventCallback               0x080019ad   Thumb Code     2  stm32f4xx_hal_uart.o(i.HAL_UARTEx_RxEventCallback)
    HAL_UART_ErrorCallback                   0x080019af   Thumb Code     2  stm32f4xx_hal_uart.o(i.HAL_UART_ErrorCallback)
    HAL_UART_IRQHandler                      0x080019b1   Thumb Code   618  stm32f4xx_hal_uart.o(i.HAL_UART_IRQHandler)
    HAL_UART_Init                            0x08001c21   Thumb Code   100  stm32f4xx_hal_uart.o(i.HAL_UART_Init)
    HAL_UART_MspInit                         0x08001c85   Thumb Code   108  usart.o(i.HAL_UART_MspInit)
    HAL_UART_Receive_IT                      0x08001cfd   Thumb Code    28  stm32f4xx_hal_uart.o(i.HAL_UART_Receive_IT)
    HAL_UART_RxCpltCallback                  0x08001d19   Thumb Code    32  main.o(i.HAL_UART_RxCpltCallback)
    HAL_UART_TxCpltCallback                  0x08001d49   Thumb Code     2  stm32f4xx_hal_uart.o(i.HAL_UART_TxCpltCallback)
    HardFault_Handler                        0x08001d4b   Thumb Code     2  stm32f4xx_it.o(i.HardFault_Handler)
    MX_DAC_Init                              0x08001d4d   Thumb Code    52  dac.o(i.MX_DAC_Init)
    MX_DMA_Init                              0x08001d89   Thumb Code    40  dma.o(i.MX_DMA_Init)
    MX_GPIO_Init                             0x08001db5   Thumb Code   126  gpio.o(i.MX_GPIO_Init)
    MX_TIM4_Init                             0x08001e3d   Thumb Code    96  tim.o(i.MX_TIM4_Init)
    MX_USART6_UART_Init                      0x08001ea5   Thumb Code    48  usart.o(i.MX_USART6_UART_Init)
    MemManage_Handler                        0x08001edd   Thumb Code     2  stm32f4xx_it.o(i.MemManage_Handler)
    NMI_Handler                              0x08001edf   Thumb Code     2  stm32f4xx_it.o(i.NMI_Handler)
    PendSV_Handler                           0x08001ee1   Thumb Code     2  stm32f4xx_it.o(i.PendSV_Handler)
    SVC_Handler                              0x08001ee3   Thumb Code     2  stm32f4xx_it.o(i.SVC_Handler)
    Start_DAC_DMA                            0x08001ee5   Thumb Code    72  dac_change.o(i.Start_DAC_DMA)
    Stop_DAC_DMA                             0x08001f3d   Thumb Code     8  dac_change.o(i.Stop_DAC_DMA)
    SysTick_Handler                          0x08001f49   Thumb Code     4  stm32f4xx_it.o(i.SysTick_Handler)
    SystemClock_Config                       0x08001f4d   Thumb Code   138  main.o(i.SystemClock_Config)
    SystemInit                               0x08001fe1   Thumb Code    12  system_stm32f4xx.o(i.SystemInit)
    TIM_Base_SetConfig                       0x08001ff1   Thumb Code   170  stm32f4xx_hal_tim.o(i.TIM_Base_SetConfig)
    TIM_ETR_SetConfig                        0x080020c9   Thumb Code    20  stm32f4xx_hal_tim.o(i.TIM_ETR_SetConfig)
    UART_Start_Receive_IT                    0x08002361   Thumb Code    54  stm32f4xx_hal_uart.o(i.UART_Start_Receive_IT)
    USART6_IRQHandler                        0x08002399   Thumb Code     6  stm32f4xx_it.o(i.USART6_IRQHandler)
    UsageFault_Handler                       0x080023a5   Thumb Code     2  stm32f4xx_it.o(i.UsageFault_Handler)
    Usart_Correct_Wave                       0x080023a7   Thumb Code    36  main.o(i.Usart_Correct_Wave)
    Wave_data_Init                           0x080023cb   Thumb Code    22  dac_change.o(i.Wave_data_Init)
    __ARM_fpclassify                         0x080023e1   Thumb Code    48  fpclassify.o(i.__ARM_fpclassify)
    __hardfp_sin                             0x08002431   Thumb Code   180  sin.o(i.__hardfp_sin)
    __ieee754_rem_pio2                       0x080024f9   Thumb Code   938  rred.o(i.__ieee754_rem_pio2)
    __kernel_cos                             0x08002931   Thumb Code   322  cos_i.o(i.__kernel_cos)
    __kernel_poly                            0x08002aa1   Thumb Code   248  poly.o(i.__kernel_poly)
    __kernel_sin                             0x08002b99   Thumb Code   280  sin_i.o(i.__kernel_sin)
    __mathlib_dbl_infnan                     0x08002cc9   Thumb Code    20  dunder.o(i.__mathlib_dbl_infnan)
    __mathlib_dbl_invalid                    0x08002ce1   Thumb Code    24  dunder.o(i.__mathlib_dbl_invalid)
    __mathlib_dbl_underflow                  0x08002d01   Thumb Code    24  dunder.o(i.__mathlib_dbl_underflow)
    fabs                                     0x08002d21   Thumb Code    24  fabs.o(i.fabs)
    main                                     0x08002d39   Thumb Code    86  main.o(i.main)
    __aeabi_dneg                             0x08002da1   Thumb Code     0  basic.o(x$fpl$basic)
    _dneg                                    0x08002da1   Thumb Code     6  basic.o(x$fpl$basic)
    __aeabi_fneg                             0x08002da7   Thumb Code     0  basic.o(x$fpl$basic)
    _fneg                                    0x08002da7   Thumb Code     6  basic.o(x$fpl$basic)
    _dabs                                    0x08002dad   Thumb Code     6  basic.o(x$fpl$basic)
    _fabs                                    0x08002db3   Thumb Code     6  basic.o(x$fpl$basic)
    __aeabi_dadd                             0x08002db9   Thumb Code     0  daddsub_clz.o(x$fpl$dadd)
    _dadd                                    0x08002db9   Thumb Code   332  daddsub_clz.o(x$fpl$dadd)
    __aeabi_ddiv                             0x08002f09   Thumb Code     0  ddiv.o(x$fpl$ddiv)
    _ddiv                                    0x08002f09   Thumb Code   552  ddiv.o(x$fpl$ddiv)
    __aeabi_d2iz                             0x080031b9   Thumb Code     0  dfix.o(x$fpl$dfix)
    _dfix                                    0x080031b9   Thumb Code    94  dfix.o(x$fpl$dfix)
    __aeabi_d2uiz                            0x08003219   Thumb Code     0  dfixu.o(x$fpl$dfixu)
    _dfixu                                   0x08003219   Thumb Code    90  dfixu.o(x$fpl$dfixu)
    __aeabi_i2d                              0x08003273   Thumb Code     0  dflt_clz.o(x$fpl$dflt)
    _dflt                                    0x08003273   Thumb Code    46  dflt_clz.o(x$fpl$dflt)
    __aeabi_ui2d                             0x080032a1   Thumb Code     0  dflt_clz.o(x$fpl$dfltu)
    _dfltu                                   0x080032a1   Thumb Code    38  dflt_clz.o(x$fpl$dfltu)
    __aeabi_dmul                             0x080032c9   Thumb Code     0  dmul.o(x$fpl$dmul)
    _dmul                                    0x080032c9   Thumb Code   332  dmul.o(x$fpl$dmul)
    __fpl_dnaninf                            0x0800341d   Thumb Code   156  dnaninf.o(x$fpl$dnaninf)
    __fpl_dretinf                            0x080034b9   Thumb Code    12  dretinf.o(x$fpl$dretinf)
    __aeabi_drsub                            0x080034c5   Thumb Code     0  daddsub_clz.o(x$fpl$drsb)
    _drsb                                    0x080034c5   Thumb Code    22  daddsub_clz.o(x$fpl$drsb)
    __aeabi_dsub                             0x080034dd   Thumb Code     0  daddsub_clz.o(x$fpl$dsub)
    _dsub                                    0x080034dd   Thumb Code   464  daddsub_clz.o(x$fpl$dsub)
    __aeabi_f2d                              0x080036b1   Thumb Code     0  f2d.o(x$fpl$f2d)
    _f2d                                     0x080036b1   Thumb Code    86  f2d.o(x$fpl$f2d)
    __fpl_fnaninf                            0x08003707   Thumb Code   140  fnaninf.o(x$fpl$fnaninf)
    _fp_init                                 0x08003793   Thumb Code    10  fpinit.o(x$fpl$fpinit)
    __fplib_config_fpu_vfp                   0x0800379b   Thumb Code     0  fpinit.o(x$fpl$fpinit)
    __fplib_config_pureend_doubles           0x0800379b   Thumb Code     0  fpinit.o(x$fpl$fpinit)
    __I$use$fp                               0x0800379c   Number         0  usenofp.o(x$fpl$usenofp)
    AHBPrescTable                            0x080037a4   Data          16  system_stm32f4xx.o(.constdata)
    APBPrescTable                            0x080037b4   Data           8  system_stm32f4xx.o(.constdata)
    Region$$Table$$Base                      0x080038e0   Number         0  anon$$obj.o(Region$$Table)
    Region$$Table$$Limit                     0x08003900   Number         0  anon$$obj.o(Region$$Table)
    uwTickFreq                               0x20000000   Data           1  stm32f4xx_hal.o(.data)
    uwTickPrio                               0x20000004   Data           4  stm32f4xx_hal.o(.data)
    uwTick                                   0x20000008   Data           4  stm32f4xx_hal.o(.data)
    SystemCoreClock                          0x2000000c   Data           4  system_stm32f4xx.o(.data)
    State_CD4053                             0x20000010   Data           1  cd4053.o(.data)
    Correct_Commond                          0x20000011   Data           1  main.o(.data)
    UART_Wave_State                          0x20000012   Data           1  main.o(.data)
    Normal_Wave                              0x20000014   Data         160  dac_change.o(.bss)
    Top_Distort                              0x200000b4   Data         160  dac_change.o(.bss)
    Bottom_Distort                           0x20000154   Data         160  dac_change.o(.bss)
    Bi_Distort                               0x200001f4   Data         160  dac_change.o(.bss)
    Buffer_UART                              0x20000294   Data           9  main.o(.bss)
    hdac                                     0x200002a0   Data          20  dac.o(.bss)
    hdma_dac1                                0x200002b4   Data          96  dac.o(.bss)
    htim4                                    0x20000314   Data          72  tim.o(.bss)
    huart6                                   0x2000035c   Data          72  usart.o(.bss)
    __libspace_start                         0x200003a4   Data          96  libspace.o(.bss)
    __temporary_stack_top$libspace           0x20000404   Data           0  libspace.o(.bss)



==============================================================================

Memory Map of the image

  Image Entry point : 0x08000189

  Load Region LR_IROM1 (Base: 0x08000000, Size: 0x00003914, Max: 0x00080000, ABSOLUTE)

    Execution Region ER_IROM1 (Base: 0x08000000, Size: 0x00003900, Max: 0x00080000, ABSOLUTE)

    Base Addr    Size         Type   Attr      Idx    E Section Name        Object

    0x08000000   0x00000188   Data   RO            3    RESET               startup_stm32f407xx.o
    0x08000188   0x00000008   Code   RO         3418  * !!!main             c_w.l(__main.o)
    0x08000190   0x00000034   Code   RO         3679    !!!scatter          c_w.l(__scatter.o)
    0x080001c4   0x0000001a   Code   RO         3681    !!handler_copy      c_w.l(__scatter_copy.o)
    0x080001de   0x00000002   PAD
    0x080001e0   0x0000001c   Code   RO         3683    !!handler_zi        c_w.l(__scatter_zi.o)
    0x080001fc   0x00000002   Code   RO         3552    .ARM.Collect$$libinit$$00000000  c_w.l(libinit.o)
    0x080001fe   0x00000004   Code   RO         3561    .ARM.Collect$$libinit$$00000001  c_w.l(libinit2.o)
    0x08000202   0x00000000   Code   RO         3564    .ARM.Collect$$libinit$$00000004  c_w.l(libinit2.o)
    0x08000202   0x00000000   Code   RO         3567    .ARM.Collect$$libinit$$0000000A  c_w.l(libinit2.o)
    0x08000202   0x00000000   Code   RO         3569    .ARM.Collect$$libinit$$0000000C  c_w.l(libinit2.o)
    0x08000202   0x00000000   Code   RO         3571    .ARM.Collect$$libinit$$0000000E  c_w.l(libinit2.o)
    0x08000202   0x00000000   Code   RO         3574    .ARM.Collect$$libinit$$00000011  c_w.l(libinit2.o)
    0x08000202   0x00000000   Code   RO         3576    .ARM.Collect$$libinit$$00000013  c_w.l(libinit2.o)
    0x08000202   0x00000000   Code   RO         3578    .ARM.Collect$$libinit$$00000015  c_w.l(libinit2.o)
    0x08000202   0x00000000   Code   RO         3580    .ARM.Collect$$libinit$$00000017  c_w.l(libinit2.o)
    0x08000202   0x00000000   Code   RO         3582    .ARM.Collect$$libinit$$00000019  c_w.l(libinit2.o)
    0x08000202   0x00000000   Code   RO         3584    .ARM.Collect$$libinit$$0000001B  c_w.l(libinit2.o)
    0x08000202   0x00000000   Code   RO         3586    .ARM.Collect$$libinit$$0000001D  c_w.l(libinit2.o)
    0x08000202   0x00000000   Code   RO         3588    .ARM.Collect$$libinit$$0000001F  c_w.l(libinit2.o)
    0x08000202   0x00000000   Code   RO         3590    .ARM.Collect$$libinit$$00000021  c_w.l(libinit2.o)
    0x08000202   0x00000000   Code   RO         3592    .ARM.Collect$$libinit$$00000023  c_w.l(libinit2.o)
    0x08000202   0x00000000   Code   RO         3594    .ARM.Collect$$libinit$$00000025  c_w.l(libinit2.o)
    0x08000202   0x00000000   Code   RO         3598    .ARM.Collect$$libinit$$0000002C  c_w.l(libinit2.o)
    0x08000202   0x00000000   Code   RO         3600    .ARM.Collect$$libinit$$0000002E  c_w.l(libinit2.o)
    0x08000202   0x00000000   Code   RO         3602    .ARM.Collect$$libinit$$00000030  c_w.l(libinit2.o)
    0x08000202   0x00000000   Code   RO         3604    .ARM.Collect$$libinit$$00000032  c_w.l(libinit2.o)
    0x08000202   0x00000002   Code   RO         3605    .ARM.Collect$$libinit$$00000033  c_w.l(libinit2.o)
    0x08000204   0x00000002   Code   RO         3636    .ARM.Collect$$libshutdown$$00000000  c_w.l(libshutdown.o)
    0x08000206   0x00000000   Code   RO         3662    .ARM.Collect$$libshutdown$$00000002  c_w.l(libshutdown2.o)
    0x08000206   0x00000000   Code   RO         3664    .ARM.Collect$$libshutdown$$00000004  c_w.l(libshutdown2.o)
    0x08000206   0x00000000   Code   RO         3667    .ARM.Collect$$libshutdown$$00000007  c_w.l(libshutdown2.o)
    0x08000206   0x00000000   Code   RO         3670    .ARM.Collect$$libshutdown$$0000000A  c_w.l(libshutdown2.o)
    0x08000206   0x00000000   Code   RO         3672    .ARM.Collect$$libshutdown$$0000000C  c_w.l(libshutdown2.o)
    0x08000206   0x00000000   Code   RO         3675    .ARM.Collect$$libshutdown$$0000000F  c_w.l(libshutdown2.o)
    0x08000206   0x00000002   Code   RO         3676    .ARM.Collect$$libshutdown$$00000010  c_w.l(libshutdown2.o)
    0x08000208   0x00000000   Code   RO         3456    .ARM.Collect$$rtentry$$00000000  c_w.l(__rtentry.o)
    0x08000208   0x00000000   Code   RO         3501    .ARM.Collect$$rtentry$$00000002  c_w.l(__rtentry2.o)
    0x08000208   0x00000006   Code   RO         3513    .ARM.Collect$$rtentry$$00000004  c_w.l(__rtentry4.o)
    0x0800020e   0x00000000   Code   RO         3503    .ARM.Collect$$rtentry$$00000009  c_w.l(__rtentry2.o)
    0x0800020e   0x00000004   Code   RO         3504    .ARM.Collect$$rtentry$$0000000A  c_w.l(__rtentry2.o)
    0x08000212   0x00000000   Code   RO         3506    .ARM.Collect$$rtentry$$0000000C  c_w.l(__rtentry2.o)
    0x08000212   0x00000008   Code   RO         3507    .ARM.Collect$$rtentry$$0000000D  c_w.l(__rtentry2.o)
    0x0800021a   0x00000002   Code   RO         3553    .ARM.Collect$$rtexit$$00000000  c_w.l(rtexit.o)
    0x0800021c   0x00000000   Code   RO         3609    .ARM.Collect$$rtexit$$00000002  c_w.l(rtexit2.o)
    0x0800021c   0x00000004   Code   RO         3610    .ARM.Collect$$rtexit$$00000003  c_w.l(rtexit2.o)
    0x08000220   0x00000006   Code   RO         3611    .ARM.Collect$$rtexit$$00000004  c_w.l(rtexit2.o)
    0x08000226   0x00000002   PAD
    0x08000228   0x00000040   Code   RO            4    .text               startup_stm32f407xx.o
    0x08000268   0x000000ee   Code   RO         3412    .text               c_w.l(lludivv7m.o)
    0x08000356   0x0000004e   Code   RO         3414    .text               c_w.l(rt_memclr_w.o)
    0x080003a4   0x00000006   Code   RO         3416    .text               c_w.l(heapauxi.o)
    0x080003aa   0x00000016   Code   RO         3461    .text               c_w.l(_rserrno.o)
    0x080003c0   0x00000008   Code   RO         3520    .text               c_w.l(rt_errno_addr_intlibspace.o)
    0x080003c8   0x00000008   Code   RO         3536    .text               c_w.l(libspace.o)
    0x080003d0   0x0000004a   Code   RO         3539    .text               c_w.l(sys_stackheap_outer.o)
    0x0800041a   0x00000012   Code   RO         3541    .text               c_w.l(exit.o)
    0x0800042c   0x0000000c   Code   RO         3606    .text               c_w.l(sys_exit.o)
    0x08000438   0x00000002   Code   RO         3625    .text               c_w.l(use_no_semi.o)
    0x0800043a   0x00000000   Code   RO         3627    .text               c_w.l(indicate_semi.o)
    0x0800043a   0x00000002   Code   RO         3301    i.BusFault_Handler  stm32f4xx_it.o
    0x0800043c   0x00000022   Code   RO         2913    i.CorrectWave       cd4053.o
    0x0800045e   0x00000012   Code   RO         2979    i.Correct_DAC_Wave  dac_change.o
    0x08000470   0x0000000c   Code   RO         2914    i.Correct_Now_Wave_State  cd4053.o
    0x0800047c   0x0000002c   Code   RO         2915    i.Correct_To_Bi_Distortion  cd4053.o
    0x080004a8   0x0000002c   Code   RO         2916    i.Correct_To_Bottom_Distortion  cd4053.o
    0x080004d4   0x0000002c   Code   RO         2917    i.Correct_To_Normal_Waveform  cd4053.o
    0x08000500   0x0000002c   Code   RO         2918    i.Correct_To_Top_Distortion  cd4053.o
    0x0800052c   0x00000010   Code   RO           13    i.DAC_DMAConvCpltCh1  stm32f4xx_hal_dac.o
    0x0800053c   0x00000010   Code   RO          257    i.DAC_DMAConvCpltCh2  stm32f4xx_hal_dac_ex.o
    0x0800054c   0x00000018   Code   RO           14    i.DAC_DMAErrorCh1   stm32f4xx_hal_dac.o
    0x08000564   0x00000018   Code   RO          258    i.DAC_DMAErrorCh2   stm32f4xx_hal_dac_ex.o
    0x0800057c   0x0000000a   Code   RO           15    i.DAC_DMAHalfConvCpltCh1  stm32f4xx_hal_dac.o
    0x08000586   0x0000000a   Code   RO          259    i.DAC_DMAHalfConvCpltCh2  stm32f4xx_hal_dac_ex.o
    0x08000590   0x0000000c   Code   RO         3302    i.DMA1_Stream5_IRQHandler  stm32f4xx_it.o
    0x0800059c   0x00000028   Code   RO          812    i.DMA_CalcBaseAndBitshift  stm32f4xx_hal_dma.o
    0x080005c4   0x00000054   Code   RO          813    i.DMA_CheckFifoParam  stm32f4xx_hal_dma.o
    0x08000618   0x00000028   Code   RO          814    i.DMA_SetConfig     stm32f4xx_hal_dma.o
    0x08000640   0x00000002   Code   RO         3303    i.DebugMon_Handler  stm32f4xx_it.o
    0x08000642   0x00000004   Code   RO         3060    i.Error_Handler     main.o
    0x08000646   0x00000002   PAD
    0x08000648   0x0000009c   Code   RO         2980    i.Generate_Bi_Distort  dac_change.o
    0x080006e4   0x000000ac   Code   RO         2981    i.Generate_Bottom_Distort  dac_change.o
    0x08000790   0x00000074   Code   RO         2982    i.Generate_Normal_Wave  dac_change.o
    0x08000804   0x0000009c   Code   RO         2983    i.Generate_Top_Distort  dac_change.o
    0x080008a0   0x0000000c   Code   RO         2919    i.Get_Now_Wave_State  cd4053.o
    0x080008ac   0x00000002   Code   RO          260    i.HAL_DACEx_ConvCpltCallbackCh2  stm32f4xx_hal_dac_ex.o
    0x080008ae   0x00000002   Code   RO          261    i.HAL_DACEx_ConvHalfCpltCallbackCh2  stm32f4xx_hal_dac_ex.o
    0x080008b0   0x00000002   Code   RO          267    i.HAL_DACEx_ErrorCallbackCh2  stm32f4xx_hal_dac_ex.o
    0x080008b2   0x0000004e   Code   RO           16    i.HAL_DAC_ConfigChannel  stm32f4xx_hal_dac.o
    0x08000900   0x00000002   Code   RO           17    i.HAL_DAC_ConvCpltCallbackCh1  stm32f4xx_hal_dac.o
    0x08000902   0x00000002   Code   RO           18    i.HAL_DAC_ConvHalfCpltCallbackCh1  stm32f4xx_hal_dac.o
    0x08000904   0x00000002   Code   RO           21    i.HAL_DAC_ErrorCallbackCh1  stm32f4xx_hal_dac.o
    0x08000906   0x00000028   Code   RO           26    i.HAL_DAC_Init      stm32f4xx_hal_dac.o
    0x0800092e   0x00000002   PAD
    0x08000930   0x000000a0   Code   RO         3152    i.HAL_DAC_MspInit   dac.o
    0x080009d0   0x000000e0   Code   RO           31    i.HAL_DAC_Start_DMA  stm32f4xx_hal_dac.o
    0x08000ab0   0x00000052   Code   RO           33    i.HAL_DAC_Stop_DMA  stm32f4xx_hal_dac.o
    0x08000b02   0x00000092   Code   RO          815    i.HAL_DMA_Abort     stm32f4xx_hal_dma.o
    0x08000b94   0x00000024   Code   RO          816    i.HAL_DMA_Abort_IT  stm32f4xx_hal_dma.o
    0x08000bb8   0x000001a0   Code   RO          820    i.HAL_DMA_IRQHandler  stm32f4xx_hal_dma.o
    0x08000d58   0x000000d4   Code   RO          821    i.HAL_DMA_Init      stm32f4xx_hal_dma.o
    0x08000e2c   0x0000006e   Code   RO          825    i.HAL_DMA_Start_IT  stm32f4xx_hal_dma.o
    0x08000e9a   0x00000002   PAD
    0x08000e9c   0x000001f0   Code   RO          708    i.HAL_GPIO_Init     stm32f4xx_hal_gpio.o
    0x0800108c   0x0000000a   Code   RO          712    i.HAL_GPIO_WritePin  stm32f4xx_hal_gpio.o
    0x08001096   0x00000002   PAD
    0x08001098   0x0000000c   Code   RO         1258    i.HAL_GetTick       stm32f4xx_hal.o
    0x080010a4   0x00000010   Code   RO         1264    i.HAL_IncTick       stm32f4xx_hal.o
    0x080010b4   0x00000034   Code   RO         1265    i.HAL_Init          stm32f4xx_hal.o
    0x080010e8   0x00000040   Code   RO         1266    i.HAL_InitTick      stm32f4xx_hal.o
    0x08001128   0x00000034   Code   RO         3389    i.HAL_MspInit       stm32f4xx_hal_msp.o
    0x0800115c   0x0000001a   Code   RO         1100    i.HAL_NVIC_EnableIRQ  stm32f4xx_hal_cortex.o
    0x08001176   0x00000002   PAD
    0x08001178   0x00000040   Code   RO         1106    i.HAL_NVIC_SetPriority  stm32f4xx_hal_cortex.o
    0x080011b8   0x00000024   Code   RO         1107    i.HAL_NVIC_SetPriorityGrouping  stm32f4xx_hal_cortex.o
    0x080011dc   0x00000134   Code   RO          354    i.HAL_RCC_ClockConfig  stm32f4xx_hal_rcc.o
    0x08001310   0x00000020   Code   RO          361    i.HAL_RCC_GetPCLK1Freq  stm32f4xx_hal_rcc.o
    0x08001330   0x00000020   Code   RO          362    i.HAL_RCC_GetPCLK2Freq  stm32f4xx_hal_rcc.o
    0x08001350   0x00000060   Code   RO          363    i.HAL_RCC_GetSysClockFreq  stm32f4xx_hal_rcc.o
    0x080013b0   0x0000036c   Code   RO          366    i.HAL_RCC_OscConfig  stm32f4xx_hal_rcc.o
    0x0800171c   0x00000028   Code   RO         1111    i.HAL_SYSTICK_Config  stm32f4xx_hal_cortex.o
    0x08001744   0x00000090   Code   RO         2228    i.HAL_TIMEx_MasterConfigSynchronization  stm32f4xx_hal_tim_ex.o
    0x080017d4   0x0000005a   Code   RO         1505    i.HAL_TIM_Base_Init  stm32f4xx_hal_tim.o
    0x0800182e   0x00000002   PAD
    0x08001830   0x00000028   Code   RO         3218    i.HAL_TIM_Base_MspInit  tim.o
    0x08001858   0x00000078   Code   RO         1508    i.HAL_TIM_Base_Start  stm32f4xx_hal_tim.o
    0x080018d0   0x000000dc   Code   RO         1514    i.HAL_TIM_ConfigClockSource  stm32f4xx_hal_tim.o
    0x080019ac   0x00000002   Code   RO         2488    i.HAL_UARTEx_RxEventCallback  stm32f4xx_hal_uart.o
    0x080019ae   0x00000002   Code   RO         2502    i.HAL_UART_ErrorCallback  stm32f4xx_hal_uart.o
    0x080019b0   0x00000270   Code   RO         2505    i.HAL_UART_IRQHandler  stm32f4xx_hal_uart.o
    0x08001c20   0x00000064   Code   RO         2506    i.HAL_UART_Init     stm32f4xx_hal_uart.o
    0x08001c84   0x00000078   Code   RO         3260    i.HAL_UART_MspInit  usart.o
    0x08001cfc   0x0000001c   Code   RO         2511    i.HAL_UART_Receive_IT  stm32f4xx_hal_uart.o
    0x08001d18   0x00000030   Code   RO         3061    i.HAL_UART_RxCpltCallback  main.o
    0x08001d48   0x00000002   Code   RO         2517    i.HAL_UART_TxCpltCallback  stm32f4xx_hal_uart.o
    0x08001d4a   0x00000002   Code   RO         3304    i.HardFault_Handler  stm32f4xx_it.o
    0x08001d4c   0x0000003c   Code   RO         3153    i.MX_DAC_Init       dac.o
    0x08001d88   0x0000002c   Code   RO         3193    i.MX_DMA_Init       dma.o
    0x08001db4   0x00000088   Code   RO         3127    i.MX_GPIO_Init      gpio.o
    0x08001e3c   0x00000068   Code   RO         3219    i.MX_TIM4_Init      tim.o
    0x08001ea4   0x00000038   Code   RO         3261    i.MX_USART6_UART_Init  usart.o
    0x08001edc   0x00000002   Code   RO         3305    i.MemManage_Handler  stm32f4xx_it.o
    0x08001ede   0x00000002   Code   RO         3306    i.NMI_Handler       stm32f4xx_it.o
    0x08001ee0   0x00000002   Code   RO         3307    i.PendSV_Handler    stm32f4xx_it.o
    0x08001ee2   0x00000002   Code   RO         3308    i.SVC_Handler       stm32f4xx_it.o
    0x08001ee4   0x00000058   Code   RO         2984    i.Start_DAC_DMA     dac_change.o
    0x08001f3c   0x0000000c   Code   RO         2985    i.Stop_DAC_DMA      dac_change.o
    0x08001f48   0x00000004   Code   RO         3309    i.SysTick_Handler   stm32f4xx_it.o
    0x08001f4c   0x00000094   Code   RO         3062    i.SystemClock_Config  main.o
    0x08001fe0   0x00000010   Code   RO         2840    i.SystemInit        system_stm32f4xx.o
    0x08001ff0   0x000000d8   Code   RO         1598    i.TIM_Base_SetConfig  stm32f4xx_hal_tim.o
    0x080020c8   0x00000014   Code   RO         1609    i.TIM_ETR_SetConfig  stm32f4xx_hal_tim.o
    0x080020dc   0x00000010   Code   RO         1610    i.TIM_ITRx_SetConfig  stm32f4xx_hal_tim.o
    0x080020ec   0x00000022   Code   RO         1616    i.TIM_TI1_ConfigInputStage  stm32f4xx_hal_tim.o
    0x0800210e   0x00000024   Code   RO         1618    i.TIM_TI2_ConfigInputStage  stm32f4xx_hal_tim.o
    0x08002132   0x00000010   Code   RO         2519    i.UART_DMAAbortOnError  stm32f4xx_hal_uart.o
    0x08002142   0x0000004e   Code   RO         2529    i.UART_EndRxTransfer  stm32f4xx_hal_uart.o
    0x08002190   0x000000c2   Code   RO         2531    i.UART_Receive_IT   stm32f4xx_hal_uart.o
    0x08002252   0x00000002   PAD
    0x08002254   0x0000010c   Code   RO         2532    i.UART_SetConfig    stm32f4xx_hal_uart.o
    0x08002360   0x00000036   Code   RO         2534    i.UART_Start_Receive_IT  stm32f4xx_hal_uart.o
    0x08002396   0x00000002   PAD
    0x08002398   0x0000000c   Code   RO         3310    i.USART6_IRQHandler  stm32f4xx_it.o
    0x080023a4   0x00000002   Code   RO         3311    i.UsageFault_Handler  stm32f4xx_it.o
    0x080023a6   0x00000024   Code   RO         3063    i.Usart_Correct_Wave  main.o
    0x080023ca   0x00000016   Code   RO         2986    i.Wave_data_Init    dac_change.o
    0x080023e0   0x00000030   Code   RO         3532    i.__ARM_fpclassify  m_wm.l(fpclassify.o)
    0x08002410   0x00000020   Code   RO         1113    i.__NVIC_SetPriority  stm32f4xx_hal_cortex.o
    0x08002430   0x000000c8   Code   RO         3444    i.__hardfp_sin      m_wm.l(sin.o)
    0x080024f8   0x00000438   Code   RO         3489    i.__ieee754_rem_pio2  m_wm.l(rred.o)
    0x08002930   0x00000170   Code   RO         3472    i.__kernel_cos      m_wm.l(cos_i.o)
    0x08002aa0   0x000000f8   Code   RO         3534    i.__kernel_poly     m_wm.l(poly.o)
    0x08002b98   0x00000130   Code   RO         3494    i.__kernel_sin      m_wm.l(sin_i.o)
    0x08002cc8   0x00000014   Code   RO         3476    i.__mathlib_dbl_infnan  m_wm.l(dunder.o)
    0x08002cdc   0x00000004   PAD
    0x08002ce0   0x00000020   Code   RO         3478    i.__mathlib_dbl_invalid  m_wm.l(dunder.o)
    0x08002d00   0x00000020   Code   RO         3481    i.__mathlib_dbl_underflow  m_wm.l(dunder.o)
    0x08002d20   0x00000018   Code   RO         3528    i.fabs              m_wm.l(fabs.o)
    0x08002d38   0x00000068   Code   RO         3064    i.main              main.o
    0x08002da0   0x00000018   Code   RO         3463    x$fpl$basic         fz_wm.l(basic.o)
    0x08002db8   0x00000150   Code   RO         3420    x$fpl$dadd          fz_wm.l(daddsub_clz.o)
    0x08002f08   0x000002b0   Code   RO         3523    x$fpl$ddiv          fz_wm.l(ddiv.o)
    0x080031b8   0x0000005e   Code   RO         3426    x$fpl$dfix          fz_wm.l(dfix.o)
    0x08003216   0x00000002   PAD
    0x08003218   0x0000005a   Code   RO         3430    x$fpl$dfixu         fz_wm.l(dfixu.o)
    0x08003272   0x0000002e   Code   RO         3435    x$fpl$dflt          fz_wm.l(dflt_clz.o)
    0x080032a0   0x00000026   Code   RO         3434    x$fpl$dfltu         fz_wm.l(dflt_clz.o)
    0x080032c6   0x00000002   PAD
    0x080032c8   0x00000154   Code   RO         3440    x$fpl$dmul          fz_wm.l(dmul.o)
    0x0800341c   0x0000009c   Code   RO         3465    x$fpl$dnaninf       fz_wm.l(dnaninf.o)
    0x080034b8   0x0000000c   Code   RO         3467    x$fpl$dretinf       fz_wm.l(dretinf.o)
    0x080034c4   0x00000016   Code   RO         3421    x$fpl$drsb          fz_wm.l(daddsub_clz.o)
    0x080034da   0x00000002   PAD
    0x080034dc   0x000001d4   Code   RO         3422    x$fpl$dsub          fz_wm.l(daddsub_clz.o)
    0x080036b0   0x00000056   Code   RO         3442    x$fpl$f2d           fz_wm.l(f2d.o)
    0x08003706   0x0000008c   Code   RO         3469    x$fpl$fnaninf       fz_wm.l(fnaninf.o)
    0x08003792   0x0000000a   Code   RO         3621    x$fpl$fpinit        fz_wm.l(fpinit.o)
    0x0800379c   0x00000000   Code   RO         3471    x$fpl$usenofp       fz_wm.l(usenofp.o)
    0x0800379c   0x00000008   Data   RO          827    .constdata          stm32f4xx_hal_dma.o
    0x080037a4   0x00000010   Data   RO         2841    .constdata          system_stm32f4xx.o
    0x080037b4   0x00000008   Data   RO         2842    .constdata          system_stm32f4xx.o
    0x080037bc   0x00000004   PAD
    0x080037c0   0x00000030   Data   RO         3473    .constdata          m_wm.l(cos_i.o)
    0x080037f0   0x000000c8   Data   RO         3491    .constdata          m_wm.l(rred.o)
    0x080038b8   0x00000028   Data   RO         3495    .constdata          m_wm.l(sin_i.o)
    0x080038e0   0x00000020   Data   RO         3677    Region$$Table       anon$$obj.o


    Execution Region RW_IRAM1 (Base: 0x20000000, Size: 0x00000a08, Max: 0x0001c000, ABSOLUTE)

    Base Addr    Size         Type   Attr      Idx    E Section Name        Object

    0x20000000   0x0000000c   Data   RW         1272    .data               stm32f4xx_hal.o
    0x2000000c   0x00000004   Data   RW         2843    .data               system_stm32f4xx.o
    0x20000010   0x00000001   Data   RW         2920    .data               cd4053.o
    0x20000011   0x00000002   Data   RW         3066    .data               main.o
    0x20000013   0x00000001   PAD
    0x20000014   0x00000280   Zero   RW         2987    .bss                dac_change.o
    0x20000294   0x00000009   Zero   RW         3065    .bss                main.o
    0x2000029d   0x00000003   PAD
    0x200002a0   0x00000074   Zero   RW         3154    .bss                dac.o
    0x20000314   0x00000048   Zero   RW         3220    .bss                tim.o
    0x2000035c   0x00000048   Zero   RW         3262    .bss                usart.o
    0x200003a4   0x00000060   Zero   RW         3537    .bss                c_w.l(libspace.o)
    0x20000404   0x00000004   PAD
    0x20000408   0x00000200   Zero   RW            2    HEAP                startup_stm32f407xx.o
    0x20000608   0x00000400   Zero   RW            1    STACK               startup_stm32f407xx.o


    Execution Region RW_IRAM2 (Base: 0x2001c000, Size: 0x00000000, Max: 0x00004000, ABSOLUTE)

    **** No section assigned to this execution region ****


==============================================================================

Image component sizes


      Code (inc. data)   RO Data    RW Data    ZI Data      Debug   Object Name

       234         36          0          1          0       4364   cd4053.o
       220         28          0          0        116       1769   dac.o
       740         92          0          0        640       5933   dac_change.o
        44          4          0          0          0        786   dma.o
       136         10          0          0          0        967   gpio.o
       340         44          0          2          9       3663   main.o
        64         26        392          0       1536        848   startup_stm32f407xx.o
       144         24          0         12          0       8809   stm32f4xx_hal.o
       198         14          0          0          0      33867   stm32f4xx_hal_cortex.o
       480         24          0          0          0     701425   stm32f4xx_hal_dac.o
        56          0          0          0          0       3977   stm32f4xx_hal_dac_ex.o
      1084         16          8          0          0       7394   stm32f4xx_hal_dma.o
       506         46          0          0          0       2204   stm32f4xx_hal_gpio.o
        52          4          0          0          0        878   stm32f4xx_hal_msp.o
      1344         72          0          0          0       5268   stm32f4xx_hal_rcc.o
       752         76          0          0          0       7064   stm32f4xx_hal_tim.o
       144         28          0          0          0       1384   stm32f4xx_hal_tim_ex.o
      1368         16          0          0          0       9320   stm32f4xx_hal_uart.o
        44         12          0          0          0       5172   stm32f4xx_it.o
        16          4         24          4          0       1139   system_stm32f4xx.o
       144         18          0          0         72       1682   tim.o
       176         20          0          0         72       1742   usart.o

    ----------------------------------------------------------------------
      8302        614        460         20       2448     809655   Object Totals
         0          0         32          0          0          0   (incl. Generated)
        16          0          4          1          3          0   (incl. Padding)

    ----------------------------------------------------------------------

      Code (inc. data)   RO Data    RW Data    ZI Data      Debug   Library Member Name

         8          0          0          0          0         68   __main.o
         0          0          0          0          0          0   __rtentry.o
        12          0          0          0          0          0   __rtentry2.o
         6          0          0          0          0          0   __rtentry4.o
        52          8          0          0          0          0   __scatter.o
        26          0          0          0          0          0   __scatter_copy.o
        28          0          0          0          0          0   __scatter_zi.o
        22          0          0          0          0        100   _rserrno.o
        18          0          0          0          0         80   exit.o
         6          0          0          0          0        152   heapauxi.o
         0          0          0          0          0          0   indicate_semi.o
         2          0          0          0          0          0   libinit.o
         6          0          0          0          0          0   libinit2.o
         2          0          0          0          0          0   libshutdown.o
         2          0          0          0          0          0   libshutdown2.o
         8          4          0          0         96         68   libspace.o
       238          0          0          0          0        100   lludivv7m.o
         8          4          0          0          0         68   rt_errno_addr_intlibspace.o
        78          0          0          0          0         80   rt_memclr_w.o
         2          0          0          0          0          0   rtexit.o
        10          0          0          0          0          0   rtexit2.o
        12          4          0          0          0         68   sys_exit.o
        74          0          0          0          0         80   sys_stackheap_outer.o
         2          0          0          0          0         68   use_no_semi.o
        24          0          0          0          0        164   basic.o
       826         16          0          0          0        492   daddsub_clz.o
       688        140          0          0          0        256   ddiv.o
        94          4          0          0          0        140   dfix.o
        90          4          0          0          0        140   dfixu.o
        84          0          0          0          0        232   dflt_clz.o
       340         12          0          0          0        152   dmul.o
       156          4          0          0          0        140   dnaninf.o
        12          0          0          0          0        116   dretinf.o
        86          4          0          0          0        132   f2d.o
       140          4          0          0          0        132   fnaninf.o
        10          0          0          0          0        116   fpinit.o
         0          0          0          0          0          0   usenofp.o
       368         46         48          0          0        200   cos_i.o
        84         16          0          0          0        372   dunder.o
        24          0          0          0          0        124   fabs.o
        48          0          0          0          0        124   fpclassify.o
       248          0          0          0          0        152   poly.o
      1080        142        200          0          0        188   rred.o
       200         20          0          0          0        164   sin.o
       304         24         40          0          0        208   sin_i.o

    ----------------------------------------------------------------------
      5542        456        288          0        100       4676   Library Totals
        14          0          0          0          4          0   (incl. Padding)

    ----------------------------------------------------------------------

      Code (inc. data)   RO Data    RW Data    ZI Data      Debug   Library Name

       622         20          0          0         96        932   c_w.l
      2550        188          0          0          0       2212   fz_wm.l
      2356        248        288          0          0       1532   m_wm.l

    ----------------------------------------------------------------------
      5542        456        288          0        100       4676   Library Totals

    ----------------------------------------------------------------------

==============================================================================


      Code (inc. data)   RO Data    RW Data    ZI Data      Debug   

     13844       1070        748         20       2548     802267   Grand Totals
     13844       1070        748         20       2548     802267   ELF Image Totals
     13844       1070        748         20          0          0   ROM Totals

==============================================================================

    Total RO  Size (Code + RO Data)                14592 (  14.25kB)
    Total RW  Size (RW Data + ZI Data)              2568 (   2.51kB)
    Total ROM Size (Code + RO Data + RW Data)      14612 (  14.27kB)

==============================================================================

